2025-09-11 21:12:59,136 - INFO - [scripts.interpretation.logic.url_checker] - URL 유효성 검사를 위해 페이지로 이동합니다: https://www.law.go.kr/cgmExpcSc.do?menuId=11&subMenuId=729&tabMenuId=773
2025-09-11 21:13:00,573 - INFO - [scripts.interpretation.logic.url_checker] - URL 유효성 검증 성공: https://www.law.go.kr/cgmExpcSc.do?menuId=11&subMenuId=729&tabMenuId=773
2025-09-11 21:13:00,731 - INFO - [__main__] - 통합 스크레이퍼 실행...
2025-09-11 21:13:00,731 - INFO - [scripts.interpretation.logic.interpretation_scraper] - 스크레이핑 프로세스를 시작합니다.
2025-09-11 21:13:01,080 - INFO - [scripts.interpretation.logic.interpretation_scraper] - 시작 페이지로 이동합니다: https://www.law.go.kr/cgmExpcSc.do?menuId=11&subMenuId=729&tabMenuId=773
2025-09-11 21:13:02,453 - INFO - [scripts.interpretation.logic.interpretation_scraper] - 페이지 이동 완료.
2025-09-11 21:13:02,496 - INFO - [scripts.interpretation.logic.interpretation_scraper] - 초기 총 항목 텍스트: '155,146'
2025-09-11 21:13:02,496 - INFO - [scripts.interpretation.logic.interpretation_scraper] - 상세검색 패널을 엽니다.
2025-09-11 21:13:02,557 - INFO - [scripts.interpretation.logic.interpretation_scraper] - 부처 코드를 선택합니다: 350101
2025-09-11 21:13:02,568 - INFO - [scripts.interpretation.logic.interpretation_scraper] - 검색 버튼을 클릭하여 필터를 적용합니다.
2025-09-11 21:13:02,578 - INFO - [scripts.interpretation.logic.interpretation_scraper] - 필터 적용 후 페이지가 업데이트되기를 기다립니다...
2025-09-11 21:13:02,951 - INFO - [scripts.interpretation.logic.interpretation_scraper] - 필터 적용 완료.
2025-09-11 21:13:02,957 - INFO - [scripts.interpretation.logic.interpretation_scraper] - 총 9574개 항목, 192 페이지를 확인했습니다.
2025-09-11 21:13:02,957 - INFO - [scripts.interpretation.logic.interpretation_scraper] - --- 페이지 처리 시작: 1 / 192 ---
2025-09-11 21:13:02,967 - INFO - [scripts.interpretation.logic.interpretation_scraper] - 현재 페이지에서 50개의 클릭 가능한 항목을 찾았습니다.
2025-09-11 21:13:02,971 - INFO - [scripts.interpretation.logic.interpretation_scraper] -   - [1/50] 항목 처리 중: javascript:cgmExpcView('28212', '350101');return false;
2025-09-11 21:13:13,995 - INFO - [scripts.interpretation.logic.interpretation_scraper] -   - 저장 완료: 28212_06.1.1 이후 채용시 건강진단 비용의 산업안전보건관리비 사용가능 여부.jsonl
2025-09-11 21:13:15,397 - INFO - [scripts.interpretation.logic.interpretation_scraper] -   - [2/50] 항목 처리 중: javascript:cgmExpcView('314616', '350101');return false;
2025-09-11 21:13:27,446 - INFO - [scripts.interpretation.logic.interpretation_scraper] -   - 저장 완료: 314616_‘06.5.18자로 직업안정법 제21조 위반으로 등록취소된 사업자의 딸이 다른 장소에 유료.jsonl
2025-09-11 21:13:28,635 - INFO - [scripts.interpretation.logic.interpretation_scraper] -   - [3/50] 항목 처리 중: javascript:cgmExpcView('279490', '350101');return false;
2025-09-11 21:13:36,790 - INFO - [scripts.interpretation.logic.interpretation_scraper] -   - 저장 완료: 279490_100분의 80이상 이수후 취업자에 대한 훈련수당 지급여부.jsonl
2025-09-11 21:13:37,793 - INFO - [scripts.interpretation.logic.interpretation_scraper] -   - [4/50] 항목 처리 중: javascript:cgmExpcView('30332', '350101');return false;
2025-09-11 21:13:49,054 - INFO - [scripts.interpretation.logic.interpretation_scraper] -   - 저장 완료: 30332_100억원 이상 하도급 계약 안전관리자 선임.jsonl
2025-09-11 21:13:49,959 - INFO - [scripts.interpretation.logic.interpretation_scraper] -   - [5/50] 항목 처리 중: javascript:cgmExpcView('1968', '350101');return false;
2025-09-11 21:13:58,005 - INFO - [scripts.interpretation.logic.interpretation_scraper] -   - 저장 완료: 1968_10인 미만 사업장 취업규칙의 효력 등 관련 행정해석 변경.jsonl
2025-09-11 21:13:58,543 - INFO - [scripts.interpretation.logic.interpretation_scraper] -   - [6/50] 항목 처리 중: javascript:cgmExpcView('315444', '350101');return false;
2025-09-11 21:14:10,186 - INFO - [scripts.interpretation.logic.interpretation_scraper] -   - 저장 완료: 315444_10인 미만의 사업장에서 취업규칙을 불이익하게 변경하는 경우에도 근로자의 집단적 동의를 얻.jsonl
2025-09-11 21:14:11,677 - INFO - [scripts.interpretation.logic.interpretation_scraper] -   - [7/50] 항목 처리 중: javascript:cgmExpcView('12980', '350101');return false;
