2025-09-05 01:26:33,761 - ERROR - [scripts.case.logic.scraper] - 스크레이핑 중 에러 발생: [Errno 63] File name too long: '/Users/woong/Roeum/roeum-crawler/data/raw/case/1492000/특정경제범죄가중처벌등에관한법률위반(사기)·특정경제범죄가중처벌등에관한법률위반(횡령)·상법위반·공전자기록등불실기재·불실기재공전자기록등행사·국가기술자격법위반·건설산업기본법위반·위계공무집행방해·범죄수익은닉의규제및처벌등에관한법률위반·뇌물공여·사기·부정처사후수뢰·공전자기록등위작·위작공전자기록등행사·허위공문서작성·허위작성공문서행사·뇌물수수·제3자뇌물수수·특정범죄가중처벌등에관한법률위반(알선수재)·직권남용권리행사방해·부패방지및국민권익위원회의설치와운영에관한법률위반·공무상비밀누설·제3자뇌물취득 [대법원 2017도14104 선고 2023. 1. 12. 판결]_document.jsonl'
Traceback (most recent call last):
  File "/Users/woong/Roeum/roeum-crawler/scripts/case/logic/scraper.py", line 134, in scrape_and_save
    save_to_file(document_data, doc_filename)
  File "/Users/woong/Roeum/roeum-crawler/scripts/case/logic/scraper.py", line 156, in save_to_file
    with open(filename, 'w', encoding='utf-8') as f:
         ^^^^^^^^^^^^^^^^^^^^^^^^^^^^^^^^^^^^^
OSError: [Errno 63] File name too long: '/Users/woong/Roeum/roeum-crawler/data/raw/case/1492000/특정경제범죄가중처벌등에관한법률위반(사기)·특정경제범죄가중처벌등에관한법률위반(횡령)·상법위반·공전자기록등불실기재·불실기재공전자기록등행사·국가기술자격법위반·건설산업기본법위반·위계공무집행방해·범죄수익은닉의규제및처벌등에관한법률위반·뇌물공여·사기·부정처사후수뢰·공전자기록등위작·위작공전자기록등행사·허위공문서작성·허위작성공문서행사·뇌물수수·제3자뇌물수수·특정범죄가중처벌등에관한법률위반(알선수재)·직권남용권리행사방해·부패방지및국민권익위원회의설치와운영에관한법률위반·공무상비밀누설·제3자뇌물취득 [대법원 2017도14104 선고 2023. 1. 12. 판결]_document.jsonl'
2025-09-05 01:26:35,981 - ERROR - [scripts.case.logic.scraper] - 스크레이핑 중 에러 발생: [Errno 63] File name too long: '/Users/woong/Roeum/roeum-crawler/data/raw/case/1492000/특정경제범죄가중처벌등에관한법률위반(사기)·특정경제범죄가중처벌등에관한법률위반(횡령)·상법위반·공전자기록등불실기재·불실기재공전자기록등행사·국가기술자격법위반·건설산업기본법위반·위계공무집행방해·범죄수익은닉의규제및처벌등에관한법률위반·뇌물공여·사기·부정처사후수뢰·공전자기록등위작·위작공전자기록등행사·허위공문서작성·허위작성공문서행사·뇌물수수·제3자뇌물수수·특정범죄가중처벌등에관한법률위반(알선수재)·직권남용권리행사방해·부패방지및국민권익위원회의설치와운영에관한법률위반·공무상비밀누설·제3자뇌물취득 [대법원 2017도14104 선고 2023. 1. 12. 판결]_document.jsonl'
Traceback (most recent call last):
  File "/Users/woong/Roeum/roeum-crawler/scripts/case/logic/scraper.py", line 134, in scrape_and_save
    save_to_file(document_data, doc_filename)
  File "/Users/woong/Roeum/roeum-crawler/scripts/case/logic/scraper.py", line 156, in save_to_file
    with open(filename, 'w', encoding='utf-8') as f:
         ^^^^^^^^^^^^^^^^^^^^^^^^^^^^^^^^^^^^^
OSError: [Errno 63] File name too long: '/Users/woong/Roeum/roeum-crawler/data/raw/case/1492000/특정경제범죄가중처벌등에관한법률위반(사기)·특정경제범죄가중처벌등에관한법률위반(횡령)·상법위반·공전자기록등불실기재·불실기재공전자기록등행사·국가기술자격법위반·건설산업기본법위반·위계공무집행방해·범죄수익은닉의규제및처벌등에관한법률위반·뇌물공여·사기·부정처사후수뢰·공전자기록등위작·위작공전자기록등행사·허위공문서작성·허위작성공문서행사·뇌물수수·제3자뇌물수수·특정범죄가중처벌등에관한법률위반(알선수재)·직권남용권리행사방해·부패방지및국민권익위원회의설치와운영에관한법률위반·공무상비밀누설·제3자뇌물취득 [대법원 2017도14104 선고 2023. 1. 12. 판결]_document.jsonl'
2025-09-05 01:28:22,231 - ERROR - [scripts.case.logic.scraper] - 스크레이핑 중 에러 발생: [Errno 63] File name too long: '/Users/woong/Roeum/roeum-crawler/data/raw/case/1492000/특정경제범죄가중처벌등에관한법률위반(사기)·특정경제범죄가중처벌등에관한법률위반(횡령)·상법위반·공전자기록등불실기재·불실기재공전자기록등행사·국가기술자격법위반·건설산업기본법위반·위계공무집행방해·범죄수익은닉의규제및처벌등에관한법률위반·뇌물공여·사기·부정처사후수뢰·공전자기록등위작·위작공전자기록등행사·허위공문서작성·허위작성공문서행사·뇌물수수·제3자뇌물수수·특정범죄가중처벌등에관한법률위반(알선수재)·직권남용권리행사방해·부패방지및국민권익위원회의설치와운영에관한법률위반·공무상비밀누설·제3자뇌물취득 [대법원 2017도14104 선고 2023. 1. 12. 판결]_document.jsonl'
Traceback (most recent call last):
  File "/Users/woong/Roeum/roeum-crawler/scripts/case/logic/scraper.py", line 134, in scrape_and_save
    save_to_file(document_data, doc_filename)
  File "/Users/woong/Roeum/roeum-crawler/scripts/case/logic/scraper.py", line 156, in save_to_file
    with open(filename, 'w', encoding='utf-8') as f:
         ^^^^^^^^^^^^^^^^^^^^^^^^^^^^^^^^^^^^^
OSError: [Errno 63] File name too long: '/Users/woong/Roeum/roeum-crawler/data/raw/case/1492000/특정경제범죄가중처벌등에관한법률위반(사기)·특정경제범죄가중처벌등에관한법률위반(횡령)·상법위반·공전자기록등불실기재·불실기재공전자기록등행사·국가기술자격법위반·건설산업기본법위반·위계공무집행방해·범죄수익은닉의규제및처벌등에관한법률위반·뇌물공여·사기·부정처사후수뢰·공전자기록등위작·위작공전자기록등행사·허위공문서작성·허위작성공문서행사·뇌물수수·제3자뇌물수수·특정범죄가중처벌등에관한법률위반(알선수재)·직권남용권리행사방해·부패방지및국민권익위원회의설치와운영에관한법률위반·공무상비밀누설·제3자뇌물취득 [대법원 2017도14104 선고 2023. 1. 12. 판결]_document.jsonl'
2025-09-05 01:28:24,424 - ERROR - [scripts.case.logic.scraper] - 스크레이핑 중 에러 발생: [Errno 63] File name too long: '/Users/woong/Roeum/roeum-crawler/data/raw/case/1492000/특정경제범죄가중처벌등에관한법률위반(사기)·특정경제범죄가중처벌등에관한법률위반(횡령)·상법위반·공전자기록등불실기재·불실기재공전자기록등행사·국가기술자격법위반·건설산업기본법위반·위계공무집행방해·범죄수익은닉의규제및처벌등에관한법률위반·뇌물공여·사기·부정처사후수뢰·공전자기록등위작·위작공전자기록등행사·허위공문서작성·허위작성공문서행사·뇌물수수·제3자뇌물수수·특정범죄가중처벌등에관한법률위반(알선수재)·직권남용권리행사방해·부패방지및국민권익위원회의설치와운영에관한법률위반·공무상비밀누설·제3자뇌물취득 [대법원 2017도14104 선고 2023. 1. 12. 판결]_document.jsonl'
Traceback (most recent call last):
  File "/Users/woong/Roeum/roeum-crawler/scripts/case/logic/scraper.py", line 134, in scrape_and_save
    save_to_file(document_data, doc_filename)
  File "/Users/woong/Roeum/roeum-crawler/scripts/case/logic/scraper.py", line 156, in save_to_file
    with open(filename, 'w', encoding='utf-8') as f:
         ^^^^^^^^^^^^^^^^^^^^^^^^^^^^^^^^^^^^^
OSError: [Errno 63] File name too long: '/Users/woong/Roeum/roeum-crawler/data/raw/case/1492000/특정경제범죄가중처벌등에관한법률위반(사기)·특정경제범죄가중처벌등에관한법률위반(횡령)·상법위반·공전자기록등불실기재·불실기재공전자기록등행사·국가기술자격법위반·건설산업기본법위반·위계공무집행방해·범죄수익은닉의규제및처벌등에관한법률위반·뇌물공여·사기·부정처사후수뢰·공전자기록등위작·위작공전자기록등행사·허위공문서작성·허위작성공문서행사·뇌물수수·제3자뇌물수수·특정범죄가중처벌등에관한법률위반(알선수재)·직권남용권리행사방해·부패방지및국민권익위원회의설치와운영에관한법률위반·공무상비밀누설·제3자뇌물취득 [대법원 2017도14104 선고 2023. 1. 12. 판결]_document.jsonl'
