2025-09-19 22:26:02,617 - INFO - [scripts.adrule.logic.url_checker] - URL 유효성 검증 성공: https://www.law.go.kr/admRulAstSc.do?menuId=391&subMenuId=397&tabMenuId=441&cptOfiCd=1492000
2025-09-19 22:26:02,835 - INFO - [scripts.adrule.logic.list_scraper] - 스크레이핑을 시작합니다...
2025-09-19 22:26:03,223 - INFO - [scripts.adrule.logic.list_scraper] - 시작 페이지로 이동 중: https://www.law.go.kr/admRulAstSc.do?menuId=391&subMenuId=397&tabMenuId=441&cptOfiCd=1492000
2025-09-19 22:26:04,646 - INFO - [scripts.adrule.logic.list_scraper] - 총 9 페이지를 확인했습니다.
2025-09-19 22:26:04,647 - INFO - [scripts.adrule.logic.list_scraper] - --- 1 / 9 페이지 처리 중 ---
2025-09-19 22:26:04,914 - INFO - [scripts.adrule.logic.list_scraper] - 현재 페이지에서 50개의 링크를 찾았습니다.
2025-09-19 22:26:04,914 - INFO - [scripts.adrule.logic.list_scraper] - --- 2 / 9 페이지 처리 중 ---
2025-09-19 22:26:04,922 - INFO - [scripts.adrule.logic.list_scraper] - 2 페이지로 이동합니다...
2025-09-19 22:26:04,926 - INFO - [scripts.adrule.logic.list_scraper] - 페이지 내용이 갱신되기를 대기합니다...
2025-09-19 22:26:05,062 - INFO - [scripts.adrule.logic.list_scraper] - 페이지 내용 갱신 확인 및 로딩 완료.
2025-09-19 22:26:05,309 - INFO - [scripts.adrule.logic.list_scraper] - 현재 페이지에서 50개의 링크를 찾았습니다.
2025-09-19 22:26:05,309 - INFO - [scripts.adrule.logic.list_scraper] - --- 3 / 9 페이지 처리 중 ---
2025-09-19 22:26:05,311 - INFO - [scripts.adrule.logic.list_scraper] - 3 페이지로 이동합니다...
2025-09-19 22:26:05,315 - INFO - [scripts.adrule.logic.list_scraper] - 페이지 내용이 갱신되기를 대기합니다...
2025-09-19 22:26:05,685 - INFO - [scripts.adrule.logic.list_scraper] - 페이지 내용 갱신 확인 및 로딩 완료.
2025-09-19 22:26:05,960 - INFO - [scripts.adrule.logic.list_scraper] - 현재 페이지에서 50개의 링크를 찾았습니다.
2025-09-19 22:26:05,960 - INFO - [scripts.adrule.logic.list_scraper] - --- 4 / 9 페이지 처리 중 ---
2025-09-19 22:26:05,963 - INFO - [scripts.adrule.logic.list_scraper] - 4 페이지로 이동합니다...
2025-09-19 22:26:05,966 - INFO - [scripts.adrule.logic.list_scraper] - 페이지 내용이 갱신되기를 대기합니다...
2025-09-19 22:26:06,090 - INFO - [scripts.adrule.logic.list_scraper] - 페이지 내용 갱신 확인 및 로딩 완료.
2025-09-19 22:26:06,335 - INFO - [scripts.adrule.logic.list_scraper] - 현재 페이지에서 50개의 링크를 찾았습니다.
2025-09-19 22:26:06,335 - INFO - [scripts.adrule.logic.list_scraper] - --- 5 / 9 페이지 처리 중 ---
2025-09-19 22:26:06,339 - INFO - [scripts.adrule.logic.list_scraper] - 5 페이지로 이동합니다...
2025-09-19 22:26:06,342 - INFO - [scripts.adrule.logic.list_scraper] - 페이지 내용이 갱신되기를 대기합니다...
2025-09-19 22:26:06,475 - INFO - [scripts.adrule.logic.list_scraper] - 페이지 내용 갱신 확인 및 로딩 완료.
2025-09-19 22:26:06,721 - INFO - [scripts.adrule.logic.list_scraper] - 현재 페이지에서 50개의 링크를 찾았습니다.
2025-09-19 22:26:06,722 - INFO - [scripts.adrule.logic.list_scraper] - --- 6 / 9 페이지 처리 중 ---
2025-09-19 22:26:06,725 - INFO - [scripts.adrule.logic.list_scraper] - 6 페이지로 이동합니다...
2025-09-19 22:26:06,728 - INFO - [scripts.adrule.logic.list_scraper] - 페이지 내용이 갱신되기를 대기합니다...
2025-09-19 22:26:06,862 - INFO - [scripts.adrule.logic.list_scraper] - 페이지 내용 갱신 확인 및 로딩 완료.
2025-09-19 22:26:07,091 - INFO - [scripts.adrule.logic.list_scraper] - 현재 페이지에서 50개의 링크를 찾았습니다.
2025-09-19 22:26:07,091 - INFO - [scripts.adrule.logic.list_scraper] - --- 7 / 9 페이지 처리 중 ---
2025-09-19 22:26:07,094 - INFO - [scripts.adrule.logic.list_scraper] - 7 페이지로 이동합니다...
2025-09-19 22:26:07,101 - INFO - [scripts.adrule.logic.list_scraper] - 페이지 내용이 갱신되기를 대기합니다...
2025-09-19 22:26:07,237 - INFO - [scripts.adrule.logic.list_scraper] - 페이지 내용 갱신 확인 및 로딩 완료.
2025-09-19 22:26:07,465 - INFO - [scripts.adrule.logic.list_scraper] - 현재 페이지에서 50개의 링크를 찾았습니다.
2025-09-19 22:26:07,465 - INFO - [scripts.adrule.logic.list_scraper] - --- 8 / 9 페이지 처리 중 ---
2025-09-19 22:26:07,469 - INFO - [scripts.adrule.logic.list_scraper] - 8 페이지로 이동합니다...
2025-09-19 22:26:07,472 - INFO - [scripts.adrule.logic.list_scraper] - 페이지 내용이 갱신되기를 대기합니다...
2025-09-19 22:26:07,600 - INFO - [scripts.adrule.logic.list_scraper] - 페이지 내용 갱신 확인 및 로딩 완료.
2025-09-19 22:26:07,845 - INFO - [scripts.adrule.logic.list_scraper] - 현재 페이지에서 50개의 링크를 찾았습니다.
2025-09-19 22:26:07,845 - INFO - [scripts.adrule.logic.list_scraper] - --- 9 / 9 페이지 처리 중 ---
2025-09-19 22:26:07,848 - INFO - [scripts.adrule.logic.list_scraper] - 9 페이지로 이동합니다...
2025-09-19 22:26:07,852 - INFO - [scripts.adrule.logic.list_scraper] - 페이지 내용이 갱신되기를 대기합니다...
2025-09-19 22:26:07,962 - INFO - [scripts.adrule.logic.list_scraper] - 페이지 내용 갱신 확인 및 로딩 완료.
2025-09-19 22:26:08,073 - INFO - [scripts.adrule.logic.list_scraper] - 현재 페이지에서 18개의 링크를 찾았습니다.
2025-09-19 22:26:08,073 - INFO - [scripts.adrule.logic.list_scraper] - 브라우저를 닫습니다.
2025-09-19 22:26:08,104 - INFO - [scripts.adrule.logic.list_scraper] - 스크레이핑 완료. 총 398개의 URL을 수집했습니다.
2025-09-19 22:26:08,106 - INFO - [__main__] - 총 398개의 URL을 './bin/../data/raw/adrule/1492000/urls.jsonl' 파일에 저장했습니다.
2025-09-19 22:26:08,825 - INFO - [__main__] - 상세 페이지 스크레이퍼 실행: https://www.law.go.kr/admRulInfoP.do?admRulSeq=2100000252102
2025-09-19 22:26:09,214 - INFO - [scripts.adrule.logic.scraper] - 페이지로 이동 중: https://www.law.go.kr/admRulInfoP.do?admRulSeq=2100000252102
2025-09-19 22:26:09,775 - INFO - [scripts.adrule.logic.scraper] - 로딩 마스크가 나타나기를 기다리는 중...
2025-09-19 22:26:09,812 - INFO - [scripts.adrule.logic.scraper] - 로딩 마스크가 사라지기를 기다리는 중...
2025-09-19 22:26:09,856 - INFO - [scripts.adrule.logic.scraper] - 페이지 최종 렌더링을 잠시 대기합니다...
