2025-09-19 22:12:34,510 - ERROR - [scripts.adrule.logic.scraper] - 스크레이핑 중 에러 발생: Page.set_viewport_size: Target page, context or browser has been closed
Traceback (most recent call last):
  File "/Users/woong/Roeum/roeum-crawler/scripts/adrule/logic/scraper.py", line 390, in scrape_and_save
    chunks = await parse_law_html(page, doc_id, doc_title, url, output_name, debug)
             ^^^^^^^^^^^^^^^^^^^^^^^^^^^^^^^^^^^^^^^^^^^^^^^^^^^^^^^^^^^^^^^^^^^^^^
  File "/Users/woong/Roeum/roeum-crawler/scripts/adrule/logic/scraper.py", line 325, in parse_law_html
    return await _parse_pdf_viewer_content(page, doc_id, url, doc_title, output_name, debug)
           ^^^^^^^^^^^^^^^^^^^^^^^^^^^^^^^^^^^^^^^^^^^^^^^^^^^^^^^^^^^^^^^^^^^^^^^^^^^^^^^^^
  File "/Users/woong/Roeum/roeum-crawler/scripts/adrule/logic/scraper.py", line 303, in _parse_pdf_viewer_content
    await page.set_viewport_size(original_viewport_size)
  File "/Users/woong/Roeum/roeum-crawler/.venv/lib/python3.11/site-packages/playwright/async_api/_generated.py", line 9163, in set_viewport_size
    await self._impl_obj.set_viewport_size(viewportSize=viewport_size)
  File "/Users/woong/Roeum/roeum-crawler/.venv/lib/python3.11/site-packages/playwright/_impl/_page.py", line 601, in set_viewport_size
    await self._channel.send("setViewportSize", locals_to_params(locals()))
  File "/Users/woong/Roeum/roeum-crawler/.venv/lib/python3.11/site-packages/playwright/_impl/_connection.py", line 59, in send
    return await self._connection.wrap_api_call(
           ^^^^^^^^^^^^^^^^^^^^^^^^^^^^^^^^^^^^^
  File "/Users/woong/Roeum/roeum-crawler/.venv/lib/python3.11/site-packages/playwright/_impl/_connection.py", line 514, in wrap_api_call
    raise rewrite_error(error, f"{parsed_st['apiName']}: {error}") from None
playwright._impl._errors.TargetClosedError: Page.set_viewport_size: Target page, context or browser has been closed
