2025-09-19 22:49:44,361 - WARNING - [scripts.adrule.logic.list_scraper] - !!! 누락 경고 (1페이지 30번째 항목): URL 또는 법령명을 추출하지 못했습니다.
2025-09-19 22:49:44,361 - WARNING - [scripts.adrule.logic.list_scraper] -     - 법령명: ' (고용노동부) 4대 사회보험 민원서류 접수 등에 관한 고시'
2025-09-19 22:49:44,361 - WARNING - [scripts.adrule.logic.list_scraper] -     - OnClick 속성: 'javascript:admRulReturnSearch('(고용노동부) 4대 사회보험 민원서류 접수 등에 관한 고시','2100000213115','Y');return false;'
2025-09-19 22:49:44,361 - WARNING - [scripts.adrule.logic.list_scraper] -     - 추정 원인: build_detail_url 함수가 유효한 URL을 생성하지 못했습니다.
2025-09-19 22:49:44,367 - WARNING - [scripts.adrule.logic.list_scraper] - !!! 누락 경고 (1페이지 31번째 항목): URL 또는 법령명을 추출하지 못했습니다.
2025-09-19 22:49:44,367 - WARNING - [scripts.adrule.logic.list_scraper] -     - 법령명: ' (고용노동부) 가공·변형된 석면함유가능물질의 석면허용기준'
2025-09-19 22:49:44,367 - WARNING - [scripts.adrule.logic.list_scraper] -     - OnClick 속성: 'javascript:admRulReturnSearch('(고용노동부) 가공·변형된 석면함유가능물질의 석면허용기준','2100000196119','N');return false;'
2025-09-19 22:49:44,367 - WARNING - [scripts.adrule.logic.list_scraper] -     - 추정 원인: build_detail_url 함수가 유효한 URL을 생성하지 못했습니다.
2025-09-19 22:49:44,444 - WARNING - [scripts.adrule.logic.list_scraper] - !!! 누락 경고 (1페이지 44번째 항목): URL 또는 법령명을 추출하지 못했습니다.
2025-09-19 22:49:44,444 - WARNING - [scripts.adrule.logic.list_scraper] -     - 법령명: ' (고용노동부) 공익신고 처리 및 신고자 보호 등에 관한 규정'
2025-09-19 22:49:44,444 - WARNING - [scripts.adrule.logic.list_scraper] -     - OnClick 속성: 'javascript:admRulReturnSearch('(고용노동부) 공익신고 처리 및 신고자 보호 등에 관한 규정','2100000237172','Y');return false;'
2025-09-19 22:49:44,444 - WARNING - [scripts.adrule.logic.list_scraper] -     - 추정 원인: build_detail_url 함수가 유효한 URL을 생성하지 못했습니다.
2025-09-19 22:49:44,467 - WARNING - [scripts.adrule.logic.list_scraper] - !!! 누락 경고 (1페이지 48번째 항목): URL 또는 법령명을 추출하지 못했습니다.
2025-09-19 22:49:44,467 - WARNING - [scripts.adrule.logic.list_scraper] -     - 법령명: ' (고용노동부) 국유재산 관리 규정'
2025-09-19 22:49:44,467 - WARNING - [scripts.adrule.logic.list_scraper] -     - OnClick 속성: 'javascript:admRulReturnSearch('(고용노동부) 국유재산 관리 규정','2100000211670','Y');return false;'
2025-09-19 22:49:44,467 - WARNING - [scripts.adrule.logic.list_scraper] -     - 추정 원인: build_detail_url 함수가 유효한 URL을 생성하지 못했습니다.
2025-09-19 22:49:44,478 - WARNING - [scripts.adrule.logic.list_scraper] - !!! 페이지 요약 경고: 1 페이지에서 예상(50개)보다 적은 46개의 URL이 추가되었습니다.
2025-09-19 22:49:44,678 - WARNING - [scripts.adrule.logic.list_scraper] - !!! 누락 경고 (2페이지 6번째 항목): URL 또는 법령명을 추출하지 못했습니다.
2025-09-19 22:49:44,678 - WARNING - [scripts.adrule.logic.list_scraper] -     - 법령명: ' (고용노동부) 디지털 증거 수집·분석 및 관리 규정'
2025-09-19 22:49:44,678 - WARNING - [scripts.adrule.logic.list_scraper] -     - OnClick 속성: 'javascript:admRulReturnSearch('(고용노동부) 디지털 증거 수집·분석 및 관리 규정','2100000241790','Y');return false;'
2025-09-19 22:49:44,678 - WARNING - [scripts.adrule.logic.list_scraper] -     - 추정 원인: build_detail_url 함수가 유효한 URL을 생성하지 못했습니다.
2025-09-19 22:49:44,684 - WARNING - [scripts.adrule.logic.list_scraper] - !!! 누락 경고 (2페이지 7번째 항목): URL 또는 법령명을 추출하지 못했습니다.
2025-09-19 22:49:44,684 - WARNING - [scripts.adrule.logic.list_scraper] -     - 법령명: ' (고용노동부) 맞춤형 복지제도 운영규정'
2025-09-19 22:49:44,684 - WARNING - [scripts.adrule.logic.list_scraper] -     - OnClick 속성: 'javascript:admRulReturnSearch('(고용노동부) 맞춤형 복지제도 운영규정','2100000237210','Y');return false;'
2025-09-19 22:49:44,684 - WARNING - [scripts.adrule.logic.list_scraper] -     - 추정 원인: build_detail_url 함수가 유효한 URL을 생성하지 못했습니다.
2025-09-19 22:49:44,690 - WARNING - [scripts.adrule.logic.list_scraper] - !!! 누락 경고 (2페이지 8번째 항목): URL 또는 법령명을 추출하지 못했습니다.
2025-09-19 22:49:44,690 - WARNING - [scripts.adrule.logic.list_scraper] -     - 법령명: ' (고용노동부) 물품관리규정'
2025-09-19 22:49:44,690 - WARNING - [scripts.adrule.logic.list_scraper] -     - OnClick 속성: 'javascript:admRulReturnSearch('(고용노동부) 물품관리규정','2100000152251','Y');return false;'
2025-09-19 22:49:44,691 - WARNING - [scripts.adrule.logic.list_scraper] -     - 추정 원인: build_detail_url 함수가 유효한 URL을 생성하지 못했습니다.
2025-09-19 22:49:44,730 - WARNING - [scripts.adrule.logic.list_scraper] - !!! 누락 경고 (2페이지 15번째 항목): URL 또는 법령명을 추출하지 못했습니다.
2025-09-19 22:49:44,730 - WARNING - [scripts.adrule.logic.list_scraper] -     - 법령명: ' (고용노동부) 부패행위 내부신고자 보호 등에 관한 규정'
2025-09-19 22:49:44,730 - WARNING - [scripts.adrule.logic.list_scraper] -     - OnClick 속성: 'javascript:admRulReturnSearch('(고용노동부) 부패행위 내부신고자 보호 등에 관한 규정','2100000237208','Y');return false;'
2025-09-19 22:49:44,730 - WARNING - [scripts.adrule.logic.list_scraper] -     - 추정 원인: build_detail_url 함수가 유효한 URL을 생성하지 못했습니다.
2025-09-19 22:49:44,763 - WARNING - [scripts.adrule.logic.list_scraper] - !!! 누락 경고 (2페이지 21번째 항목): URL 또는 법령명을 추출하지 못했습니다.
2025-09-19 22:49:44,763 - WARNING - [scripts.adrule.logic.list_scraper] -     - 법령명: ' (고용노동부) 예산집행심의회 운영규정'
2025-09-19 22:49:44,763 - WARNING - [scripts.adrule.logic.list_scraper] -     - OnClick 속성: 'javascript:admRulReturnSearch('(고용노동부) 예산집행심의회 운영규정','2100000230668','Y');return false;'
2025-09-19 22:49:44,763 - WARNING - [scripts.adrule.logic.list_scraper] -     - 추정 원인: build_detail_url 함수가 유효한 URL을 생성하지 못했습니다.
2025-09-19 22:49:44,779 - WARNING - [scripts.adrule.logic.list_scraper] - !!! 누락 경고 (2페이지 24번째 항목): URL 또는 법령명을 추출하지 못했습니다.
2025-09-19 22:49:44,779 - WARNING - [scripts.adrule.logic.list_scraper] -     - 법령명: ' (고용노동부) 인적자원개발 우수기관 인증제 운영규정'
2025-09-19 22:49:44,779 - WARNING - [scripts.adrule.logic.list_scraper] -     - OnClick 속성: 'javascript:admRulReturnSearch('(고용노동부) 인적자원개발 우수기관 인증제 운영규정','2100000206255','Y');return false;'
2025-09-19 22:49:44,779 - WARNING - [scripts.adrule.logic.list_scraper] -     - 추정 원인: build_detail_url 함수가 유효한 URL을 생성하지 못했습니다.
2025-09-19 22:49:44,831 - WARNING - [scripts.adrule.logic.list_scraper] - !!! 누락 경고 (2페이지 33번째 항목): URL 또는 법령명을 추출하지 못했습니다.
2025-09-19 22:49:44,831 - WARNING - [scripts.adrule.logic.list_scraper] -     - 법령명: ' (고용노동부) 제3종시설물 지정 고시'
2025-09-19 22:49:44,832 - WARNING - [scripts.adrule.logic.list_scraper] -     - OnClick 속성: 'javascript:admRulReturnSearch('(고용노동부) 제3종시설물 지정 고시','2100000252804','N');return false;'
2025-09-19 22:49:44,832 - WARNING - [scripts.adrule.logic.list_scraper] -     - 추정 원인: build_detail_url 함수가 유효한 URL을 생성하지 못했습니다.
2025-09-19 22:49:44,844 - WARNING - [scripts.adrule.logic.list_scraper] - !!! 누락 경고 (2페이지 35번째 항목): URL 또는 법령명을 추출하지 못했습니다.
2025-09-19 22:49:44,844 - WARNING - [scripts.adrule.logic.list_scraper] -     - 법령명: ' (고용노동부) 참고인 등 비용지급에 관한 규정'
2025-09-19 22:49:44,844 - WARNING - [scripts.adrule.logic.list_scraper] -     - OnClick 속성: 'javascript:admRulReturnSearch('(고용노동부) 참고인 등 비용지급에 관한 규정','2100000029602','Y');return false;'
2025-09-19 22:49:44,844 - WARNING - [scripts.adrule.logic.list_scraper] -     - 추정 원인: build_detail_url 함수가 유효한 URL을 생성하지 못했습니다.
2025-09-19 22:49:44,868 - WARNING - [scripts.adrule.logic.list_scraper] - !!! 누락 경고 (2페이지 39번째 항목): URL 또는 법령명을 추출하지 못했습니다.
2025-09-19 22:49:44,868 - WARNING - [scripts.adrule.logic.list_scraper] -     - 법령명: ' (고용노동부) 화학재난 합동방재센터의 설치 및 운영에 관한 규정'
2025-09-19 22:49:44,868 - WARNING - [scripts.adrule.logic.list_scraper] -     - OnClick 속성: 'javascript:admRulReturnSearch('(고용노동부) 화학재난 합동방재센터의 설치 및 운영에 관한 규정','2100000223972','Y');return false;'
2025-09-19 22:49:44,868 - WARNING - [scripts.adrule.logic.list_scraper] -     - 추정 원인: build_detail_url 함수가 유효한 URL을 생성하지 못했습니다.
2025-09-19 22:49:44,937 - WARNING - [scripts.adrule.logic.list_scraper] - !!! 페이지 요약 경고: 2 페이지에서 예상(50개)보다 적은 41개의 URL이 추가되었습니다.
2025-09-19 22:49:45,346 - WARNING - [scripts.adrule.logic.list_scraper] - !!! 누락 경고 (3페이지 45번째 항목): URL 또는 법령명을 추출하지 못했습니다.
2025-09-19 22:49:45,346 - WARNING - [scripts.adrule.logic.list_scraper] -     - 법령명: ' 교육훈련시간 승진반영제도(상시학습) 운영지침'
2025-09-19 22:49:45,346 - WARNING - [scripts.adrule.logic.list_scraper] -     - OnClick 속성: 'javascript:admRulReturnSearch('교육훈련시간 승진반영제도(상시학습) 운영지침','2100000216803','N');return false;'
2025-09-19 22:49:45,346 - WARNING - [scripts.adrule.logic.list_scraper] -     - 추정 원인: build_detail_url 함수가 유효한 URL을 생성하지 못했습니다.
2025-09-19 22:49:45,373 - WARNING - [scripts.adrule.logic.list_scraper] - !!! 페이지 요약 경고: 3 페이지에서 예상(50개)보다 적은 49개의 URL이 추가되었습니다.
2025-09-19 22:49:45,889 - WARNING - [scripts.adrule.logic.list_scraper] - !!! 누락 경고 (4페이지 18번째 항목): URL 또는 법령명을 추출하지 못했습니다.
2025-09-19 22:49:45,889 - WARNING - [scripts.adrule.logic.list_scraper] -     - 법령명: ' 근로감독관 집무규정(산업안전보건)'
2025-09-19 22:49:45,889 - WARNING - [scripts.adrule.logic.list_scraper] -     - OnClick 속성: 'javascript:admRulReturnSearch('근로감독관 집무규정(산업안전보건)','2100000246934','Y');return false;'
2025-09-19 22:49:45,889 - WARNING - [scripts.adrule.logic.list_scraper] -     - 추정 원인: build_detail_url 함수가 유효한 URL을 생성하지 못했습니다.
2025-09-19 22:49:46,063 - WARNING - [scripts.adrule.logic.list_scraper] - !!! 페이지 요약 경고: 4 페이지에서 예상(50개)보다 적은 49개의 URL이 추가되었습니다.
2025-09-19 22:49:46,802 - WARNING - [scripts.adrule.logic.list_scraper] - !!! 누락 경고 (6페이지 23번째 항목): URL 또는 법령명을 추출하지 못했습니다.
2025-09-19 22:49:46,802 - WARNING - [scripts.adrule.logic.list_scraper] -     - 법령명: ' 영상표시단말기(VDT) 취급근로자 작업관리지침'
2025-09-19 22:49:46,802 - WARNING - [scripts.adrule.logic.list_scraper] -     - OnClick 속성: 'javascript:admRulReturnSearch('영상표시단말기(VDT) 취급근로자 작업관리지침','2100000185801','Y');return false;'
2025-09-19 22:49:46,802 - WARNING - [scripts.adrule.logic.list_scraper] -     - 추정 원인: build_detail_url 함수가 유효한 URL을 생성하지 못했습니다.
2025-09-19 22:49:47,082 - WARNING - [scripts.adrule.logic.list_scraper] - !!! 페이지 요약 경고: 6 페이지에서 예상(50개)보다 적은 49개의 URL이 추가되었습니다.
2025-09-19 22:49:47,289 - WARNING - [scripts.adrule.logic.list_scraper] - !!! 누락 경고 (7페이지 9번째 항목): URL 또는 법령명을 추출하지 못했습니다.
2025-09-19 22:49:47,289 - WARNING - [scripts.adrule.logic.list_scraper] -     - 법령명: ' 작업장 공기질 한국산업표준(KS)'
2025-09-19 22:49:47,289 - WARNING - [scripts.adrule.logic.list_scraper] -     - OnClick 속성: 'javascript:admRulReturnSearch('작업장 공기질 한국산업표준(KS)','2100000207828','N');return false;'
2025-09-19 22:49:47,289 - WARNING - [scripts.adrule.logic.list_scraper] -     - 추정 원인: build_detail_url 함수가 유효한 URL을 생성하지 못했습니다.
2025-09-19 22:49:47,396 - WARNING - [scripts.adrule.logic.list_scraper] - !!! 누락 경고 (7페이지 28번째 항목): URL 또는 법령명을 추출하지 못했습니다.
2025-09-19 22:49:47,396 - WARNING - [scripts.adrule.logic.list_scraper] -     - 법령명: ' 주로 하나의 사업자로부터 업무를 의뢰받아 퀵서비스 또는 대리운전업무를 하는 사람의 기준(퀵서비스기사 및 대리운전기사의 전속성 기준)'
2025-09-19 22:49:47,396 - WARNING - [scripts.adrule.logic.list_scraper] -     - OnClick 속성: 'javascript:admRulReturnSearch('주로 하나의 사업자로부터 업무를 의뢰받아 퀵서비스 또는 대리운전업무를 하는 사람의 기준(퀵서비스기사 및 대리운전기사의 전속성 기준)','2100000081374','N');return false;'
2025-09-19 22:49:47,396 - WARNING - [scripts.adrule.logic.list_scraper] -     - 추정 원인: build_detail_url 함수가 유효한 URL을 생성하지 못했습니다.
2025-09-19 22:49:47,525 - WARNING - [scripts.adrule.logic.list_scraper] - !!! 페이지 요약 경고: 7 페이지에서 예상(50개)보다 적은 48개의 URL이 추가되었습니다.
2025-09-19 22:49:48,101 - WARNING - [scripts.adrule.logic.list_scraper] - !!! 누락 경고 (9페이지 7번째 항목): URL 또는 법령명을 추출하지 못했습니다.
2025-09-19 22:49:48,101 - WARNING - [scripts.adrule.logic.list_scraper] -     - 법령명: ' 한미 자유무역협정의 노동(제19장)에 대한 진정처리 등에 관한 지침'
2025-09-19 22:49:48,101 - WARNING - [scripts.adrule.logic.list_scraper] -     - OnClick 속성: 'javascript:admRulReturnSearch('한미 자유무역협정의 노동(제19장)에 대한 진정처리 등에 관한 지침','2000000017591','Y');return false;'
2025-09-19 22:49:48,101 - WARNING - [scripts.adrule.logic.list_scraper] -     - 추정 원인: build_detail_url 함수가 유효한 URL을 생성하지 못했습니다.
2025-09-19 22:49:48,106 - WARNING - [scripts.adrule.logic.list_scraper] - !!! 누락 경고 (9페이지 8번째 항목): URL 또는 법령명을 추출하지 못했습니다.
2025-09-19 22:49:48,106 - WARNING - [scripts.adrule.logic.list_scraper] -     - 법령명: ' 한·캐나다 자유무역협정의 노동(제18장)에 대한 진정처리 등에 관한 지침'
2025-09-19 22:49:48,107 - WARNING - [scripts.adrule.logic.list_scraper] -     - OnClick 속성: 'javascript:admRulReturnSearch('한·캐나다 자유무역협정의 노동(제18장)에 대한 진정처리 등에 관한 지침','2100000009216','Y');return false;'
2025-09-19 22:49:48,107 - WARNING - [scripts.adrule.logic.list_scraper] -     - 추정 원인: build_detail_url 함수가 유효한 URL을 생성하지 못했습니다.
