2025-09-10 00:10:31,535 - ERROR - [scripts.interpretation.logic.interpretation_scraper] - 스크레이핑 중 에러 발생: Locator expected to contain text 're.compile('\\S')'
Actual value: <element(s) not found> 
Call log:
LocatorAssertions.to_contain_text with timeout 20000ms
  - waiting for locator("#bodyContent h3").first
  -   locator resolved to <h3 data-brl-use="PH/H2">…</h3>
  -   unexpected value "  "
  -   locator resolved to <h3 data-brl-use="PH/H2">…</h3>
  -   unexpected value "  "
Traceback (most recent call last):
  File "/Users/woong/Roeum/roeum-crawler/scripts/interpretation/logic/interpretation_scraper.py", line 110, in scrape_interpretation_data
    await expect(detail_title_locator.first).to_contain_text(re.compile(r'\S'), timeout=20000)
  File "/Users/woong/Roeum/roeum-crawler/.venv/lib/python3.11/site-packages/playwright/async_api/_generated.py", line 18517, in to_contain_text
    await self._impl_obj.to_contain_text(
  File "/Users/woong/Roeum/roeum-crawler/.venv/lib/python3.11/site-packages/playwright/_impl/_assertions.py", line 201, in to_contain_text
    await self._expect_impl(
  File "/Users/woong/Roeum/roeum-crawler/.venv/lib/python3.11/site-packages/playwright/_impl/_assertions.py", line 74, in _expect_impl
    raise AssertionError(
AssertionError: Locator expected to contain text 're.compile('\\S')'
Actual value: <element(s) not found> 
Call log:
LocatorAssertions.to_contain_text with timeout 20000ms
  - waiting for locator("#bodyContent h3").first
  -   locator resolved to <h3 data-brl-use="PH/H2">…</h3>
  -   unexpected value "  "
  -   locator resolved to <h3 data-brl-use="PH/H2">…</h3>
  -   unexpected value "  "

