2025-09-10 00:10:08,668 - INFO - [__main__] - 통합 스크레이퍼 실행...
2025-09-10 00:10:09,618 - INFO - [scripts.interpretation.logic.interpretation_scraper] - 목록 페이지로 이동 중: https://www.law.go.kr/cgmExpcSc.do?menuId=11&subMenuId=729&tabMenuId=773
2025-09-10 00:10:10,995 - INFO - [scripts.interpretation.logic.interpretation_scraper] - 상세검색 패널을 엽니다.
2025-09-10 00:10:11,027 - INFO - [scripts.interpretation.logic.interpretation_scraper] - 소관부처를 코드로 선택합니다: 350101
2025-09-10 00:10:11,045 - INFO - [scripts.interpretation.logic.interpretation_scraper] - 검색 버튼을 클릭하여 필터를 적용합니다.
2025-09-10 00:10:11,058 - INFO - [scripts.interpretation.logic.interpretation_scraper] - 필터가 적용된 페이지 로딩을 기다립니다...
2025-09-10 00:10:11,431 - INFO - [scripts.interpretation.logic.interpretation_scraper] - 필터 적용이 완료되었습니다.
2025-09-10 00:10:11,436 - INFO - [scripts.interpretation.logic.interpretation_scraper] - 총 9574개 항목, 192 페이지를 확인했습니다.
2025-09-10 00:10:11,436 - INFO - [scripts.interpretation.logic.interpretation_scraper] - 사용자 설정에 따라 최대 2 페이지만 크롤링합니다.
2025-09-10 00:10:11,436 - INFO - [scripts.interpretation.logic.interpretation_scraper] - --- 1 / 2 페이지 처리 중 ---
2025-09-10 00:10:31,535 - ERROR - [scripts.interpretation.logic.interpretation_scraper] - 스크레이핑 중 에러 발생: Locator expected to contain text 're.compile('\\S')'
Actual value: <element(s) not found> 
Call log:
LocatorAssertions.to_contain_text with timeout 20000ms
  - waiting for locator("#bodyContent h3").first
  -   locator resolved to <h3 data-brl-use="PH/H2">…</h3>
  -   unexpected value "  "
  -   locator resolved to <h3 data-brl-use="PH/H2">…</h3>
  -   unexpected value "  "
Traceback (most recent call last):
  File "/Users/woong/Roeum/roeum-crawler/scripts/interpretation/logic/interpretation_scraper.py", line 110, in scrape_interpretation_data
    await expect(detail_title_locator.first).to_contain_text(re.compile(r'\S'), timeout=20000)
  File "/Users/woong/Roeum/roeum-crawler/.venv/lib/python3.11/site-packages/playwright/async_api/_generated.py", line 18517, in to_contain_text
    await self._impl_obj.to_contain_text(
  File "/Users/woong/Roeum/roeum-crawler/.venv/lib/python3.11/site-packages/playwright/_impl/_assertions.py", line 201, in to_contain_text
    await self._expect_impl(
  File "/Users/woong/Roeum/roeum-crawler/.venv/lib/python3.11/site-packages/playwright/_impl/_assertions.py", line 74, in _expect_impl
    raise AssertionError(
AssertionError: Locator expected to contain text 're.compile('\\S')'
Actual value: <element(s) not found> 
Call log:
LocatorAssertions.to_contain_text with timeout 20000ms
  - waiting for locator("#bodyContent h3").first
  -   locator resolved to <h3 data-brl-use="PH/H2">…</h3>
  -   unexpected value "  "
  -   locator resolved to <h3 data-brl-use="PH/H2">…</h3>
  -   unexpected value "  "

2025-09-10 00:10:31,634 - INFO - [scripts.interpretation.logic.interpretation_scraper] - 에러 스크린샷 저장: /Users/woong/Roeum/roeum-crawler/debug/error_screenshot_20250910_001031.png
2025-09-10 00:10:31,645 - INFO - [scripts.interpretation.logic.interpretation_scraper] - 에러 HTML 저장: /Users/woong/Roeum/roeum-crawler/debug/error_page_20250910_001031.html
2025-09-10 00:10:31,666 - INFO - [scripts.interpretation.logic.interpretation_scraper] - 스크레이핑 완료. 데이터는 'data/raw/interpretation/350101/350101_documents.jsonl'에 저장되었습니다.
2025-09-10 00:10:31,668 - INFO - [__main__] - 통합 스크레이퍼 완료.
