2025-09-11 00:04:56,279 - INFO - [__main__] - 통합 스크레이퍼 실행...
2025-09-11 00:04:56,279 - INFO - [scripts.interpretation.logic.interpretation_scraper] - Scraping process started.
2025-09-11 00:04:56,279 - INFO - [scripts.interpretation.logic.interpretation_scraper] - Output file will be saved to: data/raw/interpretation/350101/350101_documents.jsonl
2025-09-11 00:04:56,280 - INFO - [scripts.interpretation.logic.interpretation_scraper] - Existing output file deleted.
2025-09-11 00:04:56,787 - INFO - [scripts.interpretation.logic.interpretation_scraper] - Navigating to start page: https://www.law.go.kr/cgmExpcSc.do?menuId=11&subMenuId=729&tabMenuId=773
2025-09-11 00:04:58,097 - INFO - [scripts.interpretation.logic.interpretation_scraper] - Page navigation successful.
2025-09-11 00:04:58,152 - INFO - [scripts.interpretation.logic.interpretation_scraper] - Initial total items text: '155,146'
2025-09-11 00:04:58,152 - INFO - [scripts.interpretation.logic.interpretation_scraper] - Opening detailed search panel...
2025-09-11 00:04:58,249 - INFO - [scripts.interpretation.logic.interpretation_scraper] - Selecting department code: 350101
2025-09-11 00:04:58,279 - INFO - [scripts.interpretation.logic.interpretation_scraper] - Applying filter by clicking search button...
2025-09-11 00:04:58,301 - INFO - [scripts.interpretation.logic.interpretation_scraper] - Waiting for page to update after filtering...
2025-09-11 00:04:58,683 - INFO - [scripts.interpretation.logic.interpretation_scraper] - Filter application complete.
2025-09-11 00:04:58,690 - INFO - [scripts.interpretation.logic.interpretation_scraper] - Found 9574 items across 192 pages.
2025-09-11 00:04:58,690 - INFO - [scripts.interpretation.logic.interpretation_scraper] - User override: Crawling a maximum of 2 pages.
2025-09-11 00:04:58,690 - INFO - [scripts.interpretation.logic.interpretation_scraper] - --- Starting page 1 / 2 ---
2025-09-11 00:04:58,699 - INFO - [scripts.interpretation.logic.interpretation_scraper] - Found 50 links on this page.
2025-09-11 00:04:58,930 - INFO - [scripts.interpretation.logic.interpretation_scraper] -   - [1/50] Processing item: javascript:cgmExpcView('28212', '350101');return false;
2025-09-11 00:05:08,958 - INFO - [scripts.interpretation.logic.interpretation_scraper] -   - Extraction successful: 06.1.1 이후 채용시 건강진단 비용의 산업안전보건관리비 사용가능 여부
2025-09-11 00:05:09,935 - INFO - [scripts.interpretation.logic.interpretation_scraper] -   - [2/50] Processing item: javascript:cgmExpcView('314616', '350101');return false;
2025-09-11 00:05:10,004 - INFO - [scripts.interpretation.logic.interpretation_scraper] -   - Extraction successful: 06.1.1 이후 채용시 건강진단 비용의 산업안전보건관리비 사용가능 여부
2025-09-11 00:05:11,390 - INFO - [scripts.interpretation.logic.interpretation_scraper] -   - [3/50] Processing item: javascript:cgmExpcView('279490', '350101');return false;
2025-09-11 00:05:11,469 - INFO - [scripts.interpretation.logic.interpretation_scraper] -   - Extraction successful: 06.1.1 이후 채용시 건강진단 비용의 산업안전보건관리비 사용가능 여부
2025-09-11 00:05:12,898 - INFO - [scripts.interpretation.logic.interpretation_scraper] -   - [4/50] Processing item: javascript:cgmExpcView('30332', '350101');return false;
2025-09-11 00:05:12,990 - INFO - [scripts.interpretation.logic.interpretation_scraper] -   - Extraction successful: 06.1.1 이후 채용시 건강진단 비용의 산업안전보건관리비 사용가능 여부
2025-09-11 00:05:14,212 - INFO - [scripts.interpretation.logic.interpretation_scraper] -   - [5/50] Processing item: javascript:cgmExpcView('1968', '350101');return false;
2025-09-11 00:05:14,852 - INFO - [scripts.interpretation.logic.interpretation_scraper] -   - Extraction successful: 06.1.1 이후 채용시 건강진단 비용의 산업안전보건관리비 사용가능 여부
2025-09-11 00:05:16,239 - INFO - [scripts.interpretation.logic.interpretation_scraper] -   - [6/50] Processing item: javascript:cgmExpcView('315444', '350101');return false;
2025-09-11 00:05:16,482 - INFO - [scripts.interpretation.logic.interpretation_scraper] -   - Extraction successful: 06.1.1 이후 채용시 건강진단 비용의 산업안전보건관리비 사용가능 여부
2025-09-11 00:05:17,522 - INFO - [scripts.interpretation.logic.interpretation_scraper] -   - [7/50] Processing item: javascript:cgmExpcView('12980', '350101');return false;
2025-09-11 00:05:17,703 - INFO - [scripts.interpretation.logic.interpretation_scraper] -   - Extraction successful: 06.1.1 이후 채용시 건강진단 비용의 산업안전보건관리비 사용가능 여부
2025-09-11 00:05:18,457 - INFO - [scripts.interpretation.logic.interpretation_scraper] -   - [8/50] Processing item: javascript:cgmExpcView('12844', '350101');return false;
2025-09-11 00:05:18,535 - INFO - [scripts.interpretation.logic.interpretation_scraper] -   - Extraction successful: 06.1.1 이후 채용시 건강진단 비용의 산업안전보건관리비 사용가능 여부
2025-09-11 00:05:19,925 - INFO - [scripts.interpretation.logic.interpretation_scraper] -   - [9/50] Processing item: javascript:cgmExpcView('17616', '350101');return false;
2025-09-11 00:05:20,090 - INFO - [scripts.interpretation.logic.interpretation_scraper] -   - Extraction successful: 06.1.1 이후 채용시 건강진단 비용의 산업안전보건관리비 사용가능 여부
2025-09-11 00:05:21,246 - INFO - [scripts.interpretation.logic.interpretation_scraper] -   - [10/50] Processing item: javascript:cgmExpcView('214078', '350101');return false;
2025-09-11 00:05:21,366 - INFO - [scripts.interpretation.logic.interpretation_scraper] -   - Extraction successful: 06.1.1 이후 채용시 건강진단 비용의 산업안전보건관리비 사용가능 여부
2025-09-11 00:05:22,116 - INFO - [scripts.interpretation.logic.interpretation_scraper] -   - [11/50] Processing item: javascript:cgmExpcView('28970', '350101');return false;
2025-09-11 00:05:22,178 - INFO - [scripts.interpretation.logic.interpretation_scraper] -   - Extraction successful: 06.1.1 이후 채용시 건강진단 비용의 산업안전보건관리비 사용가능 여부
2025-09-11 00:05:23,485 - INFO - [scripts.interpretation.logic.interpretation_scraper] -   - [12/50] Processing item: javascript:cgmExpcView('27714', '350101');return false;
2025-09-11 00:05:23,598 - INFO - [scripts.interpretation.logic.interpretation_scraper] -   - Extraction successful: 06.1.1 이후 채용시 건강진단 비용의 산업안전보건관리비 사용가능 여부
2025-09-11 00:05:24,310 - INFO - [scripts.interpretation.logic.interpretation_scraper] -   - [13/50] Processing item: javascript:cgmExpcView('16136', '350101');return false;
2025-09-11 00:05:24,407 - INFO - [scripts.interpretation.logic.interpretation_scraper] -   - Extraction successful: 100억원 이상 하도급 계약 안전관리자 선임
2025-09-11 00:05:25,192 - INFO - [scripts.interpretation.logic.interpretation_scraper] -   - [14/50] Processing item: javascript:cgmExpcView('314412', '350101');return false;
2025-09-11 00:05:25,259 - INFO - [scripts.interpretation.logic.interpretation_scraper] -   - Extraction successful: 10인 미만 사업장 취업규칙의 효력 등 관련 행정해석 변경
2025-09-11 00:05:26,108 - INFO - [scripts.interpretation.logic.interpretation_scraper] -   - [15/50] Processing item: javascript:cgmExpcView('29242', '350101');return false;
2025-09-11 00:05:26,185 - INFO - [scripts.interpretation.logic.interpretation_scraper] -   - Extraction successful: 10. 표창과 제재에 관한 사항 11. 기타 당해 사업 또는 사업장의 근로자 전체에 적용될 사항 요점 지역의료보험조합운영규정이 취업규칙에 해당하는지 여부
2025-09-11 00:05:26,843 - INFO - [scripts.interpretation.logic.interpretation_scraper] -   - [16/50] Processing item: javascript:cgmExpcView('29096', '350101');return false;
2025-09-11 00:05:26,919 - INFO - [scripts.interpretation.logic.interpretation_scraper] -   - Extraction successful: 114안내 재택근무요원이 근로자인지 여부
2025-09-11 00:05:28,086 - INFO - [scripts.interpretation.logic.interpretation_scraper] -   - [17/50] Processing item: javascript:cgmExpcView('17076', '350101');return false;
2025-09-11 00:05:28,152 - INFO - [scripts.interpretation.logic.interpretation_scraper] -   - Extraction successful: ‘06.5.18자로 직업안정법 제21조 위반으로 등록취소된 사업자의 딸이 다른 장소에 유료직업소개등록신청시 신규등록을 받아주어야 하는 지 여부
2025-09-11 00:05:29,192 - INFO - [scripts.interpretation.logic.interpretation_scraper] -   - [18/50] Processing item: javascript:cgmExpcView('237372', '350101');return false;
2025-09-11 00:05:29,278 - INFO - [scripts.interpretation.logic.interpretation_scraper] -   - Extraction successful: ‘06.5.18자로 직업안정법 제21조 위반으로 등록취소된 사업자의 딸이 다른 장소에 유료직업소개등록신청시 신규등록을 받아주어야 하는 지 여부
2025-09-11 00:05:29,832 - INFO - [scripts.interpretation.logic.interpretation_scraper] -   - [19/50] Processing item: javascript:cgmExpcView('15234', '350101');return false;
2025-09-11 00:05:29,897 - INFO - [scripts.interpretation.logic.interpretation_scraper] -   - Extraction successful: ‘06.5.18자로 직업안정법 제21조 위반으로 등록취소된 사업자의 딸이 다른 장소에 유료직업소개등록신청시 신규등록을 받아주어야 하는 지 여부
2025-09-11 00:05:31,115 - INFO - [scripts.interpretation.logic.interpretation_scraper] -   - [20/50] Processing item: javascript:cgmExpcView('11684', '350101');return false;
2025-09-11 00:05:31,181 - INFO - [scripts.interpretation.logic.interpretation_scraper] -   - Extraction successful: 10인 미만의 사업장에서 취업규칙을 불이익하게 변경하는 경우에도 근로자의 집단적 동의를 얻어야 하는지
2025-09-11 00:05:31,772 - INFO - [scripts.interpretation.logic.interpretation_scraper] -   - [21/50] Processing item: javascript:cgmExpcView('15156', '350101');return false;
2025-09-11 00:05:31,862 - INFO - [scripts.interpretation.logic.interpretation_scraper] -   - Extraction successful: 120억원 미만 2개현장 안전관리자 중복 배치여부
2025-09-11 00:05:33,318 - INFO - [scripts.interpretation.logic.interpretation_scraper] -   - [22/50] Processing item: javascript:cgmExpcView('237200', '350101');return false;
2025-09-11 00:05:33,389 - INFO - [scripts.interpretation.logic.interpretation_scraper] -   - Extraction successful: 119안전센터장이 업무총괄자에 해당하는지 여부
2025-09-11 00:05:34,156 - INFO - [scripts.interpretation.logic.interpretation_scraper] -   - [23/50] Processing item: javascript:cgmExpcView('279762', '350101');return false;
2025-09-11 00:05:34,247 - INFO - [scripts.interpretation.logic.interpretation_scraper] -   - Extraction successful: 154KV관련 공사의 공사종류 등에 대한 회시
2025-09-11 00:05:35,500 - INFO - [scripts.interpretation.logic.interpretation_scraper] -   - [24/50] Processing item: javascript:cgmExpcView('14920', '350101');return false;
2025-09-11 00:05:35,586 - INFO - [scripts.interpretation.logic.interpretation_scraper] -   - Extraction successful: 154KV관련 공사의 공사종류 등에 대한 회시
2025-09-11 00:05:37,027 - INFO - [scripts.interpretation.logic.interpretation_scraper] -   - [25/50] Processing item: javascript:cgmExpcView('314120', '350101');return false;
2025-09-11 00:05:37,179 - INFO - [scripts.interpretation.logic.interpretation_scraper] -   - Extraction successful: ’18년 아동복지교사 지원사업을 위한 근로자 채용에 따른 질의
2025-09-11 00:05:38,521 - INFO - [scripts.interpretation.logic.interpretation_scraper] -   - [26/50] Processing item: javascript:cgmExpcView('2324', '350101');return false;
2025-09-11 00:05:38,582 - INFO - [scripts.interpretation.logic.interpretation_scraper] -   - Extraction successful: ’18년 아동복지교사 지원사업을 위한 근로자 채용에 따른 질의
2025-09-11 00:05:40,078 - INFO - [scripts.interpretation.logic.interpretation_scraper] -   - [27/50] Processing item: javascript:cgmExpcView('27102', '350101');return false;
2025-09-11 00:05:40,174 - INFO - [scripts.interpretation.logic.interpretation_scraper] -   - Extraction successful: 1개 병원은 노동조합의 대표자가 근로자대표로, 1개 병원은 자체 선출된 사람이 각각 산업안전보건위원회 근로자 대표로 되어 있을 경우 노동조합 대표자가 다른 사업장의 근로자위원 교체를 요구할 수 있는지 여부 등
2025-09-11 00:05:41,659 - INFO - [scripts.interpretation.logic.interpretation_scraper] -   - [28/50] Processing item: javascript:cgmExpcView('12894', '350101');return false;
2025-09-11 00:05:41,751 - INFO - [scripts.interpretation.logic.interpretation_scraper] -   - Extraction successful: 1개회사에 2개의 기금설립 가능여부
2025-09-11 00:05:42,992 - INFO - [scripts.interpretation.logic.interpretation_scraper] -   - [29/50] Processing item: javascript:cgmExpcView('314212', '350101');return false;
2025-09-11 00:05:43,075 - INFO - [scripts.interpretation.logic.interpretation_scraper] -   - Extraction successful: 1개회사에 2개의 기금설립 가능여부
2025-09-11 00:05:44,034 - INFO - [scripts.interpretation.logic.interpretation_scraper] -   - [30/50] Processing item: javascript:cgmExpcView('15180', '350101');return false;
2025-09-11 00:05:44,138 - INFO - [scripts.interpretation.logic.interpretation_scraper] -   - Extraction successful: 1개회사에 2개의 기금설립 가능여부
2025-09-11 00:05:45,379 - INFO - [scripts.interpretation.logic.interpretation_scraper] -   - [31/50] Processing item: javascript:cgmExpcView('12574', '350101');return false;
2025-09-11 00:05:45,460 - INFO - [scripts.interpretation.logic.interpretation_scraper] -   - Extraction successful: 1개월을 초과하는 주기로 지급하는 임금을 총액의 변동 없이 매월 지급하는 것으로 취업규칙을 변경할 때 유효 요건
2025-09-11 00:05:46,084 - INFO - [scripts.interpretation.logic.interpretation_scraper] -   - [32/50] Processing item: javascript:cgmExpcView('13036', '350101');return false;
2025-09-11 00:05:46,152 - INFO - [scripts.interpretation.logic.interpretation_scraper] -   - Extraction successful: 1년간 8할미만 출근자 연차유급휴가 사용촉진의 대상 여부
2025-09-11 00:05:47,537 - INFO - [scripts.interpretation.logic.interpretation_scraper] -   - [33/50] Processing item: javascript:cgmExpcView('18244', '350101');return false;
2025-09-11 00:05:47,637 - INFO - [scripts.interpretation.logic.interpretation_scraper] -   - Extraction successful: 1년간의 연장·야간·휴일근로시간을 계산하여 다음연도에 선택적 보상휴가를 부여하고 미사용분에 대하여 그 다음연도에 금전보상하는 내용의 노사합의가 유효한지
2025-09-11 00:05:48,804 - INFO - [scripts.interpretation.logic.interpretation_scraper] -   - [34/50] Processing item: javascript:cgmExpcView('18246', '350101');return false;
2025-09-11 00:05:48,868 - INFO - [scripts.interpretation.logic.interpretation_scraper] -   - Extraction successful: 1년간의 연장·야간·휴일근로시간을 계산하여 다음연도에 선택적 보상휴가를 부여하고 미사용분에 대하여 그 다음연도에 금전보상하는 내용의 노사합의가 유효한지
2025-09-11 00:05:49,991 - INFO - [scripts.interpretation.logic.interpretation_scraper] -   - [35/50] Processing item: javascript:cgmExpcView('11390', '350101');return false;
2025-09-11 00:05:50,135 - INFO - [scripts.interpretation.logic.interpretation_scraper] -   - Extraction successful: 1년간 정년연장하는 조합원의 자격유지 여부
2025-09-11 00:05:51,094 - INFO - [scripts.interpretation.logic.interpretation_scraper] -   - [36/50] Processing item: javascript:cgmExpcView('13022', '350101');return false;
2025-09-11 00:05:51,217 - INFO - [scripts.interpretation.logic.interpretation_scraper] -   - Extraction successful: 1 년간 정년연장하는 조합원의 자격유지 여부
2025-09-11 00:05:52,380 - INFO - [scripts.interpretation.logic.interpretation_scraper] -   - [37/50] Processing item: javascript:cgmExpcView('12776', '350101');return false;
2025-09-11 00:05:52,473 - INFO - [scripts.interpretation.logic.interpretation_scraper] -   - Extraction successful: 1년간 지급받은 상여금을 평균임금 대상금품에 산입하는 방법
2025-09-11 00:05:53,138 - INFO - [scripts.interpretation.logic.interpretation_scraper] -   - [38/50] Processing item: javascript:cgmExpcView('17460', '350101');return false;
2025-09-11 00:05:53,423 - INFO - [scripts.interpretation.logic.interpretation_scraper] -   - Extraction successful: 1년간 지급받은 상여금을 평균임금 대상금품에 산입하는 방법
2025-09-11 00:05:54,148 - INFO - [scripts.interpretation.logic.interpretation_scraper] -   - [39/50] Processing item: javascript:cgmExpcView('22006', '350101');return false;
2025-09-11 00:05:54,441 - INFO - [scripts.interpretation.logic.interpretation_scraper] -   - Extraction successful: 1년간 지급받은 상여금을 평균임금 대상금품에 산입하는 방법
2025-09-11 00:05:55,826 - INFO - [scripts.interpretation.logic.interpretation_scraper] -   - [40/50] Processing item: javascript:cgmExpcView('315004', '350101');return false;
2025-09-11 00:05:55,909 - INFO - [scripts.interpretation.logic.interpretation_scraper] -   - Extraction successful: 1년 동안 단체협약을 체결하지 못하였으나 다른 노동조합의 교섭요구가 없는 경우 교섭대표노동조합의 지위 유지 여부
2025-09-11 00:05:56,928 - INFO - [scripts.interpretation.logic.interpretation_scraper] -   - [41/50] Processing item: javascript:cgmExpcView('15082', '350101');return false;
2025-09-11 00:05:57,013 - INFO - [scripts.interpretation.logic.interpretation_scraper] -   - Extraction successful: 1년 동안 단체협약을 체결하지 못하였으나 다른 노동조합의 교섭요구가 없는 경우 교섭대표노동조합의 지위 유지 여부
2025-09-11 00:05:58,442 - INFO - [scripts.interpretation.logic.interpretation_scraper] -   - [42/50] Processing item: javascript:cgmExpcView('12998', '350101');return false;
2025-09-11 00:05:58,541 - INFO - [scripts.interpretation.logic.interpretation_scraper] -   - Extraction successful: 1년 단위로 기간제노동자 채용 시 계속근로기간 등
2025-09-11 00:05:59,343 - INFO - [scripts.interpretation.logic.interpretation_scraper] -   - [43/50] Processing item: javascript:cgmExpcView('314260', '350101');return false;
2025-09-11 00:05:59,431 - INFO - [scripts.interpretation.logic.interpretation_scraper] -   - Extraction successful: 1년 단위로 기간제노동자 채용 시 계속근로기간 등
2025-09-11 00:06:00,006 - INFO - [scripts.interpretation.logic.interpretation_scraper] -   - [44/50] Processing item: javascript:cgmExpcView('11450', '350101');return false;
2025-09-11 00:06:00,095 - INFO - [scripts.interpretation.logic.interpretation_scraper] -   - Extraction successful: 1년 단위로 기간제노동자 채용 시 계속근로기간 등
2025-09-11 00:06:01,106 - INFO - [scripts.interpretation.logic.interpretation_scraper] -   - [45/50] Processing item: javascript:cgmExpcView('214206', '350101');return false;
2025-09-11 00:06:01,194 - INFO - [scripts.interpretation.logic.interpretation_scraper] -   - Extraction successful: 1년미만 근무자에게 지급한 퇴직금의 환수 여부
2025-09-11 00:06:02,438 - INFO - [scripts.interpretation.logic.interpretation_scraper] -   - [46/50] Processing item: javascript:cgmExpcView('21986', '350101');return false;
2025-09-11 00:06:02,502 - INFO - [scripts.interpretation.logic.interpretation_scraper] -   - Extraction successful: 1년미만 근무자에게 지급한 퇴직금의 환수 여부
2025-09-11 00:06:03,437 - INFO - [scripts.interpretation.logic.interpretation_scraper] -   - [47/50] Processing item: javascript:cgmExpcView('313986', '350101');return false;
2025-09-11 00:06:03,546 - INFO - [scripts.interpretation.logic.interpretation_scraper] -   - Extraction successful: 1년미만 근무자에게 지급한 퇴직금의 환수 여부
2025-09-11 00:06:04,879 - INFO - [scripts.interpretation.logic.interpretation_scraper] -   - [48/50] Processing item: javascript:cgmExpcView('12454', '350101');return false;
2025-09-11 00:06:05,017 - INFO - [scripts.interpretation.logic.interpretation_scraper] -   - Extraction successful: 1년미만의 근로계약을 반복적으로 체결할 경우 기간의 정함이 없는 계약으로 전환되는지 여부
2025-09-11 00:06:05,867 - INFO - [scripts.interpretation.logic.interpretation_scraper] -   - [49/50] Processing item: javascript:cgmExpcView('16904', '350101');return false;
2025-09-11 00:06:06,023 - INFO - [scripts.interpretation.logic.interpretation_scraper] -   - Extraction successful: 1년미만의 근로계약을 반복적으로 체결할 경우 기간의 정함이 없는 계약으로 전환되는지 여부
2025-09-11 00:06:06,769 - INFO - [scripts.interpretation.logic.interpretation_scraper] -   - [50/50] Processing item: javascript:cgmExpcView('2280', '350101');return false;
2025-09-11 00:06:06,850 - INFO - [scripts.interpretation.logic.interpretation_scraper] -   - Extraction successful: 1년미만의 근로계약을 반복적으로 체결할 경우 기간의 정함이 없는 계약으로 전환되는지 여부
2025-09-11 00:06:08,068 - INFO - [scripts.interpretation.logic.interpretation_scraper] - --- Finished page 1 / 2 ---
2025-09-11 00:06:08,068 - INFO - [scripts.interpretation.logic.interpretation_scraper] - --- Starting page 2 / 2 ---
2025-09-11 00:06:08,068 - INFO - [scripts.interpretation.logic.interpretation_scraper] - Navigating to page 2...
2025-09-11 00:06:26,444 - INFO - [scripts.interpretation.logic.interpretation_scraper] - Successfully navigated to page 2.
2025-09-11 00:06:26,449 - INFO - [scripts.interpretation.logic.interpretation_scraper] - Found 50 links on this page.
2025-09-11 00:06:26,606 - INFO - [scripts.interpretation.logic.interpretation_scraper] -   - [1/50] Processing item: javascript:cgmExpcView('2282', '350101');return false;
2025-09-11 00:06:26,678 - INFO - [scripts.interpretation.logic.interpretation_scraper] -   - Extraction successful: 1일 안전교육 참가시 당일 임금을 교육비로 지급여부
2025-09-11 00:06:28,078 - INFO - [scripts.interpretation.logic.interpretation_scraper] -   - [2/50] Processing item: javascript:cgmExpcView('214258', '350101');return false;
2025-09-11 00:06:28,165 - INFO - [scripts.interpretation.logic.interpretation_scraper] -   - Extraction successful: 1주간 소정근로시간이 39시간일 때 개정 근로기준법상 단시간근로자인지 여부
2025-09-11 00:06:29,411 - INFO - [scripts.interpretation.logic.interpretation_scraper] -   - [3/50] Processing item: javascript:cgmExpcView('22434', '350101');return false;
2025-09-11 00:06:29,499 - INFO - [scripts.interpretation.logic.interpretation_scraper] -   - Extraction successful: 1주간 소정근로시간이 39시간일 때 개정 근로기준법상 단시간근로자인지 여부
2025-09-11 00:06:30,916 - INFO - [scripts.interpretation.logic.interpretation_scraper] -   - [4/50] Processing item: javascript:cgmExpcView('13086', '350101');return false;
2025-09-11 00:06:30,996 - INFO - [scripts.interpretation.logic.interpretation_scraper] -   - Extraction successful: 1주간 주중 근로와 주말 근로의 근로시간이 다른 경우 감시·단속 적 근로 종사자에 대한 적용제외 승인 여부
2025-09-11 00:06:31,560 - INFO - [scripts.interpretation.logic.interpretation_scraper] -   - [5/50] Processing item: javascript:cgmExpcView('314000', '350101');return false;
2025-09-11 00:06:31,650 - INFO - [scripts.interpretation.logic.interpretation_scraper] -   - Extraction successful: 1주간 주중 근로와 주말 근로의 근로시간이 다른 경우 감시·단속 적 근로 종사자에 대한 적용제외 승인 여부
2025-09-11 00:06:32,924 - INFO - [scripts.interpretation.logic.interpretation_scraper] -   - [6/50] Processing item: javascript:cgmExpcView('28292', '350101');return false;
2025-09-11 00:06:33,016 - INFO - [scripts.interpretation.logic.interpretation_scraper] -   - Extraction successful: 1주일간의 지각 또는 조퇴시간을 합산하여 8시간이 되면 1일 결근으로 간주하여 유급휴일수당을 지급하지 않아도 되는지
2025-09-11 00:06:33,945 - INFO - [scripts.interpretation.logic.interpretation_scraper] -   - [7/50] Processing item: javascript:cgmExpcView('22366', '350101');return false;
2025-09-11 00:06:34,041 - INFO - [scripts.interpretation.logic.interpretation_scraper] -   - Extraction successful: 1주일간의 지각 또는 조퇴시간을 합산하여 8시간이 되면 1일 결근으로 간주하여 유급휴일수당을 지급하지 않아도 되는지
2025-09-11 00:06:34,569 - INFO - [scripts.interpretation.logic.interpretation_scraper] -   - [8/50] Processing item: javascript:cgmExpcView('315198', '350101');return false;
2025-09-11 00:06:34,646 - INFO - [scripts.interpretation.logic.interpretation_scraper] -   - Extraction successful: 1주일을 월력에 의한 일요일부터 토요일까지로 보아야 하는지
2025-09-11 00:06:36,021 - INFO - [scripts.interpretation.logic.interpretation_scraper] -   - [9/50] Processing item: javascript:cgmExpcView('22364', '350101');return false;
2025-09-11 00:06:36,098 - INFO - [scripts.interpretation.logic.interpretation_scraper] -   - Extraction successful: 1차 및 2차 검사의 건강진단기관 분리실시 가능여부
2025-09-11 00:06:37,577 - INFO - [scripts.interpretation.logic.interpretation_scraper] -   - [10/50] Processing item: javascript:cgmExpcView('213914', '350101');return false;
2025-09-11 00:06:37,656 - INFO - [scripts.interpretation.logic.interpretation_scraper] -   - Extraction successful: (1) 통역사가 「기간제 및 단시간근로자 보호 등에 관한 법률」 (이하 ‘기간제법’) 시행령 제3조제3항제5호의 한국표준직업분류 대분류 1(개정 전 대분류 0)과 대분류 2(개정 전 대분류 1) 직업에 해당하는지 여부, (2) 통역사가 계약 기간 2년 중 출산휴가와 육아휴직을 사용한 경우에 기간제법 시행령 제3조 제3항제5호의 최근 2년간 연평균근로소득 산정시 출산휴가육아휴직기간과 동기간 중 임금을 포함해야 하는지 여부
2025-09-11 00:06:38,272 - INFO - [scripts.interpretation.logic.interpretation_scraper] -   - [11/50] Processing item: javascript:cgmExpcView('21966', '350101');return false;
2025-09-11 00:06:38,362 - INFO - [scripts.interpretation.logic.interpretation_scraper] -   - Extraction successful: (1) 통역사가 「기간제 및 단시간근로자 보호 등에 관한 법률」 (이하 ‘기간제법’) 시행령 제3조제3항제5호의 한국표준직업분류 대분류 1(개정 전 대분류 0)과 대분류 2(개정 전 대분류 1) 직업에 해당하는지 여부, (2) 통역사가 계약 기간 2년 중 출산휴가와 육아휴직을 사용한 경우에 기간제법 시행령 제3조 제3항제5호의 최근 2년간 연평균근로소득 산정시 출산휴가육아휴직기간과 동기간 중 임금을 포함해야 하는지 여부
2025-09-11 00:06:39,038 - INFO - [scripts.interpretation.logic.interpretation_scraper] -   - [12/50] Processing item: javascript:cgmExpcView('28962', '350101');return false;
2025-09-11 00:06:39,130 - INFO - [scripts.interpretation.logic.interpretation_scraper] -   - Extraction successful: 1회의 감급사유에 대한 감급액의 적용방법
2025-09-11 00:06:40,323 - INFO - [scripts.interpretation.logic.interpretation_scraper] -   - [13/50] Processing item: javascript:cgmExpcView('28182', '350101');return false;
2025-09-11 00:06:40,414 - INFO - [scripts.interpretation.logic.interpretation_scraper] -   - Extraction successful: 1회의 감급사유에 대한 감급액의 적용방법
2025-09-11 00:06:41,237 - INFO - [scripts.interpretation.logic.interpretation_scraper] -   - [14/50] Processing item: javascript:cgmExpcView('313600', '350101');return false;
2025-09-11 00:06:41,322 - INFO - [scripts.interpretation.logic.interpretation_scraper] -   - Extraction successful: 2001. 1. 1 이전에 착공된 공사현장에서 퇴직한 안전관리자 대신 기술지도로 대체 가능여부
2025-09-11 00:06:42,594 - INFO - [scripts.interpretation.logic.interpretation_scraper] -   - [15/50] Processing item: javascript:cgmExpcView('23602', '350101');return false;
2025-09-11 00:06:42,684 - INFO - [scripts.interpretation.logic.interpretation_scraper] -   - Extraction successful: 2001. 1. 1 이전에 착공된 공사현장에서 퇴직한 안전관리자 대신 기술지도로 대체 가능여부
2025-09-11 00:06:43,323 - INFO - [scripts.interpretation.logic.interpretation_scraper] -   - [16/50] Processing item: javascript:cgmExpcView('314818', '350101');return false;
2025-09-11 00:06:43,408 - INFO - [scripts.interpretation.logic.interpretation_scraper] -   - Extraction successful: 2001. 1. 1 이전에 착공된 공사현장에서 퇴직한 안전관리자 대신 기술지도로 대체 가능여부
2025-09-11 00:06:43,977 - INFO - [scripts.interpretation.logic.interpretation_scraper] -   - [17/50] Processing item: javascript:cgmExpcView('15282', '350101');return false;
2025-09-11 00:06:44,056 - INFO - [scripts.interpretation.logic.interpretation_scraper] -   - Extraction successful: 2006. 9. 7. 인천해양경찰서의 행정처분 의뢰에 따라, 2006.10.10 유료직업소개사업자인 동해해운취업정보(대표자 이혜원)에 대해 직업안정법(이하 “법”이라 함) 제22조제3항의 위반으로 사업정지 1월의 행정처분을 내린 바 있고, -2008. 8. 8. 대표자변경등록신고서(이혜원에서→천병인으로 변경)가 접수되어 관악구청이 관악경찰서에 범죄경력을 조회한 결과 이혜원과 천병인은 동 법 제22조제3항 위반으로 2006. 11. 22. 인천지방법원으로부터 벌금 100만원의 선고를 받은 사실이 있음을 확인함 이 경우 사업정지 1월의 행정처분 후, 인천지방법원으로부터 동 건 법 위반으로 벌금형 선고를 받은 경우, 이를 이유로 법 제36조제1항제2호에 따라 “등록취소”처분이 가능한 지 여부
2025-09-11 00:06:45,343 - INFO - [scripts.interpretation.logic.interpretation_scraper] -   - [18/50] Processing item: javascript:cgmExpcView('15114', '350101');return false;
2025-09-11 00:06:45,430 - INFO - [scripts.interpretation.logic.interpretation_scraper] -   - Extraction successful: 2006. 9. 7. 인천해양경찰서의 행정처분 의뢰에 따라, 2006.10.10 유료직업소개사업자인 동해해운취업정보(대표자 이혜원)에 대해 직업안정법(이하 “법”이라 함) 제22조제3항의 위반으로 사업정지 1월의 행정처분을 내린 바 있고, -2008. 8. 8. 대표자변경등록신고서(이혜원에서→천병인으로 변경)가 접수되어 관악구청이 관악경찰서에 범죄경력을 조회한 결과 이혜원과 천병인은 동 법 제22조제3항 위반으로 2006. 11. 22. 인천지방법원으로부터 벌금 100만원의 선고를 받은 사실이 있음을 확인함 이 경우 사업정지 1월의 행정처분 후, 인천지방법원으로부터 동 건 법 위반으로 벌금형 선고를 받은 경우, 이를 이유로 법 제36조제1항제2호에 따라 “등록취소”처분이 가능한 지 여부
2025-09-11 00:06:46,108 - INFO - [scripts.interpretation.logic.interpretation_scraper] -   - [19/50] Processing item: javascript:cgmExpcView('314270', '350101');return false;
2025-09-11 00:06:46,196 - INFO - [scripts.interpretation.logic.interpretation_scraper] -   - Extraction successful: 2006. 9. 7. 인천해양경찰서의 행정처분 의뢰에 따라, 2006.10.10 유료직업소개사업자인 동해해운취업정보(대표자 이혜원)에 대해 직업안정법(이하 “법”이라 함) 제22조제3항의 위반으로 사업정지 1월의 행정처분을 내린 바 있고, -2008. 8. 8. 대표자변경등록신고서(이혜원에서→천병인으로 변경)가 접수되어 관악구청이 관악경찰서에 범죄경력을 조회한 결과 이혜원과 천병인은 동 법 제22조제3항 위반으로 2006. 11. 22. 인천지방법원으로부터 벌금 100만원의 선고를 받은 사실이 있음을 확인함 이 경우 사업정지 1월의 행정처분 후, 인천지방법원으로부터 동 건 법 위반으로 벌금형 선고를 받은 경우, 이를 이유로 법 제36조제1항제2호에 따라 “등록취소”처분이 가능한 지 여부
2025-09-11 00:06:46,848 - INFO - [scripts.interpretation.logic.interpretation_scraper] -   - [20/50] Processing item: javascript:cgmExpcView('315334', '350101');return false;
2025-09-11 00:06:46,936 - INFO - [scripts.interpretation.logic.interpretation_scraper] -   - Extraction successful: 2006. 9. 7. 인천해양경찰서의 행정처분 의뢰에 따라, 2006.10.10 유료직업소개사업자인 동해해운취업정보(대표자 이혜원)에 대해 직업안정법(이하 “법”이라 함) 제22조제3항의 위반으로 사업정지 1월의 행정처분을 내린 바 있고, -2008. 8. 8. 대표자변경등록신고서(이혜원에서→천병인으로 변경)가 접수되어 관악구청이 관악경찰서에 범죄경력을 조회한 결과 이혜원과 천병인은 동 법 제22조제3항 위반으로 2006. 11. 22. 인천지방법원으로부터 벌금 100만원의 선고를 받은 사실이 있음을 확인함 이 경우 사업정지 1월의 행정처분 후, 인천지방법원으로부터 동 건 법 위반으로 벌금형 선고를 받은 경우, 이를 이유로 법 제36조제1항제2호에 따라 “등록취소”처분이 가능한 지 여부
2025-09-11 00:06:48,379 - INFO - [scripts.interpretation.logic.interpretation_scraper] -   - [21/50] Processing item: javascript:cgmExpcView('15196', '350101');return false;
2025-09-11 00:06:48,456 - INFO - [scripts.interpretation.logic.interpretation_scraper] -   - Extraction successful: 2008.12월~2009.5.15.까지는 일반 기간제근로자로, 2009.5.18.~ 2009.12.17. 까지는 농촌현장인턴으로, 2010.1.4.~1010.11.30.까지는 다시 일반 기간제 근로자로 각각 근로계약을 체결하고 동일한 업무를 수행한 경우 계속근로 년수 산정방법과 퇴직금 지급대상 여부
2025-09-11 00:06:49,579 - INFO - [scripts.interpretation.logic.interpretation_scraper] -   - [22/50] Processing item: javascript:cgmExpcView('315038', '350101');return false;
2025-09-11 00:06:49,661 - INFO - [scripts.interpretation.logic.interpretation_scraper] -   - Extraction successful: 20억 미만 공사에서의 안전관리자 선임
2025-09-11 00:06:50,262 - INFO - [scripts.interpretation.logic.interpretation_scraper] -   - [23/50] Processing item: javascript:cgmExpcView('314772', '350101');return false;
2025-09-11 00:06:50,357 - INFO - [scripts.interpretation.logic.interpretation_scraper] -   - Extraction successful: 20억 미만 공사에서의 안전관리자 선임
2025-09-11 00:06:51,197 - INFO - [scripts.interpretation.logic.interpretation_scraper] -   - [24/50] Processing item: javascript:cgmExpcView('30598', '350101');return false;
2025-09-11 00:06:51,270 - INFO - [scripts.interpretation.logic.interpretation_scraper] -   - Extraction successful: 20억원 미만 공사에서 관리책임자 및 무자격 안전관리자 업무수당 사용여부
2025-09-11 00:06:52,167 - INFO - [scripts.interpretation.logic.interpretation_scraper] -   - [25/50] Processing item: javascript:cgmExpcView('29006', '350101');return false;
2025-09-11 00:06:52,228 - INFO - [scripts.interpretation.logic.interpretation_scraper] -   - Extraction successful: 20억원 미만 공사에서 관리책임자 및 무자격 안전관리자 업무수당 사용여부
2025-09-11 00:06:53,719 - INFO - [scripts.interpretation.logic.interpretation_scraper] -   - [26/50] Processing item: javascript:cgmExpcView('214104', '350101');return false;
2025-09-11 00:06:53,803 - INFO - [scripts.interpretation.logic.interpretation_scraper] -   - Extraction successful: 20억원 미만 공사에서 관리책임자 및 무자격 안전관리자 업무수당 사용여부
2025-09-11 00:06:54,729 - INFO - [scripts.interpretation.logic.interpretation_scraper] -   - [27/50] Processing item: javascript:cgmExpcView('9130', '350101');return false;
2025-09-11 00:06:54,793 - INFO - [scripts.interpretation.logic.interpretation_scraper] -   - Extraction successful: 24시간 격일제근로로 적용제외 승인을 받은 경우, 3일 연속 근무가 승인취소의 사유가 되는지
2025-09-11 00:06:56,142 - INFO - [scripts.interpretation.logic.interpretation_scraper] -   - [28/50] Processing item: javascript:cgmExpcView('9528', '350101');return false;
2025-09-11 00:06:56,203 - INFO - [scripts.interpretation.logic.interpretation_scraper] -   - Extraction successful: 21가지 장소 해당 여부
2025-09-11 00:06:57,483 - INFO - [scripts.interpretation.logic.interpretation_scraper] -   - [29/50] Processing item: javascript:cgmExpcView('9240', '350101');return false;
2025-09-11 00:06:57,605 - INFO - [scripts.interpretation.logic.interpretation_scraper] -   - Extraction successful: 24시간 격일제 근로의 경우 1주간의 비번일 중 1일을 유급처리시 별도로 주휴일을 부여해야 하는지
2025-09-11 00:06:58,461 - INFO - [scripts.interpretation.logic.interpretation_scraper] -   - [30/50] Processing item: javascript:cgmExpcView('9192', '350101');return false;
2025-09-11 00:06:58,524 - INFO - [scripts.interpretation.logic.interpretation_scraper] -   - Extraction successful: 24시간 격일제근로로 적용제외 승인을 받은 경우, 3일 연속 근무가 승인취소의 사유가 되는지
2025-09-11 00:07:00,007 - INFO - [scripts.interpretation.logic.interpretation_scraper] -   - [31/50] Processing item: javascript:cgmExpcView('314254', '350101');return false;
2025-09-11 00:07:00,094 - INFO - [scripts.interpretation.logic.interpretation_scraper] -   - Extraction successful: 24시간 격일제근로로 적용제외 승인을 받은 경우, 3일 연속 근무가 승인취소의 사유가 되는지
2025-09-11 00:07:01,093 - INFO - [scripts.interpretation.logic.interpretation_scraper] -   - [32/50] Processing item: javascript:cgmExpcView('15768', '350101');return false;
2025-09-11 00:07:01,176 - INFO - [scripts.interpretation.logic.interpretation_scraper] -   - Extraction successful: 24시간 격일제근로로 적용제외 승인을 받은 경우, 3일 연속 근무가 승인취소의 사유가 되는지
2025-09-11 00:07:02,561 - INFO - [scripts.interpretation.logic.interpretation_scraper] -   - [33/50] Processing item: javascript:cgmExpcView('26824', '350101');return false;
2025-09-11 00:07:02,651 - INFO - [scripts.interpretation.logic.interpretation_scraper] -   - Extraction successful: 24시간 격일제 근로자 연차유급휴가 사용 관련
2025-09-11 00:07:03,778 - INFO - [scripts.interpretation.logic.interpretation_scraper] -   - [34/50] Processing item: javascript:cgmExpcView('29454', '350101');return false;
2025-09-11 00:07:03,862 - INFO - [scripts.interpretation.logic.interpretation_scraper] -   - Extraction successful: 24시간 격일제 근로자 연차유급휴가 사용 관련
2025-09-11 00:07:04,494 - INFO - [scripts.interpretation.logic.interpretation_scraper] -   - [35/50] Processing item: javascript:cgmExpcView('8306', '350101');return false;
2025-09-11 00:07:04,583 - INFO - [scripts.interpretation.logic.interpretation_scraper] -   - Extraction successful: 24시간 격일제 근로자 연차유급휴가 사용 관련
2025-09-11 00:07:05,187 - INFO - [scripts.interpretation.logic.interpretation_scraper] -   - [36/50] Processing item: javascript:cgmExpcView('213862', '350101');return false;
2025-09-11 00:07:05,273 - INFO - [scripts.interpretation.logic.interpretation_scraper] -   - Extraction successful: 24시간 격일제 근로자 연차유급휴가 사용 관련
2025-09-11 00:07:05,955 - INFO - [scripts.interpretation.logic.interpretation_scraper] -   - [37/50] Processing item: javascript:cgmExpcView('22008', '350101');return false;
2025-09-11 00:07:06,046 - INFO - [scripts.interpretation.logic.interpretation_scraper] -   - Extraction successful: 24시간 격일제 근로자 연차유급휴가 사용 관련
2025-09-11 00:07:07,067 - INFO - [scripts.interpretation.logic.interpretation_scraper] -   - [38/50] Processing item: javascript:cgmExpcView('8440', '350101');return false;
2025-09-11 00:07:07,136 - INFO - [scripts.interpretation.logic.interpretation_scraper] -   - Extraction successful: 24시간 격일제 근로형태에서 월차휴가를 12시간만 부여가 가능한지
2025-09-11 00:07:07,993 - INFO - [scripts.interpretation.logic.interpretation_scraper] -   - [39/50] Processing item: javascript:cgmExpcView('13156', '350101');return false;
2025-09-11 00:07:08,063 - INFO - [scripts.interpretation.logic.interpretation_scraper] -   - Extraction successful: 24시간 격일제 근로형태에서 월차휴가를 12시간만 부여가 가능한지
2025-09-11 00:07:09,207 - INFO - [scripts.interpretation.logic.interpretation_scraper] -   - [40/50] Processing item: javascript:cgmExpcView('29382', '350101');return false;
2025-09-11 00:07:09,264 - INFO - [scripts.interpretation.logic.interpretation_scraper] -   - Extraction successful: 24시간 격일제 근로자의 월차유급휴가 사용시 12시간만을 휴가로 부여할 수 있는지
2025-09-11 00:07:10,326 - INFO - [scripts.interpretation.logic.interpretation_scraper] -   - [41/50] Processing item: javascript:cgmExpcView('314044', '350101');return false;
2025-09-11 00:07:10,403 - INFO - [scripts.interpretation.logic.interpretation_scraper] -   - Extraction successful: 24시간 격일제 근로자의 월차유급휴가 사용시 12시간만을 휴가로 부여할 수 있는지
2025-09-11 00:07:11,512 - INFO - [scripts.interpretation.logic.interpretation_scraper] -   - [42/50] Processing item: javascript:cgmExpcView('15016', '350101');return false;
2025-09-11 00:07:11,594 - INFO - [scripts.interpretation.logic.interpretation_scraper] -   - Extraction successful: 2개 공사현장에 1인의 안전관리자를 선임할 경우 안전관련 서류 작성방법
2025-09-11 00:07:12,959 - INFO - [scripts.interpretation.logic.interpretation_scraper] -   - [43/50] Processing item: javascript:cgmExpcView('17362', '350101');return false;
2025-09-11 00:07:13,037 - INFO - [scripts.interpretation.logic.interpretation_scraper] -   - Extraction successful: 2개 공사현장에 1인의 안전관리자를 선임할 경우 안전관련 서류 작성방법
2025-09-11 00:07:13,853 - INFO - [scripts.interpretation.logic.interpretation_scraper] -   - [44/50] Processing item: javascript:cgmExpcView('17364', '350101');return false;
2025-09-11 00:07:13,932 - INFO - [scripts.interpretation.logic.interpretation_scraper] -   - Extraction successful: 2개 노조가 모두 과반수 노조라고 통지하였고 사용자가 그대로 공고하였으나 어느 노조도 노동위원회에 이의신청하지 않은 경우 창 구단일화 절차는
2025-09-11 00:07:14,548 - INFO - [scripts.interpretation.logic.interpretation_scraper] -   - [45/50] Processing item: javascript:cgmExpcView('12548', '350101');return false;
2025-09-11 00:07:14,638 - INFO - [scripts.interpretation.logic.interpretation_scraper] -   - Extraction successful: 2개 노조가 모두 과반수 노조라고 통지하였고 사용자가 그대로 공고하였으나 어느 노조도 노동위원회에 이의신청하지 않은 경우 창 구단일화 절차는
2025-09-11 00:07:15,607 - INFO - [scripts.interpretation.logic.interpretation_scraper] -   - [46/50] Processing item: javascript:cgmExpcView('2302', '350101');return false;
2025-09-11 00:07:15,696 - INFO - [scripts.interpretation.logic.interpretation_scraper] -   - Extraction successful: 2개 기금 운영 중 1개 기금 소속 사업장 폐쇄시 해산이 가능한지
2025-09-11 00:07:17,143 - INFO - [scripts.interpretation.logic.interpretation_scraper] -   - [47/50] Processing item: javascript:cgmExpcView('314780', '350101');return false;
2025-09-11 00:07:17,246 - INFO - [scripts.interpretation.logic.interpretation_scraper] -   - Extraction successful: 2개 사업부서 중 1개부서를 분리하는 경우 기금분할이 가능한지
2025-09-11 00:07:18,397 - INFO - [scripts.interpretation.logic.interpretation_scraper] -   - [48/50] Processing item: javascript:cgmExpcView('22446', '350101');return false;
2025-09-11 00:07:18,478 - INFO - [scripts.interpretation.logic.interpretation_scraper] -   - Extraction successful: 2개사의 합병 후 명예퇴직을 대상자로 분류된 자에 대한 대기발령을 사용자의 귀책사유로 인한 휴업으로 볼 수 있는지
2025-09-11 00:07:19,507 - INFO - [scripts.interpretation.logic.interpretation_scraper] -   - [49/50] Processing item: javascript:cgmExpcView('2154', '350101');return false;
2025-09-11 00:07:19,598 - INFO - [scripts.interpretation.logic.interpretation_scraper] -   - Extraction successful: 2개사의 합병 후 명예퇴직을 대상자로 분류된 자에 대한 대기발령을 사용자의 귀책사유로 인한 휴업으로 볼 수 있는지
2025-09-11 00:07:20,222 - INFO - [scripts.interpretation.logic.interpretation_scraper] -   - [50/50] Processing item: javascript:cgmExpcView('17374', '350101');return false;
2025-09-11 00:07:20,294 - INFO - [scripts.interpretation.logic.interpretation_scraper] -   - Extraction successful: 2개사의 합병 후 명예퇴직을 대상자로 분류된 자에 대한 대기발령을 사용자의 귀책사유로 인한 휴업으로 볼 수 있는지
2025-09-11 00:07:21,593 - INFO - [scripts.interpretation.logic.interpretation_scraper] - --- Finished page 2 / 2 ---
2025-09-11 00:07:21,633 - INFO - [scripts.interpretation.logic.interpretation_scraper] - Scraping process finished. Data saved to 'data/raw/interpretation/350101/350101_documents.jsonl'
2025-09-11 00:07:21,638 - INFO - [__main__] - 통합 스크레이퍼 완료.
