2025-09-10 23:57:39,345 - INFO - [__main__] - 통합 스크레이퍼 실행...
2025-09-10 23:57:39,345 - INFO - [scripts.interpretation.logic.interpretation_scraper] - Scraping process started.
2025-09-10 23:57:39,345 - INFO - [scripts.interpretation.logic.interpretation_scraper] - Output file will be saved to: data/raw/interpretation/350101/350101_documents.jsonl
2025-09-10 23:57:39,346 - INFO - [scripts.interpretation.logic.interpretation_scraper] - Existing output file deleted.
2025-09-10 23:57:39,723 - INFO - [scripts.interpretation.logic.interpretation_scraper] - Navigating to start page: https://www.law.go.kr/cgmExpcSc.do?menuId=11&subMenuId=729&tabMenuId=773
2025-09-10 23:57:41,038 - INFO - [scripts.interpretation.logic.interpretation_scraper] - Page navigation successful.
2025-09-10 23:57:41,067 - INFO - [scripts.interpretation.logic.interpretation_scraper] - Initial total items text: '155,146'
2025-09-10 23:57:41,067 - INFO - [scripts.interpretation.logic.interpretation_scraper] - Opening detailed search panel...
2025-09-10 23:57:41,165 - INFO - [scripts.interpretation.logic.interpretation_scraper] - Selecting department code: 350101
2025-09-10 23:57:41,176 - INFO - [scripts.interpretation.logic.interpretation_scraper] - Applying filter by clicking search button...
2025-09-10 23:57:41,186 - INFO - [scripts.interpretation.logic.interpretation_scraper] - Waiting for page to update after filtering...
2025-09-10 23:57:41,558 - INFO - [scripts.interpretation.logic.interpretation_scraper] - Filter application complete.
2025-09-10 23:57:41,563 - INFO - [scripts.interpretation.logic.interpretation_scraper] - Found 9574 items across 192 pages.
2025-09-10 23:57:41,564 - INFO - [scripts.interpretation.logic.interpretation_scraper] - User override: Crawling a maximum of 2 pages.
2025-09-10 23:57:41,564 - INFO - [scripts.interpretation.logic.interpretation_scraper] - --- Starting page 1 / 2 ---
2025-09-10 23:57:41,567 - INFO - [scripts.interpretation.logic.interpretation_scraper] - Found 50 links on this page.
2025-09-10 23:57:41,718 - INFO - [scripts.interpretation.logic.interpretation_scraper] -   - [1/50] Processing item: javascript:cgmExpcView('28212', '350101');return false;
2025-09-10 23:57:41,889 - INFO - [scripts.interpretation.logic.interpretation_scraper] -   - Extraction successful: 06.1.1 이후 채용시 건강진단 비용의 산업안전보건관리비 사용가능 여부
2025-09-10 23:57:43,021 - INFO - [scripts.interpretation.logic.interpretation_scraper] -   - [2/50] Processing item: javascript:cgmExpcView('314616', '350101');return false;
2025-09-10 23:57:43,111 - INFO - [scripts.interpretation.logic.interpretation_scraper] -   - Extraction successful: 06.1.1 이후 채용시 건강진단 비용의 산업안전보건관리비 사용가능 여부
2025-09-10 23:57:44,012 - INFO - [scripts.interpretation.logic.interpretation_scraper] -   - [3/50] Processing item: javascript:cgmExpcView('279490', '350101');return false;
2025-09-10 23:57:44,103 - INFO - [scripts.interpretation.logic.interpretation_scraper] -   - Extraction successful: ‘06.5.18자로 직업안정법 제21조 위반으로 등록취소된 사업자의 딸이 다른 장소에 유료직업소개등록신청시 신규등록을 받아주어야 하는 지 여부
2025-09-10 23:57:45,403 - INFO - [scripts.interpretation.logic.interpretation_scraper] -   - [4/50] Processing item: javascript:cgmExpcView('30332', '350101');return false;
2025-09-10 23:57:45,490 - INFO - [scripts.interpretation.logic.interpretation_scraper] -   - Extraction successful: 100분의 80이상 이수후 취업자에 대한 훈련수당 지급여부
2025-09-10 23:57:46,385 - INFO - [scripts.interpretation.logic.interpretation_scraper] -   - [5/50] Processing item: javascript:cgmExpcView('1968', '350101');return false;
2025-09-10 23:57:46,466 - INFO - [scripts.interpretation.logic.interpretation_scraper] -   - Extraction successful: 100억원 이상 하도급 계약 안전관리자 선임
2025-09-10 23:57:47,355 - INFO - [scripts.interpretation.logic.interpretation_scraper] -   - [6/50] Processing item: javascript:cgmExpcView('315444', '350101');return false;
2025-09-10 23:57:47,429 - INFO - [scripts.interpretation.logic.interpretation_scraper] -   - Extraction successful: 10인 미만 사업장 취업규칙의 효력 등 관련 행정해석 변경
2025-09-10 23:57:48,782 - INFO - [scripts.interpretation.logic.interpretation_scraper] -   - [7/50] Processing item: javascript:cgmExpcView('12980', '350101');return false;
2025-09-10 23:57:48,870 - INFO - [scripts.interpretation.logic.interpretation_scraper] -   - Extraction successful: 10인 미만의 사업장에서 취업규칙을 불이익하게 변경하는 경우에도 근로자의 집단적 동의를 얻어야 하는지
2025-09-10 23:57:49,673 - INFO - [scripts.interpretation.logic.interpretation_scraper] -   - [8/50] Processing item: javascript:cgmExpcView('12844', '350101');return false;
2025-09-10 23:57:49,777 - INFO - [scripts.interpretation.logic.interpretation_scraper] -   - Extraction successful: 10. 표창과 제재에 관한 사항 11. 기타 당해 사업 또는 사업장의 근로자 전체에 적용될 사항 요점 지역의료보험조합운영규정이 취업규칙에 해당하는지 여부
2025-09-10 23:57:50,872 - INFO - [scripts.interpretation.logic.interpretation_scraper] -   - [9/50] Processing item: javascript:cgmExpcView('17616', '350101');return false;
2025-09-10 23:57:50,964 - INFO - [scripts.interpretation.logic.interpretation_scraper] -   - Extraction successful: 114안내 재택근무요원이 근로자인지 여부
2025-09-10 23:57:52,319 - INFO - [scripts.interpretation.logic.interpretation_scraper] -   - [10/50] Processing item: javascript:cgmExpcView('214078', '350101');return false;
2025-09-10 23:57:52,469 - INFO - [scripts.interpretation.logic.interpretation_scraper] -   - Extraction successful: 119안전센터장이 업무총괄자에 해당하는지 여부
2025-09-10 23:57:53,037 - INFO - [scripts.interpretation.logic.interpretation_scraper] -   - [11/50] Processing item: javascript:cgmExpcView('28970', '350101');return false;
2025-09-10 23:57:53,123 - INFO - [scripts.interpretation.logic.interpretation_scraper] -   - Extraction successful: 120억원 미만 2개현장 안전관리자 중복 배치여부
2025-09-10 23:57:54,201 - INFO - [scripts.interpretation.logic.interpretation_scraper] -   - [12/50] Processing item: javascript:cgmExpcView('27714', '350101');return false;
2025-09-10 23:57:54,294 - INFO - [scripts.interpretation.logic.interpretation_scraper] -   - Extraction successful: 120억원 미만 2개 현장 안전관리자 중복 배치여부
2025-09-10 23:57:54,846 - INFO - [scripts.interpretation.logic.interpretation_scraper] -   - [13/50] Processing item: javascript:cgmExpcView('16136', '350101');return false;
2025-09-10 23:57:55,053 - INFO - [scripts.interpretation.logic.interpretation_scraper] -   - Extraction successful: 154KV관련 공사의 공사종류 등에 대한 회시
2025-09-10 23:57:56,441 - INFO - [scripts.interpretation.logic.interpretation_scraper] -   - [14/50] Processing item: javascript:cgmExpcView('314412', '350101');return false;
2025-09-10 23:57:56,710 - INFO - [scripts.interpretation.logic.interpretation_scraper] -   - Extraction successful: ’18년 아동복지교사 지원사업을 위한 근로자 채용에 따른 질의
2025-09-10 23:57:57,458 - INFO - [scripts.interpretation.logic.interpretation_scraper] -   - [15/50] Processing item: javascript:cgmExpcView('29242', '350101');return false;
2025-09-10 23:57:57,911 - INFO - [scripts.interpretation.logic.interpretation_scraper] -   - Extraction successful: 1992.7월부터 1996.6월까지 약 4년간 법인체 직업안내소 대표이사로 근무한 경력이 있어, 다른 직업안내소에 상담직원으로 취업을 하고자 하는데 대표이사로 근무한 경력을 상담업무에 종사한 경력으로 인정할 수 있는 여부
2025-09-10 23:57:59,353 - INFO - [scripts.interpretation.logic.interpretation_scraper] -   - [16/50] Processing item: javascript:cgmExpcView('29096', '350101');return false;
2025-09-10 23:58:00,192 - INFO - [scripts.interpretation.logic.interpretation_scraper] -   - Extraction successful: 1개 병원은 노동조합의 대표자가 근로자대표로, 1개 병원은 자체 선출된 사람이 각각 산업안전보건위원회 근로자 대표로 되어 있을 경우 노동조합 대표자가 다른 사업장의 근로자위원 교체를 요구할 수 있는지 여부 등
2025-09-10 23:58:00,769 - INFO - [scripts.interpretation.logic.interpretation_scraper] -   - [17/50] Processing item: javascript:cgmExpcView('17076', '350101');return false;
2025-09-10 23:58:01,210 - INFO - [scripts.interpretation.logic.interpretation_scraper] -   - Extraction successful: 1개 병원은 노동조합의 대표자가 근로자대표로, 1개 병원은 자체 선출된 사람이 각각 산업안전보건위원회 근로자 대표로 되어 있을 경우 노동조합 대표자가 다른 사업장의 근로자위원 교체를 요구할 수 있는지 여부 등
2025-09-10 23:58:02,412 - INFO - [scripts.interpretation.logic.interpretation_scraper] -   - [18/50] Processing item: javascript:cgmExpcView('237372', '350101');return false;
2025-09-10 23:58:02,786 - INFO - [scripts.interpretation.logic.interpretation_scraper] -   - Extraction successful: 1개월을 초과하는 주기로 지급하는 임금을 총액의 변동 없이 매월 지급하는 것으로 취업규칙을 변경할 때 유효 요건
2025-09-10 23:58:03,639 - INFO - [scripts.interpretation.logic.interpretation_scraper] -   - [19/50] Processing item: javascript:cgmExpcView('15234', '350101');return false;
2025-09-10 23:58:04,188 - INFO - [scripts.interpretation.logic.interpretation_scraper] -   - Extraction successful: 1개회사에 2개의 기금설립 가능여부
2025-09-10 23:58:05,691 - INFO - [scripts.interpretation.logic.interpretation_scraper] -   - [20/50] Processing item: javascript:cgmExpcView('11684', '350101');return false;
2025-09-10 23:58:05,850 - INFO - [scripts.interpretation.logic.interpretation_scraper] -   - Extraction successful: 1년간 8할미만 출근자 연차유급휴가 사용촉진의 대상 여부
2025-09-10 23:58:06,448 - INFO - [scripts.interpretation.logic.interpretation_scraper] -   - [21/50] Processing item: javascript:cgmExpcView('15156', '350101');return false;
2025-09-10 23:58:06,603 - INFO - [scripts.interpretation.logic.interpretation_scraper] -   - Extraction successful: 1년간 근속한 근로자가 연차유급휴가를 청구할 수 있는지 여부
2025-09-10 23:58:07,430 - INFO - [scripts.interpretation.logic.interpretation_scraper] -   - [22/50] Processing item: javascript:cgmExpcView('237200', '350101');return false;
2025-09-10 23:58:07,562 - INFO - [scripts.interpretation.logic.interpretation_scraper] -   - Extraction successful: 1년간의 연장·야간·휴일근로시간을 계산하여 다음연도에 선택적 보상휴가를 부여하고 미사용분에 대하여 그 다음연도에 금전보상하는 내용의 노사합의가 유효한지
2025-09-10 23:58:08,141 - INFO - [scripts.interpretation.logic.interpretation_scraper] -   - [23/50] Processing item: javascript:cgmExpcView('279762', '350101');return false;
2025-09-10 23:58:08,208 - INFO - [scripts.interpretation.logic.interpretation_scraper] -   - Extraction successful: 1 년간 정년연장하는 조합원의 자격유지 여부
2025-09-10 23:58:08,916 - INFO - [scripts.interpretation.logic.interpretation_scraper] -   - [24/50] Processing item: javascript:cgmExpcView('14920', '350101');return false;
2025-09-10 23:58:09,004 - INFO - [scripts.interpretation.logic.interpretation_scraper] -   - Extraction successful: 1년간 정년연장하는 조합원의 자격유지 여부
2025-09-10 23:58:09,514 - INFO - [scripts.interpretation.logic.interpretation_scraper] -   - [25/50] Processing item: javascript:cgmExpcView('314120', '350101');return false;
2025-09-10 23:58:09,762 - INFO - [scripts.interpretation.logic.interpretation_scraper] -   - Extraction successful: 1년간 지급받은 상여금을 평균임금 대상금품에 산입하는 방법
2025-09-10 23:58:11,049 - INFO - [scripts.interpretation.logic.interpretation_scraper] -   - [26/50] Processing item: javascript:cgmExpcView('2324', '350101');return false;
2025-09-10 23:58:11,327 - INFO - [scripts.interpretation.logic.interpretation_scraper] -   - Extraction successful: 1년간 지급받은 상여금을 평균임금 대상금품에 산입하는 방법
2025-09-10 23:58:12,306 - INFO - [scripts.interpretation.logic.interpretation_scraper] -   - [27/50] Processing item: javascript:cgmExpcView('27102', '350101');return false;
2025-09-10 23:58:12,444 - INFO - [scripts.interpretation.logic.interpretation_scraper] -   - Extraction successful: 1년 단위로 기간제노동자 채용 시 계속근로기간 등
2025-09-10 23:58:13,438 - INFO - [scripts.interpretation.logic.interpretation_scraper] -   - [28/50] Processing item: javascript:cgmExpcView('12894', '350101');return false;
2025-09-10 23:58:13,567 - INFO - [scripts.interpretation.logic.interpretation_scraper] -   - Extraction successful: 1년 동안 단체협약을 체결하지 못하였으나 다른 노동조합의 교섭요구가 없는 경우 교섭대표노동조합의 지위 유지 여부
2025-09-10 23:58:14,937 - INFO - [scripts.interpretation.logic.interpretation_scraper] -   - [29/50] Processing item: javascript:cgmExpcView('314212', '350101');return false;
2025-09-10 23:58:15,126 - INFO - [scripts.interpretation.logic.interpretation_scraper] -   - Extraction successful: 1년 미만 근로자의 재계약에 따른 계속근로 인정여부 및 퇴직금 산정방법
2025-09-10 23:58:16,317 - INFO - [scripts.interpretation.logic.interpretation_scraper] -   - [30/50] Processing item: javascript:cgmExpcView('15180', '350101');return false;
2025-09-10 23:58:16,459 - INFO - [scripts.interpretation.logic.interpretation_scraper] -   - Extraction successful: 1년미만 근무자에게 지급한 퇴직금의 환수 여부
2025-09-10 23:58:17,376 - INFO - [scripts.interpretation.logic.interpretation_scraper] -   - [31/50] Processing item: javascript:cgmExpcView('12574', '350101');return false;
2025-09-10 23:58:17,456 - INFO - [scripts.interpretation.logic.interpretation_scraper] -   - Extraction successful: 1년 미만 근무한 근로자가 연차유급휴가를 사용하지 않고 퇴사한 경우 연차유급휴가 미사용수당을 지급하여야 하는지
2025-09-10 23:58:18,310 - INFO - [scripts.interpretation.logic.interpretation_scraper] -   - [32/50] Processing item: javascript:cgmExpcView('13036', '350101');return false;
2025-09-10 23:58:18,388 - INFO - [scripts.interpretation.logic.interpretation_scraper] -   - Extraction successful: 1년 미만 단기계약근로자에 대한 휴일.휴가제도의 적용방법
2025-09-10 23:58:19,574 - INFO - [scripts.interpretation.logic.interpretation_scraper] -   - [33/50] Processing item: javascript:cgmExpcView('18244', '350101');return false;
2025-09-10 23:58:19,645 - INFO - [scripts.interpretation.logic.interpretation_scraper] -   - Extraction successful: 1년미만의 근로계약을 반복적으로 체결할 경우 기간의 정함이 없는 계약으로 전환되는지 여부
2025-09-10 23:58:20,210 - INFO - [scripts.interpretation.logic.interpretation_scraper] -   - [34/50] Processing item: javascript:cgmExpcView('18246', '350101');return false;
2025-09-10 23:58:20,228 - WARNING - [scripts.interpretation.logic.interpretation_scraper] - Subtitle parsing failed for: [고용노동부]
2025-09-10 23:58:20,283 - INFO - [scripts.interpretation.logic.interpretation_scraper] -   - Extraction successful: 1년 미만자의 연차휴가 사용촉진
2025-09-10 23:58:20,999 - INFO - [scripts.interpretation.logic.interpretation_scraper] -   - [35/50] Processing item: javascript:cgmExpcView('11390', '350101');return false;
2025-09-10 23:58:21,019 - WARNING - [scripts.interpretation.logic.interpretation_scraper] - Subtitle parsing failed for: [고용노동부]
2025-09-10 23:58:21,069 - INFO - [scripts.interpretation.logic.interpretation_scraper] -   - Extraction successful: 1년 미만자의 연차휴가 사용촉진
2025-09-10 23:58:22,473 - INFO - [scripts.interpretation.logic.interpretation_scraper] -   - [36/50] Processing item: javascript:cgmExpcView('13022', '350101');return false;
2025-09-10 23:58:22,560 - INFO - [scripts.interpretation.logic.interpretation_scraper] -   - Extraction successful: 1년을 초과하는 근로계약의 위법 여부, 기간의 정함이 있는 계약이 반복되는 경우의 효력
2025-09-10 23:58:23,669 - INFO - [scripts.interpretation.logic.interpretation_scraper] -   - [37/50] Processing item: javascript:cgmExpcView('12776', '350101');return false;
2025-09-10 23:58:23,806 - INFO - [scripts.interpretation.logic.interpretation_scraper] -   - Extraction successful: 1년을 초과하는 근로계약의 위법여부, 기간이 정함이 있는 계약이 반복되는 경우의 효력
2025-09-10 23:58:25,060 - INFO - [scripts.interpretation.logic.interpretation_scraper] -   - [38/50] Processing item: javascript:cgmExpcView('17460', '350101');return false;
2025-09-10 23:58:26,601 - INFO - [scripts.interpretation.logic.interpretation_scraper] -   - Extraction successful: 1사 2노조 사업장의 근로자위원 선출방법
2025-09-10 23:58:27,193 - INFO - [scripts.interpretation.logic.interpretation_scraper] -   - [39/50] Processing item: javascript:cgmExpcView('22006', '350101');return false;
2025-09-10 23:58:27,398 - INFO - [scripts.interpretation.logic.interpretation_scraper] -   - Extraction successful: 1사 2노조 사업장의 근로자위원 선출방법
2025-09-10 23:58:28,360 - INFO - [scripts.interpretation.logic.interpretation_scraper] -   - [40/50] Processing item: javascript:cgmExpcView('315004', '350101');return false;
2025-09-10 23:58:28,884 - INFO - [scripts.interpretation.logic.interpretation_scraper] -   - Extraction successful: 1사 다수노조로 단협 만료일이 서로 다를 경우 면제 한도 배분방법
2025-09-10 23:58:30,130 - INFO - [scripts.interpretation.logic.interpretation_scraper] -   - [41/50] Processing item: javascript:cgmExpcView('15082', '350101');return false;
2025-09-10 23:58:30,464 - INFO - [scripts.interpretation.logic.interpretation_scraper] -   - Extraction successful: 1월단위의 탄력적근로시간제 도입시 그 단위기간이 반드시 2주이상 1월이내이어야 하는지
2025-09-10 23:58:31,678 - INFO - [scripts.interpretation.logic.interpretation_scraper] -   - [42/50] Processing item: javascript:cgmExpcView('12998', '350101');return false;
2025-09-10 23:58:32,275 - INFO - [scripts.interpretation.logic.interpretation_scraper] -   - Extraction successful: 1월단위의 탄력적근로시간제 도입 시 그 단위기간이 반드시 2주 이상 1월 이내이어야 하는지
2025-09-10 23:58:33,003 - INFO - [scripts.interpretation.logic.interpretation_scraper] -   - [43/50] Processing item: javascript:cgmExpcView('314260', '350101');return false;
2025-09-10 23:58:34,259 - INFO - [scripts.interpretation.logic.interpretation_scraper] -   - Extraction successful: 1인이 수개의 동일한 사업자등록을 하고 사업을 운영하는 경우 1개의 사업 또는 사업장으로 볼 수 있는지 여부
2025-09-10 23:58:34,974 - INFO - [scripts.interpretation.logic.interpretation_scraper] -   - [44/50] Processing item: javascript:cgmExpcView('11450', '350101');return false;
2025-09-10 23:58:35,317 - INFO - [scripts.interpretation.logic.interpretation_scraper] -   - Extraction successful: 1일 10시간씩 주5일 근무하는 회사에서 유급휴일인 토요일과 일요일에 15시간씩 근로케 할 경우 근기법 제52조의 연장근로 해당여부 및 근기법 위반 여부
2025-09-10 23:58:36,033 - INFO - [scripts.interpretation.logic.interpretation_scraper] -   - [45/50] Processing item: javascript:cgmExpcView('214206', '350101');return false;
2025-09-10 23:58:36,264 - INFO - [scripts.interpretation.logic.interpretation_scraper] -   - Extraction successful: 1일 소정근로시간수의 일부만 근로제공을 한 경우 주휴를 부여할 수 있는지 여부
2025-09-10 23:58:37,650 - INFO - [scripts.interpretation.logic.interpretation_scraper] -   - [46/50] Processing item: javascript:cgmExpcView('21986', '350101');return false;
2025-09-10 23:58:38,144 - INFO - [scripts.interpretation.logic.interpretation_scraper] -   - Extraction successful: 1일 소정근로시간을 초과한 근로시간면제 활동의 유급처리여부
2025-09-10 23:58:39,094 - INFO - [scripts.interpretation.logic.interpretation_scraper] -   - [47/50] Processing item: javascript:cgmExpcView('313986', '350101');return false;
2025-09-10 23:58:39,645 - INFO - [scripts.interpretation.logic.interpretation_scraper] -   - Extraction successful: 1일 소정근로시간 초과한 근로시간면제 활동의 유급처리여부
2025-09-10 23:58:40,459 - INFO - [scripts.interpretation.logic.interpretation_scraper] -   - [48/50] Processing item: javascript:cgmExpcView('12454', '350101');return false;
2025-09-10 23:58:40,886 - INFO - [scripts.interpretation.logic.interpretation_scraper] -   - Extraction successful: 1일 안전교육 참가시 당일 임금을 교육비로 지급여부
2025-09-10 23:58:42,103 - INFO - [scripts.interpretation.logic.interpretation_scraper] -   - [49/50] Processing item: javascript:cgmExpcView('16904', '350101');return false;
2025-09-10 23:58:42,432 - INFO - [scripts.interpretation.logic.interpretation_scraper] -   - Extraction successful: 1주간 소정근로시간이 39시간일 때 개정 근로기준법상 단시간근로자인지 여부
2025-09-10 23:58:43,609 - INFO - [scripts.interpretation.logic.interpretation_scraper] -   - [50/50] Processing item: javascript:cgmExpcView('2280', '350101');return false;
2025-09-10 23:58:43,920 - INFO - [scripts.interpretation.logic.interpretation_scraper] -   - Extraction successful: 1주간 주중 근로와 주말 근로의 근로시간이 다른 경우 감시·단속 적 근로 종사자에 대한 적용제외 승인 여부
2025-09-10 23:58:45,258 - INFO - [scripts.interpretation.logic.interpretation_scraper] - --- Finished page 1 / 2 ---
2025-09-10 23:58:45,259 - INFO - [scripts.interpretation.logic.interpretation_scraper] - --- Starting page 2 / 2 ---
2025-09-10 23:58:45,259 - INFO - [scripts.interpretation.logic.interpretation_scraper] - Navigating to page 2...
2025-09-10 23:58:47,871 - INFO - [scripts.interpretation.logic.interpretation_scraper] - Successfully navigated to page 2.
2025-09-10 23:58:47,874 - INFO - [scripts.interpretation.logic.interpretation_scraper] - Found 50 links on this page.
2025-09-10 23:58:48,062 - INFO - [scripts.interpretation.logic.interpretation_scraper] -   - [1/50] Processing item: javascript:cgmExpcView('2282', '350101');return false;
2025-09-10 23:58:48,184 - INFO - [scripts.interpretation.logic.interpretation_scraper] -   - Extraction successful: 1주일간의 지각 또는 조퇴시간을 합산하여 8시간이 되면 1일 결근으로 간주하여 유급휴일수당을 지급하지 않아도 되는지
2025-09-10 23:58:49,357 - INFO - [scripts.interpretation.logic.interpretation_scraper] -   - [2/50] Processing item: javascript:cgmExpcView('214258', '350101');return false;
2025-09-10 23:58:49,791 - INFO - [scripts.interpretation.logic.interpretation_scraper] -   - Extraction successful: 1주일을 월력에 의한 일요일부터 토요일까지로 보아야 하는지
2025-09-10 23:58:50,335 - INFO - [scripts.interpretation.logic.interpretation_scraper] -   - [3/50] Processing item: javascript:cgmExpcView('22434', '350101');return false;
2025-09-10 23:58:50,420 - INFO - [scripts.interpretation.logic.interpretation_scraper] -   - Extraction successful: 1차 및 2차 검사의 건강진단기관 분리실시 가능여부
2025-09-10 23:58:51,388 - INFO - [scripts.interpretation.logic.interpretation_scraper] -   - [4/50] Processing item: javascript:cgmExpcView('13086', '350101');return false;
2025-09-10 23:58:51,495 - INFO - [scripts.interpretation.logic.interpretation_scraper] -   - Extraction successful: (1) 통역사가 「기간제 및 단시간근로자 보호 등에 관한 법률」 (이하 ‘기간제법’) 시행령 제3조제3항제5호의 한국표준직업분류 대분류 1(개정 전 대분류 0)과 대분류 2(개정 전 대분류 1) 직업에 해당하는지 여부, (2) 통역사가 계약 기간 2년 중 출산휴가와 육아휴직을 사용한 경우에 기간제법 시행령 제3조 제3항제5호의 최근 2년간 연평균근로소득 산정시 출산휴가육아휴직기간과 동기간 중 임금을 포함해야 하는지 여부
2025-09-10 23:58:52,441 - INFO - [scripts.interpretation.logic.interpretation_scraper] -   - [5/50] Processing item: javascript:cgmExpcView('314000', '350101');return false;
2025-09-10 23:58:52,555 - INFO - [scripts.interpretation.logic.interpretation_scraper] -   - Extraction successful: 1회의 감급사유에 대한 감급액의 적용방법
2025-09-10 23:58:53,533 - INFO - [scripts.interpretation.logic.interpretation_scraper] -   - [6/50] Processing item: javascript:cgmExpcView('28292', '350101');return false;
2025-09-10 23:58:53,604 - INFO - [scripts.interpretation.logic.interpretation_scraper] -   - Extraction successful: 2001. 1. 1 이전에 착공된 공사현장에서 퇴직한 안전관리자 대신 기술지도로 대체 가능여부
2025-09-10 23:58:54,859 - INFO - [scripts.interpretation.logic.interpretation_scraper] -   - [7/50] Processing item: javascript:cgmExpcView('22366', '350101');return false;
2025-09-10 23:58:54,948 - INFO - [scripts.interpretation.logic.interpretation_scraper] -   - Extraction successful: 2001. 1. 1 이전 착공공사로 안전관리자 선임시 기술지도 제외 여부
2025-09-10 23:58:55,676 - INFO - [scripts.interpretation.logic.interpretation_scraper] -   - [8/50] Processing item: javascript:cgmExpcView('315198', '350101');return false;
2025-09-10 23:58:55,762 - INFO - [scripts.interpretation.logic.interpretation_scraper] -   - Extraction successful: 2002년 6개월간 근무 경력이 있는 자를 채용하여 2011.3.24.~ 12.31까지 기간제로 사용하고 2012년말까지 계약기간을 1년 연장하는 경우, 근로기간이 2년을 초과하여 무기계약근로자로 전환되는지 여부
2025-09-10 23:58:56,776 - INFO - [scripts.interpretation.logic.interpretation_scraper] -   - [9/50] Processing item: javascript:cgmExpcView('22364', '350101');return false;
2025-09-10 23:58:56,861 - INFO - [scripts.interpretation.logic.interpretation_scraper] -   - Extraction successful: 2006. 9. 7. 인천해양경찰서의 행정처분 의뢰에 따라, 2006.10.10 유료직업소개사업자인 동해해운취업정보(대표자 이혜원)에 대해 직업안정법(이하 “법”이라 함) 제22조제3항의 위반으로 사업정지 1월의 행정처분을 내린 바 있고, -2008. 8. 8. 대표자변경등록신고서(이혜원에서→천병인으로 변경)가 접수되어 관악구청이 관악경찰서에 범죄경력을 조회한 결과 이혜원과 천병인은 동 법 제22조제3항 위반으로 2006. 11. 22. 인천지방법원으로부터 벌금 100만원의 선고를 받은 사실이 있음을 확인함 이 경우 사업정지 1월의 행정처분 후, 인천지방법원으로부터 동 건 법 위반으로 벌금형 선고를 받은 경우, 이를 이유로 법 제36조제1항제2호에 따라 “등록취소”처분이 가능한 지 여부
2025-09-10 23:58:57,600 - INFO - [scripts.interpretation.logic.interpretation_scraper] -   - [10/50] Processing item: javascript:cgmExpcView('213914', '350101');return false;
2025-09-10 23:58:57,687 - INFO - [scripts.interpretation.logic.interpretation_scraper] -   - Extraction successful: 2008.12월~2009.5.15.까지는 일반 기간제근로자로, 2009.5.18.~ 2009.12.17. 까지는 농촌현장인턴으로, 2010.1.4.~1010.11.30.까지는 다시 일반 기간제 근로자로 각각 근로계약을 체결하고 동일한 업무를 수행한 경우 계속근로 년수 산정방법과 퇴직금 지급대상 여부
2025-09-10 23:58:58,446 - INFO - [scripts.interpretation.logic.interpretation_scraper] -   - [11/50] Processing item: javascript:cgmExpcView('21966', '350101');return false;
2025-09-10 23:58:58,525 - INFO - [scripts.interpretation.logic.interpretation_scraper] -   - Extraction successful: 2010.7.1. 이후 노조 상근간부의 신분과 처우 및 근로시간면제 한도 초과인원에 대한 현업복귀 여부
2025-09-10 23:58:59,501 - INFO - [scripts.interpretation.logic.interpretation_scraper] -   - [12/50] Processing item: javascript:cgmExpcView('28962', '350101');return false;
2025-09-10 23:58:59,605 - INFO - [scripts.interpretation.logic.interpretation_scraper] -   - Extraction successful: 2010. 7. 1. 이후 노조 상근간부의 신분과 처우 및 근로시간면제 한도 초과인원에 대한 현업복귀 여부
2025-09-10 23:59:00,399 - INFO - [scripts.interpretation.logic.interpretation_scraper] -   - [13/50] Processing item: javascript:cgmExpcView('28182', '350101');return false;
2025-09-10 23:59:00,491 - INFO - [scripts.interpretation.logic.interpretation_scraper] -   - Extraction successful: 20억 미만 공사에서의 안전관리자 선임
2025-09-10 23:59:01,577 - INFO - [scripts.interpretation.logic.interpretation_scraper] -   - [14/50] Processing item: javascript:cgmExpcView('313600', '350101');return false;
2025-09-10 23:59:01,666 - INFO - [scripts.interpretation.logic.interpretation_scraper] -   - Extraction successful: 20억원 미만 공사에서 관리책임자 및 무자격 안전관리자 업무수당 사용여부
2025-09-10 23:59:02,596 - INFO - [scripts.interpretation.logic.interpretation_scraper] -   - [15/50] Processing item: javascript:cgmExpcView('23602', '350101');return false;
2025-09-10 23:59:02,692 - INFO - [scripts.interpretation.logic.interpretation_scraper] -   - Extraction successful: 20억원 미만 공사에서 관리책임자 및 무자격 안전관리자 업무수당 사용여부
2025-09-10 23:59:03,895 - INFO - [scripts.interpretation.logic.interpretation_scraper] -   - [16/50] Processing item: javascript:cgmExpcView('15282', '350101');return false;
2025-09-10 23:59:03,978 - INFO - [scripts.interpretation.logic.interpretation_scraper] -   - Extraction successful: 21가지 장소 해당 여부
2025-09-10 23:59:05,449 - INFO - [scripts.interpretation.logic.interpretation_scraper] -   - [17/50] Processing item: javascript:cgmExpcView('314818', '350101');return false;
2025-09-10 23:59:05,834 - INFO - [scripts.interpretation.logic.interpretation_scraper] -   - Extraction successful: 24시간 격일제근로로 적용제외 승인을 받은 경우, 3일 연속 근무가 승인취소의 사유가 되는지
2025-09-10 23:59:06,762 - INFO - [scripts.interpretation.logic.interpretation_scraper] -   - [18/50] Processing item: javascript:cgmExpcView('15114', '350101');return false;
2025-09-10 23:59:07,028 - INFO - [scripts.interpretation.logic.interpretation_scraper] -   - Extraction successful: 24시간 격일제근로로 적용제외 승인을 받은 경우, 3일 연속 근무가 승인취소의 사유가 되는지
2025-09-10 23:59:08,210 - INFO - [scripts.interpretation.logic.interpretation_scraper] -   - [19/50] Processing item: javascript:cgmExpcView('314270', '350101');return false;
2025-09-10 23:59:08,365 - INFO - [scripts.interpretation.logic.interpretation_scraper] -   - Extraction successful: 24시간 격일제 근로의 경우 1주간의 비번일 중 1일을 유급처리 시 별도로 주휴일을 부여해야 하는지
2025-09-10 23:59:09,010 - INFO - [scripts.interpretation.logic.interpretation_scraper] -   - [20/50] Processing item: javascript:cgmExpcView('315334', '350101');return false;
2025-09-10 23:59:09,092 - INFO - [scripts.interpretation.logic.interpretation_scraper] -   - Extraction successful: 24시간 격일제 근로의 경우 1주간의 비번일 중 1일을 유급처리시 별도로 주휴일을 부여해야 하는지
2025-09-10 23:59:10,500 - INFO - [scripts.interpretation.logic.interpretation_scraper] -   - [21/50] Processing item: javascript:cgmExpcView('15196', '350101');return false;
2025-09-10 23:59:10,595 - INFO - [scripts.interpretation.logic.interpretation_scraper] -   - Extraction successful: 24시간 격일제 근로자 연차유급휴가 사용 관련
2025-09-10 23:59:11,649 - INFO - [scripts.interpretation.logic.interpretation_scraper] -   - [22/50] Processing item: javascript:cgmExpcView('315038', '350101');return false;
2025-09-10 23:59:11,754 - INFO - [scripts.interpretation.logic.interpretation_scraper] -   - Extraction successful: 24시간 격일제 근로자 연차유급휴가 사용 관련
2025-09-10 23:59:12,367 - INFO - [scripts.interpretation.logic.interpretation_scraper] -   - [23/50] Processing item: javascript:cgmExpcView('314772', '350101');return false;
2025-09-10 23:59:12,463 - INFO - [scripts.interpretation.logic.interpretation_scraper] -   - Extraction successful: 24시간 격일제 근로자의 월차유급휴가 사용시 12시간만을 휴가로 부여할 수 있는지
2025-09-10 23:59:13,691 - INFO - [scripts.interpretation.logic.interpretation_scraper] -   - [24/50] Processing item: javascript:cgmExpcView('30598', '350101');return false;
2025-09-10 23:59:13,870 - INFO - [scripts.interpretation.logic.interpretation_scraper] -   - Extraction successful: 24시간 격일제 근로형태에서 월차휴가를 12시간만 부여가 가능한지
2025-09-10 23:59:15,318 - INFO - [scripts.interpretation.logic.interpretation_scraper] -   - [25/50] Processing item: javascript:cgmExpcView('29006', '350101');return false;
2025-09-10 23:59:15,514 - INFO - [scripts.interpretation.logic.interpretation_scraper] -   - Extraction successful: 24시간 연속 가동하는 설비 작업장 순회점검 실시 기준
2025-09-10 23:59:16,380 - INFO - [scripts.interpretation.logic.interpretation_scraper] -   - [26/50] Processing item: javascript:cgmExpcView('214104', '350101');return false;
2025-09-10 23:59:16,465 - INFO - [scripts.interpretation.logic.interpretation_scraper] -   - Extraction successful: 2개 공사현장에 1인의 안전관리자를 선임할 경우 안전관련 서류 작성방법
2025-09-10 23:59:17,319 - INFO - [scripts.interpretation.logic.interpretation_scraper] -   - [27/50] Processing item: javascript:cgmExpcView('9130', '350101');return false;
2025-09-10 23:59:17,392 - INFO - [scripts.interpretation.logic.interpretation_scraper] -   - Extraction successful: 2개 공사현장에 1인의 안전관리자를 선임할 경우 안전관련 서류 작성방법
2025-09-10 23:59:18,127 - INFO - [scripts.interpretation.logic.interpretation_scraper] -   - [28/50] Processing item: javascript:cgmExpcView('9528', '350101');return false;
2025-09-10 23:59:18,219 - INFO - [scripts.interpretation.logic.interpretation_scraper] -   - Extraction successful: 2개 기금 운영 중 1개 기금 소속 사업장 폐쇄시 해산이 가능한지
2025-09-10 23:59:18,848 - INFO - [scripts.interpretation.logic.interpretation_scraper] -   - [29/50] Processing item: javascript:cgmExpcView('9240', '350101');return false;
2025-09-10 23:59:18,968 - INFO - [scripts.interpretation.logic.interpretation_scraper] -   - Extraction successful: 2개 노조가 모두 과반수 노조라고 통지하였고 사용자가 그대로 공고하였으나 어느 노조도 노동위원회에 이의신청하지 않은 경우 창 구단일화 절차는
2025-09-10 23:59:19,517 - INFO - [scripts.interpretation.logic.interpretation_scraper] -   - [30/50] Processing item: javascript:cgmExpcView('9192', '350101');return false;
2025-09-10 23:59:19,602 - INFO - [scripts.interpretation.logic.interpretation_scraper] -   - Extraction successful: 2개 노조가 있는 회사에서 1개 노조원만으로 근로자위원 구성 가능여부
2025-09-10 23:59:20,407 - INFO - [scripts.interpretation.logic.interpretation_scraper] -   - [31/50] Processing item: javascript:cgmExpcView('314254', '350101');return false;
2025-09-10 23:59:20,472 - INFO - [scripts.interpretation.logic.interpretation_scraper] -   - Extraction successful: 2개 사업부서 중 1개부서를 분리하는 경우 기금분할이 가능한지
2025-09-10 23:59:21,298 - INFO - [scripts.interpretation.logic.interpretation_scraper] -   - [32/50] Processing item: javascript:cgmExpcView('15768', '350101');return false;
2025-09-10 23:59:21,378 - INFO - [scripts.interpretation.logic.interpretation_scraper] -   - Extraction successful: 2개사의 합병 후 명예퇴직을 대상자로 분류된 자에 대한 대기발령을 사용자의 귀책사유로 인한 휴업으로 볼 수 있는지
2025-09-10 23:59:22,337 - INFO - [scripts.interpretation.logic.interpretation_scraper] -   - [33/50] Processing item: javascript:cgmExpcView('26824', '350101');return false;
2025-09-10 23:59:22,460 - INFO - [scripts.interpretation.logic.interpretation_scraper] -   - Extraction successful: 2개의 사업장에서 근무하는 경우 어느 사업장을 기준으로 단시간근로자의 소정근로시간을 산정해야 하는지
2025-09-10 23:59:23,559 - INFO - [scripts.interpretation.logic.interpretation_scraper] -   - [34/50] Processing item: javascript:cgmExpcView('29454', '350101');return false;
2025-09-10 23:59:23,648 - INFO - [scripts.interpretation.logic.interpretation_scraper] -   - Extraction successful: 2개의 사업장이 이전·통합할 경우 노동조합 존속 여부
2025-09-10 23:59:24,715 - INFO - [scripts.interpretation.logic.interpretation_scraper] -   - [35/50] Processing item: javascript:cgmExpcView('8306', '350101');return false;
2025-09-10 23:59:24,809 - INFO - [scripts.interpretation.logic.interpretation_scraper] -   - Extraction successful: 2개의 지정기관이 합병하는 경우 타당성 여부 및 시설기준
2025-09-10 23:59:26,122 - INFO - [scripts.interpretation.logic.interpretation_scraper] -   - [36/50] Processing item: javascript:cgmExpcView('22008', '350101');return false;
2025-09-10 23:59:26,186 - INFO - [scripts.interpretation.logic.interpretation_scraper] -   - Extraction successful: 2개의 직업능력개발훈련시설의 대표자가 동일인인 경우에 어느 하나의 시설이 위탁제한 등의 처분을 받은 경우에 다른 훈련시설에 까지 처분의 효력이 미치는 지 여부
2025-09-10 23:59:26,717 - INFO - [scripts.interpretation.logic.interpretation_scraper] -   - [37/50] Processing item: javascript:cgmExpcView('213862', '350101');return false;
2025-09-10 23:59:26,808 - INFO - [scripts.interpretation.logic.interpretation_scraper] -   - Extraction successful: 2개 이상 노조가 조직되어 있는 경우 조합원수 산정시점과 방법
2025-09-10 23:59:28,231 - INFO - [scripts.interpretation.logic.interpretation_scraper] -   - [38/50] Processing item: javascript:cgmExpcView('13156', '350101');return false;
2025-09-10 23:59:28,288 - INFO - [scripts.interpretation.logic.interpretation_scraper] -   - Extraction successful: 2개 이상 노조가 조직되어 있는 경우 조합원수 산정 시점과 방법
2025-09-10 23:59:29,636 - INFO - [scripts.interpretation.logic.interpretation_scraper] -   - [39/50] Processing item: javascript:cgmExpcView('8440', '350101');return false;
2025-09-10 23:59:29,726 - INFO - [scripts.interpretation.logic.interpretation_scraper] -   - Extraction successful: 2개 이상의 훈련기관이 훈련과 관련한 업무제휴계약을 체결 하고 진행하는 직업능력개발훈련과정에 대해 지정이 가능한지?
2025-09-10 23:59:30,333 - INFO - [scripts.interpretation.logic.interpretation_scraper] -   - [40/50] Processing item: javascript:cgmExpcView('314044', '350101');return false;
2025-09-10 23:59:30,417 - INFO - [scripts.interpretation.logic.interpretation_scraper] -   - Extraction successful: 2개 이상의 훈련기관이 훈련과 관련한 업무제휴계약을 체결하고 진행하는 직업능력개발훈련과정에 대해 인정이 가능한지
2025-09-10 23:59:31,485 - INFO - [scripts.interpretation.logic.interpretation_scraper] -   - [41/50] Processing item: javascript:cgmExpcView('29382', '350101');return false;
2025-09-10 23:59:31,548 - INFO - [scripts.interpretation.logic.interpretation_scraper] -   - Extraction successful: 2개 현장에 선임된 안전관리자 인건비 정산 방법
2025-09-10 23:59:32,705 - INFO - [scripts.interpretation.logic.interpretation_scraper] -   - [42/50] Processing item: javascript:cgmExpcView('15016', '350101');return false;
2025-09-10 23:59:32,768 - INFO - [scripts.interpretation.logic.interpretation_scraper] -   - Extraction successful: 2개 현장에 선임된 안전관리자 인건비 정산 방법
2025-09-10 23:59:34,187 - INFO - [scripts.interpretation.logic.interpretation_scraper] -   - [43/50] Processing item: javascript:cgmExpcView('17362', '350101');return false;
2025-09-10 23:59:34,426 - INFO - [scripts.interpretation.logic.interpretation_scraper] -   - Extraction successful: 2개 회사의 합병 후 명예퇴직 대상자로 분류된 자에 대한 대기발령을 사용자의 귀책사유로 인한 휴업으로 볼 수 있는지
2025-09-10 23:59:35,220 - INFO - [scripts.interpretation.logic.interpretation_scraper] -   - [44/50] Processing item: javascript:cgmExpcView('17364', '350101');return false;
2025-09-10 23:59:35,342 - INFO - [scripts.interpretation.logic.interpretation_scraper] -   - Extraction successful: 2개 회사 통합으로 1사 2노조가 된 경우 노사협의회 설치방법(Ⅰ)
2025-09-10 23:59:36,708 - INFO - [scripts.interpretation.logic.interpretation_scraper] -   - [45/50] Processing item: javascript:cgmExpcView('12548', '350101');return false;
2025-09-10 23:59:36,825 - INFO - [scripts.interpretation.logic.interpretation_scraper] -   - Extraction successful: 2개 회사 통합으로 1사 2노조가 된 경우 노사협의회 설치방법(Ⅱ)
2025-09-10 23:59:37,472 - INFO - [scripts.interpretation.logic.interpretation_scraper] -   - [46/50] Processing item: javascript:cgmExpcView('2302', '350101');return false;
2025-09-10 23:59:37,546 - INFO - [scripts.interpretation.logic.interpretation_scraper] -   - Extraction successful: 2교대 근무를 함에 있어 근무조별로 다른 요일이 주휴일에 해당함에 따라 할증임금 적용을 서로 다르게 할 수 있는지
2025-09-10 23:59:38,749 - INFO - [scripts.interpretation.logic.interpretation_scraper] -   - [47/50] Processing item: javascript:cgmExpcView('314780', '350101');return false;
2025-09-10 23:59:38,832 - INFO - [scripts.interpretation.logic.interpretation_scraper] -   - Extraction successful: 2교대 근무를 함에 있어 근무조별로 다른 요일이 주휴일에 해당함에 따라 할증임금 적용을 서로 다르게 할 수 있는지
2025-09-10 23:59:39,518 - INFO - [scripts.interpretation.logic.interpretation_scraper] -   - [48/50] Processing item: javascript:cgmExpcView('22446', '350101');return false;
2025-09-10 23:59:39,588 - INFO - [scripts.interpretation.logic.interpretation_scraper] -   - Extraction successful: 2근무일 1휴무일 형태의 복격일제 근로형태에서 특정근로일과 휴무일 중 하루를 휴가로 사용할 경우 휴가 사용일수는
2025-09-10 23:59:40,531 - INFO - [scripts.interpretation.logic.interpretation_scraper] -   - [49/50] Processing item: javascript:cgmExpcView('2154', '350101');return false;
2025-09-10 23:59:40,611 - INFO - [scripts.interpretation.logic.interpretation_scraper] -   - Extraction successful: 2년(’11.1.1.~’12.12.31.)의 기간을 정하여 근로계약을 체결 - 최초 1년간의 근로에 대하여 발생한 연차 유급휴가를 ’12.1.1.부터 12.31. 까지의 기간 중 사용하여야 하나 미사용한 경우, 다음 해인 ’13.1.1. 이후 수당으로 지급 - 이 경우 기간제법 시행령 제3조제3항제5호에 따른 예외인지를 판단할 때 ’13.1.1. 발생하는 연차휴가근로수당은 ’12년 근로소득에 포함하여 계산 하여야 하는지
2025-09-10 23:59:41,821 - INFO - [scripts.interpretation.logic.interpretation_scraper] -   - [50/50] Processing item: javascript:cgmExpcView('17374', '350101');return false;
2025-09-10 23:59:41,911 - INFO - [scripts.interpretation.logic.interpretation_scraper] -   - Extraction successful: 2년 주기로 예술단원들의 평정을 실시, 재위촉할 경우 「기간제법」 저촉여부
2025-09-10 23:59:43,064 - INFO - [scripts.interpretation.logic.interpretation_scraper] - --- Finished page 2 / 2 ---
2025-09-10 23:59:43,091 - INFO - [scripts.interpretation.logic.interpretation_scraper] - Scraping process finished. Data saved to 'data/raw/interpretation/350101/350101_documents.jsonl'
2025-09-10 23:59:43,096 - INFO - [__main__] - 통합 스크레이퍼 완료.
