2025-09-11 21:24:03,054 - INFO - [scripts.interpretation.logic.url_checker] - URL 유효성 검사를 위해 페이지로 이동합니다: https://www.law.go.kr/cgmExpcSc.do?menuId=11&subMenuId=729&tabMenuId=773
2025-09-11 21:24:04,416 - INFO - [scripts.interpretation.logic.url_checker] - URL 유효성 검증 성공: https://www.law.go.kr/cgmExpcSc.do?menuId=11&subMenuId=729&tabMenuId=773
2025-09-11 21:24:04,598 - INFO - [__main__] - 통합 스크레이퍼 실행...
2025-09-11 21:24:04,598 - INFO - [scripts.interpretation.logic.interpretation_scraper] - 스크레이핑 프로세스를 시작합니다.
2025-09-11 21:24:04,971 - INFO - [scripts.interpretation.logic.interpretation_scraper] - 시작 페이지로 이동합니다: https://www.law.go.kr/cgmExpcSc.do?menuId=11&subMenuId=729&tabMenuId=773
2025-09-11 21:24:06,460 - INFO - [scripts.interpretation.logic.interpretation_scraper] - 페이지 이동 완료.
2025-09-11 21:24:06,500 - INFO - [scripts.interpretation.logic.interpretation_scraper] - 초기 총 항목 텍스트: '155,146'
2025-09-11 21:24:06,501 - INFO - [scripts.interpretation.logic.interpretation_scraper] - 상세검색 패널을 엽니다.
2025-09-11 21:24:06,575 - INFO - [scripts.interpretation.logic.interpretation_scraper] - 부처 코드를 선택합니다: 350101
2025-09-11 21:24:06,588 - INFO - [scripts.interpretation.logic.interpretation_scraper] - 검색 버튼을 클릭하여 필터를 적용합니다.
2025-09-11 21:24:06,602 - INFO - [scripts.interpretation.logic.interpretation_scraper] - 필터 적용 후 페이지가 업데이트되기를 기다립니다...
2025-09-11 21:24:06,975 - INFO - [scripts.interpretation.logic.interpretation_scraper] - 필터 적용 완료.
2025-09-11 21:24:06,980 - INFO - [scripts.interpretation.logic.interpretation_scraper] - 총 9574개 항목, 192 페이지를 확인했습니다.
2025-09-11 21:24:06,981 - INFO - [scripts.interpretation.logic.interpretation_scraper] - --- 페이지 처리 시작: 1 / 192 ---
2025-09-11 21:24:06,989 - INFO - [scripts.interpretation.logic.interpretation_scraper] - 현재 페이지에서 50개의 클릭 가능한 항목을 찾았습니다.
2025-09-11 21:24:06,990 - INFO - [scripts.interpretation.logic.interpretation_scraper] -   - [1/50] 항목 처리 중: javascript:cgmExpcView('28212', '350101');return false;
2025-09-11 21:24:18,066 - INFO - [scripts.interpretation.logic.interpretation_scraper] -   - 저장 완료: 28212_06.1.1 이후 채용시 건강진단 비용의 산업안전보건관리비 사용가능 여부.jsonl
2025-09-11 21:24:19,237 - INFO - [scripts.interpretation.logic.interpretation_scraper] -   - [2/50] 항목 처리 중: javascript:cgmExpcView('314616', '350101');return false;
2025-09-11 21:24:30,273 - INFO - [scripts.interpretation.logic.interpretation_scraper] -   - 저장 완료: 314616_‘06.5.18자로 직업안정법 제21조 위반으로 등록취소된 사업자의 딸이 다른 장소에 유료.jsonl
2025-09-11 21:24:31,565 - INFO - [scripts.interpretation.logic.interpretation_scraper] -   - [3/50] 항목 처리 중: javascript:cgmExpcView('279490', '350101');return false;
2025-09-11 21:24:39,590 - INFO - [scripts.interpretation.logic.interpretation_scraper] -   - 저장 완료: 279490_100분의 80이상 이수후 취업자에 대한 훈련수당 지급여부.jsonl
2025-09-11 21:24:41,022 - INFO - [scripts.interpretation.logic.interpretation_scraper] -   - [4/50] 항목 처리 중: javascript:cgmExpcView('30332', '350101');return false;
2025-09-11 21:24:50,115 - INFO - [scripts.interpretation.logic.interpretation_scraper] -   - 저장 완료: 30332_100억원 이상 하도급 계약 안전관리자 선임.jsonl
2025-09-11 21:24:51,111 - INFO - [scripts.interpretation.logic.interpretation_scraper] -   - [5/50] 항목 처리 중: javascript:cgmExpcView('1968', '350101');return false;
2025-09-11 21:25:02,164 - INFO - [scripts.interpretation.logic.interpretation_scraper] -   - 저장 완료: 1968_10인 미만 사업장 취업규칙의 효력 등 관련 행정해석 변경.jsonl
2025-09-11 21:25:02,867 - INFO - [scripts.interpretation.logic.interpretation_scraper] -   - [6/50] 항목 처리 중: javascript:cgmExpcView('315444', '350101');return false;
2025-09-11 21:25:10,891 - INFO - [scripts.interpretation.logic.interpretation_scraper] -   - 저장 완료: 315444_10인 미만의 사업장에서 취업규칙을 불이익하게 변경하는 경우에도 근로자의 집단적 동의를 얻.jsonl
2025-09-11 21:25:11,575 - INFO - [scripts.interpretation.logic.interpretation_scraper] -   - [7/50] 항목 처리 중: javascript:cgmExpcView('12980', '350101');return false;
2025-09-11 21:25:20,727 - INFO - [scripts.interpretation.logic.interpretation_scraper] -   - 저장 완료: 12980_10. 표창과 제재에 관한 사항 11. 기타 당해 사업 또는 사업장의 근로자 전체에 적용될.jsonl
2025-09-11 21:25:21,971 - INFO - [scripts.interpretation.logic.interpretation_scraper] -   - [8/50] 항목 처리 중: javascript:cgmExpcView('12844', '350101');return false;
2025-09-11 21:25:28,991 - INFO - [scripts.interpretation.logic.interpretation_scraper] -   - 저장 완료: 12844_114안내 재택근무요원이 근로자인지 여부.jsonl
2025-09-11 21:25:29,590 - INFO - [scripts.interpretation.logic.interpretation_scraper] -   - [9/50] 항목 처리 중: javascript:cgmExpcView('17616', '350101');return false;
2025-09-11 21:25:39,598 - INFO - [scripts.interpretation.logic.interpretation_scraper] -   - 저장 완료: 17616_119안전센터장이 업무총괄자에 해당하는지 여부.jsonl
2025-09-11 21:25:40,610 - INFO - [scripts.interpretation.logic.interpretation_scraper] -   - [10/50] 항목 처리 중: javascript:cgmExpcView('214078', '350101');return false;
2025-09-11 21:25:47,779 - INFO - [scripts.interpretation.logic.interpretation_scraper] -   - 저장 완료: 214078_120억원 미만 2개현장 안전관리자 중복 배치여부.jsonl
2025-09-11 21:25:48,933 - INFO - [scripts.interpretation.logic.interpretation_scraper] -   - [11/50] 항목 처리 중: javascript:cgmExpcView('28970', '350101');return false;
2025-09-11 21:26:01,166 - INFO - [scripts.interpretation.logic.interpretation_scraper] -   - 저장 완료: 28970_120억원 미만 2개 현장 안전관리자 중복 배치여부.jsonl
2025-09-11 21:26:02,498 - INFO - [scripts.interpretation.logic.interpretation_scraper] -   - [12/50] 항목 처리 중: javascript:cgmExpcView('27714', '350101');return false;
2025-09-11 21:26:12,752 - INFO - [scripts.interpretation.logic.interpretation_scraper] -   - 저장 완료: 27714_154KV관련 공사의 공사종류 등에 대한 회시.jsonl
2025-09-11 21:26:13,582 - INFO - [scripts.interpretation.logic.interpretation_scraper] -   - [13/50] 항목 처리 중: javascript:cgmExpcView('16136', '350101');return false;
2025-09-11 21:26:22,884 - INFO - [scripts.interpretation.logic.interpretation_scraper] -   - 저장 완료: 16136_’18년 아동복지교사 지원사업을 위한 근로자 채용에 따른 질의.jsonl
2025-09-11 21:26:24,155 - INFO - [scripts.interpretation.logic.interpretation_scraper] -   - [14/50] 항목 처리 중: javascript:cgmExpcView('314412', '350101');return false;
2025-09-11 21:26:33,626 - INFO - [scripts.interpretation.logic.interpretation_scraper] -   - 저장 완료: 314412_1992.7월부터 1996.6월까지 약 4년간 법인체 직업안내소 대표이사로 근무한 경력이 .jsonl
2025-09-11 21:26:35,028 - INFO - [scripts.interpretation.logic.interpretation_scraper] -   - [15/50] 항목 처리 중: javascript:cgmExpcView('29242', '350101');return false;
2025-09-11 21:26:44,296 - INFO - [scripts.interpretation.logic.interpretation_scraper] -   - 저장 완료: 29242_1m 이상 계단폭에서 제외되는 급유용 . 보수용 . 비상용 계단의 의미.jsonl
2025-09-11 21:26:45,230 - INFO - [scripts.interpretation.logic.interpretation_scraper] -   - [16/50] 항목 처리 중: javascript:cgmExpcView('29096', '350101');return false;
2025-09-11 21:26:52,307 - INFO - [scripts.interpretation.logic.interpretation_scraper] -   - 저장 완료: 29096_1개 병원은 노동조합의 대표자가 근로자대표로, 1개 병원은 자체 선출된 사람이 각각 산업안.jsonl
2025-09-11 21:26:53,619 - INFO - [scripts.interpretation.logic.interpretation_scraper] -   - [17/50] 항목 처리 중: javascript:cgmExpcView('17076', '350101');return false;
2025-09-11 21:27:04,694 - INFO - [scripts.interpretation.logic.interpretation_scraper] -   - 저장 완료: 17076_1개월을 초과하는 주기로 지급하는 임금을 총액의 변동 없이 매월 지급하는 것으로 취업규칙을.jsonl
2025-09-11 21:27:06,151 - INFO - [scripts.interpretation.logic.interpretation_scraper] -   - [18/50] 항목 처리 중: javascript:cgmExpcView('237372', '350101');return false;
2025-09-11 21:27:15,183 - INFO - [scripts.interpretation.logic.interpretation_scraper] -   - 저장 완료: 237372_1개회사에 2개의 기금설립 가능여부.jsonl
2025-09-11 21:27:16,456 - INFO - [scripts.interpretation.logic.interpretation_scraper] -   - [19/50] 항목 처리 중: javascript:cgmExpcView('15234', '350101');return false;
2025-09-11 21:27:24,565 - INFO - [scripts.interpretation.logic.interpretation_scraper] -   - 저장 완료: 15234_1년간 8할미만 출근자 연차유급휴가 사용촉진의 대상 여부.jsonl
2025-09-11 21:27:25,895 - INFO - [scripts.interpretation.logic.interpretation_scraper] -   - [20/50] 항목 처리 중: javascript:cgmExpcView('11684', '350101');return false;
2025-09-11 21:27:37,059 - INFO - [scripts.interpretation.logic.interpretation_scraper] -   - 저장 완료: 11684_1년간 근속한 근로자가 연차유급휴가를 청구할 수 있는지 여부.jsonl
2025-09-11 21:27:38,515 - INFO - [scripts.interpretation.logic.interpretation_scraper] -   - [21/50] 항목 처리 중: javascript:cgmExpcView('15156', '350101');return false;
2025-09-11 21:27:47,636 - INFO - [scripts.interpretation.logic.interpretation_scraper] -   - 저장 완료: 15156_1년간의 연장·야간·휴일근로시간을 계산하여 다음연도에 선택적 보상휴가를 부여하고 미사용분에.jsonl
2025-09-11 21:27:48,298 - INFO - [scripts.interpretation.logic.interpretation_scraper] -   - [22/50] 항목 처리 중: javascript:cgmExpcView('279762', '350101');return false;
2025-09-11 21:27:56,374 - INFO - [scripts.interpretation.logic.interpretation_scraper] -   - 저장 완료: 279762_1년간 정년연장하는 조합원의 자격유지 여부.jsonl
2025-09-11 21:27:57,170 - INFO - [scripts.interpretation.logic.interpretation_scraper] -   - [23/50] 항목 처리 중: javascript:cgmExpcView('237200', '350101');return false;
2025-09-11 21:28:04,782 - INFO - [scripts.interpretation.logic.interpretation_scraper] -   - 저장 완료: 237200_1 년간 정년연장하는 조합원의 자격유지 여부.jsonl
2025-09-11 21:28:05,659 - INFO - [scripts.interpretation.logic.interpretation_scraper] -   - [24/50] 항목 처리 중: javascript:cgmExpcView('14920', '350101');return false;
2025-09-11 21:28:12,771 - INFO - [scripts.interpretation.logic.interpretation_scraper] -   - 저장 완료: 14920_1년간 지급받은 상여금을 평균임금 대상금품에 산입하는 방법.jsonl
2025-09-11 21:28:13,978 - INFO - [scripts.interpretation.logic.interpretation_scraper] -   - [25/50] 항목 처리 중: javascript:cgmExpcView('314120', '350101');return false;
2025-09-11 21:28:41,934 - ERROR - [scripts.interpretation.logic.interpretation_scraper] - 처리 중 에러 발생 'javascript:cgmExpcView('314120', '350101');return false;': Locator expected not to have text '1년간 지급받은 상여금을 평균임금 대상금품에 산입하는 방법'
Actual value: 1년간 지급받은 상여금을 평균임금 대상금품에 산입하는 방법 
Call log:
LocatorAssertions.not_to_have_text with timeout 20000ms
  - waiting for locator("#contentBody h2")
  -   locator resolved to <h2>1년간 지급받은 상여금을 평균임금 대상금품에 산입하는 방법</h2>
  -   unexpected value "1년간 지급받은 상여금을 평균임금 대상금품에 산입하는 방법"
  -   locator resolved to <h2>1년간 지급받은 상여금을 평균임금 대상금품에 산입하는 방법</h2>
  -   unexpected value "1년간 지급받은 상여금을 평균임금 대상금품에 산입하는 방법"
  -   locator resolved to <h2>1년간 지급받은 상여금을 평균임금 대상금품에 산입하는 방법</h2>
  -   unexpected value "1년간 지급받은 상여금을 평균임금 대상금품에 산입하는 방법"
  -   locator resolved to <h2>1년간 지급받은 상여금을 평균임금 대상금품에 산입하는 방법</h2>
  -   unexpected value "1년간 지급받은 상여금을 평균임금 대상금품에 산입하는 방법"
  -   locator resolved to <h2>1년간 지급받은 상여금을 평균임금 대상금품에 산입하는 방법</h2>
  -   unexpected value "1년간 지급받은 상여금을 평균임금 대상금품에 산입하는 방법"
  -   locator resolved to <h2>1년간 지급받은 상여금을 평균임금 대상금품에 산입하는 방법</h2>
  -   unexpected value "1년간 지급받은 상여금을 평균임금 대상금품에 산입하는 방법"
  -   locator resolved to <h2>1년간 지급받은 상여금을 평균임금 대상금품에 산입하는 방법</h2>
  -   unexpected value "1년간 지급받은 상여금을 평균임금 대상금품에 산입하는 방법"
  -   locator resolved to <h2>1년간 지급받은 상여금을 평균임금 대상금품에 산입하는 방법</h2>
  -   unexpected value "1년간 지급받은 상여금을 평균임금 대상금품에 산입하는 방법"
  -   locator resolved to <h2>1년간 지급받은 상여금을 평균임금 대상금품에 산입하는 방법</h2>
  -   unexpected value "1년간 지급받은 상여금을 평균임금 대상금품에 산입하는 방법"
  -   locator resolved to <h2>1년간 지급받은 상여금을 평균임금 대상금품에 산입하는 방법</h2>
  -   unexpected value "1년간 지급받은 상여금을 평균임금 대상금품에 산입하는 방법"
  -   locator resolved to <h2>1년간 지급받은 상여금을 평균임금 대상금품에 산입하는 방법</h2>
  -   unexpected value "1년간 지급받은 상여금을 평균임금 대상금품에 산입하는 방법"
  -   locator resolved to <h2>1년간 지급받은 상여금을 평균임금 대상금품에 산입하는 방법</h2>
  -   unexpected value "1년간 지급받은 상여금을 평균임금 대상금품에 산입하는 방법"
  -   locator resolved to <h2>1년간 지급받은 상여금을 평균임금 대상금품에 산입하는 방법</h2>
  -   unexpected value "1년간 지급받은 상여금을 평균임금 대상금품에 산입하는 방법"
  -   locator resolved to <h2>1년간 지급받은 상여금을 평균임금 대상금품에 산입하는 방법</h2>
  -   unexpected value "1년간 지급받은 상여금을 평균임금 대상금품에 산입하는 방법"
  -   locator resolved to <h2>1년간 지급받은 상여금을 평균임금 대상금품에 산입하는 방법</h2>
  -   unexpected value "1년간 지급받은 상여금을 평균임금 대상금품에 산입하는 방법"
  -   locator resolved to <h2>1년간 지급받은 상여금을 평균임금 대상금품에 산입하는 방법</h2>
  -   unexpected value "1년간 지급받은 상여금을 평균임금 대상금품에 산입하는 방법"
  -   locator resolved to <h2>1년간 지급받은 상여금을 평균임금 대상금품에 산입하는 방법</h2>
  -   unexpected value "1년간 지급받은 상여금을 평균임금 대상금품에 산입하는 방법"
  -   locator resolved to <h2>1년간 지급받은 상여금을 평균임금 대상금품에 산입하는 방법</h2>
  -   unexpected value "1년간 지급받은 상여금을 평균임금 대상금품에 산입하는 방법"
  -   locator resolved to <h2>1년간 지급받은 상여금을 평균임금 대상금품에 산입하는 방법</h2>
  -   unexpected value "1년간 지급받은 상여금을 평균임금 대상금품에 산입하는 방법"
  -   locator resolved to <h2>1년간 지급받은 상여금을 평균임금 대상금품에 산입하는 방법</h2>
  -   unexpected value "1년간 지급받은 상여금을 평균임금 대상금품에 산입하는 방법"
  -   locator resolved to <h2>1년간 지급받은 상여금을 평균임금 대상금품에 산입하는 방법</h2>
  -   unexpected value "1년간 지급받은 상여금을 평균임금 대상금품에 산입하는 방법"
  -   locator resolved to <h2>1년간 지급받은 상여금을 평균임금 대상금품에 산입하는 방법</h2>
  -   unexpected value "1년간 지급받은 상여금을 평균임금 대상금품에 산입하는 방법"
  -   locator resolved to <h2>1년간 지급받은 상여금을 평균임금 대상금품에 산입하는 방법</h2>
  -   unexpected value "1년간 지급받은 상여금을 평균임금 대상금품에 산입하는 방법"
Traceback (most recent call last):
  File "/Users/woong/Roeum/roeum-crawler/scripts/interpretation/logic/interpretation_scraper.py", line 155, in scrape_interpretation_data
    await expect(detail_title_locator).not_to_have_text(last_known_title, timeout=20000)
  File "/Users/woong/Roeum/roeum-crawler/.venv/lib/python3.11/site-packages/playwright/async_api/_generated.py", line 19211, in not_to_have_text
    await self._impl_obj.not_to_have_text(
  File "/Users/woong/Roeum/roeum-crawler/.venv/lib/python3.11/site-packages/playwright/_impl/_assertions.py", line 506, in not_to_have_text
    await self._not.to_have_text(expected, useInnerText, timeout, ignoreCase)
  File "/Users/woong/Roeum/roeum-crawler/.venv/lib/python3.11/site-packages/playwright/_impl/_assertions.py", line 481, in to_have_text
    await self._expect_impl(
  File "/Users/woong/Roeum/roeum-crawler/.venv/lib/python3.11/site-packages/playwright/_impl/_assertions.py", line 74, in _expect_impl
    raise AssertionError(
AssertionError: Locator expected not to have text '1년간 지급받은 상여금을 평균임금 대상금품에 산입하는 방법'
Actual value: 1년간 지급받은 상여금을 평균임금 대상금품에 산입하는 방법 
Call log:
LocatorAssertions.not_to_have_text with timeout 20000ms
  - waiting for locator("#contentBody h2")
  -   locator resolved to <h2>1년간 지급받은 상여금을 평균임금 대상금품에 산입하는 방법</h2>
  -   unexpected value "1년간 지급받은 상여금을 평균임금 대상금품에 산입하는 방법"
  -   locator resolved to <h2>1년간 지급받은 상여금을 평균임금 대상금품에 산입하는 방법</h2>
  -   unexpected value "1년간 지급받은 상여금을 평균임금 대상금품에 산입하는 방법"
  -   locator resolved to <h2>1년간 지급받은 상여금을 평균임금 대상금품에 산입하는 방법</h2>
  -   unexpected value "1년간 지급받은 상여금을 평균임금 대상금품에 산입하는 방법"
  -   locator resolved to <h2>1년간 지급받은 상여금을 평균임금 대상금품에 산입하는 방법</h2>
  -   unexpected value "1년간 지급받은 상여금을 평균임금 대상금품에 산입하는 방법"
  -   locator resolved to <h2>1년간 지급받은 상여금을 평균임금 대상금품에 산입하는 방법</h2>
  -   unexpected value "1년간 지급받은 상여금을 평균임금 대상금품에 산입하는 방법"
  -   locator resolved to <h2>1년간 지급받은 상여금을 평균임금 대상금품에 산입하는 방법</h2>
  -   unexpected value "1년간 지급받은 상여금을 평균임금 대상금품에 산입하는 방법"
  -   locator resolved to <h2>1년간 지급받은 상여금을 평균임금 대상금품에 산입하는 방법</h2>
  -   unexpected value "1년간 지급받은 상여금을 평균임금 대상금품에 산입하는 방법"
  -   locator resolved to <h2>1년간 지급받은 상여금을 평균임금 대상금품에 산입하는 방법</h2>
  -   unexpected value "1년간 지급받은 상여금을 평균임금 대상금품에 산입하는 방법"
  -   locator resolved to <h2>1년간 지급받은 상여금을 평균임금 대상금품에 산입하는 방법</h2>
  -   unexpected value "1년간 지급받은 상여금을 평균임금 대상금품에 산입하는 방법"
  -   locator resolved to <h2>1년간 지급받은 상여금을 평균임금 대상금품에 산입하는 방법</h2>
  -   unexpected value "1년간 지급받은 상여금을 평균임금 대상금품에 산입하는 방법"
  -   locator resolved to <h2>1년간 지급받은 상여금을 평균임금 대상금품에 산입하는 방법</h2>
  -   unexpected value "1년간 지급받은 상여금을 평균임금 대상금품에 산입하는 방법"
  -   locator resolved to <h2>1년간 지급받은 상여금을 평균임금 대상금품에 산입하는 방법</h2>
  -   unexpected value "1년간 지급받은 상여금을 평균임금 대상금품에 산입하는 방법"
  -   locator resolved to <h2>1년간 지급받은 상여금을 평균임금 대상금품에 산입하는 방법</h2>
  -   unexpected value "1년간 지급받은 상여금을 평균임금 대상금품에 산입하는 방법"
  -   locator resolved to <h2>1년간 지급받은 상여금을 평균임금 대상금품에 산입하는 방법</h2>
  -   unexpected value "1년간 지급받은 상여금을 평균임금 대상금품에 산입하는 방법"
  -   locator resolved to <h2>1년간 지급받은 상여금을 평균임금 대상금품에 산입하는 방법</h2>
  -   unexpected value "1년간 지급받은 상여금을 평균임금 대상금품에 산입하는 방법"
  -   locator resolved to <h2>1년간 지급받은 상여금을 평균임금 대상금품에 산입하는 방법</h2>
  -   unexpected value "1년간 지급받은 상여금을 평균임금 대상금품에 산입하는 방법"
  -   locator resolved to <h2>1년간 지급받은 상여금을 평균임금 대상금품에 산입하는 방법</h2>
  -   unexpected value "1년간 지급받은 상여금을 평균임금 대상금품에 산입하는 방법"
  -   locator resolved to <h2>1년간 지급받은 상여금을 평균임금 대상금품에 산입하는 방법</h2>
  -   unexpected value "1년간 지급받은 상여금을 평균임금 대상금품에 산입하는 방법"
  -   locator resolved to <h2>1년간 지급받은 상여금을 평균임금 대상금품에 산입하는 방법</h2>
  -   unexpected value "1년간 지급받은 상여금을 평균임금 대상금품에 산입하는 방법"
  -   locator resolved to <h2>1년간 지급받은 상여금을 평균임금 대상금품에 산입하는 방법</h2>
  -   unexpected value "1년간 지급받은 상여금을 평균임금 대상금품에 산입하는 방법"
  -   locator resolved to <h2>1년간 지급받은 상여금을 평균임금 대상금품에 산입하는 방법</h2>
  -   unexpected value "1년간 지급받은 상여금을 평균임금 대상금품에 산입하는 방법"
  -   locator resolved to <h2>1년간 지급받은 상여금을 평균임금 대상금품에 산입하는 방법</h2>
  -   unexpected value "1년간 지급받은 상여금을 평균임금 대상금품에 산입하는 방법"
  -   locator resolved to <h2>1년간 지급받은 상여금을 평균임금 대상금품에 산입하는 방법</h2>
  -   unexpected value "1년간 지급받은 상여금을 평균임금 대상금품에 산입하는 방법"

2025-09-11 21:28:42,088 - INFO - [scripts.interpretation.logic.interpretation_scraper] - 에러 스크린샷 저장: /Users/woong/Roeum/roeum-crawler/debug/error_screenshot_20250911_212841.png
2025-09-11 21:28:42,106 - INFO - [scripts.interpretation.logic.interpretation_scraper] - 에러 HTML 저장: /Users/woong/Roeum/roeum-crawler/debug/error_page_20250911_212841.html
2025-09-11 21:28:42,175 - INFO - [scripts.interpretation.logic.interpretation_scraper] - 스크레이핑 프로세스를 종료합니다.
2025-09-11 21:28:42,184 - INFO - [__main__] - 통합 스크레이퍼 완료.
