2025-09-08 23:15:46,868 - ERROR - [scripts.interpretation.logic.list_scraper] - 목록 스크레이핑 중 에러 발생: Page.evaluate: ReferenceError: fn_linkPage is not defined
    at eval (eval at evaluate (:234:30), <anonymous>:1:1)
    at eval (<anonymous>)
    at UtilityScript.evaluate (<anonymous>:234:30)
    at UtilityScript.<anonymous> (<anonymous>:1:44)
Traceback (most recent call last):
  File "/Users/woong/Roeum/roeum-crawler/scripts/interpretation/logic/list_scraper.py", line 94, in fetch_urls
    await page.evaluate(f"fn_linkPage('{page_num}')")
  File "/Users/woong/Roeum/roeum-crawler/.venv/lib/python3.11/site-packages/playwright/async_api/_generated.py", line 8327, in evaluate
    await self._impl_obj.evaluate(
  File "/Users/woong/Roeum/roeum-crawler/.venv/lib/python3.11/site-packages/playwright/_impl/_page.py", line 440, in evaluate
    return await self._main_frame.evaluate(expression, arg)
           ^^^^^^^^^^^^^^^^^^^^^^^^^^^^^^^^^^^^^^^^^^^^^^^^
  File "/Users/woong/Roeum/roeum-crawler/.venv/lib/python3.11/site-packages/playwright/_impl/_frame.py", line 278, in evaluate
    await self._channel.send(
  File "/Users/woong/Roeum/roeum-crawler/.venv/lib/python3.11/site-packages/playwright/_impl/_connection.py", line 59, in send
    return await self._connection.wrap_api_call(
           ^^^^^^^^^^^^^^^^^^^^^^^^^^^^^^^^^^^^^
  File "/Users/woong/Roeum/roeum-crawler/.venv/lib/python3.11/site-packages/playwright/_impl/_connection.py", line 514, in wrap_api_call
    raise rewrite_error(error, f"{parsed_st['apiName']}: {error}") from None
playwright._impl._errors.Error: Page.evaluate: ReferenceError: fn_linkPage is not defined
    at eval (eval at evaluate (:234:30), <anonymous>:1:1)
    at eval (<anonymous>)
    at UtilityScript.evaluate (<anonymous>:234:30)
    at UtilityScript.<anonymous> (<anonymous>:1:44)
