2025-09-08 23:15:45,175 - INFO - [scripts.interpretation.logic.list_scraper] - 목록 페이지로 이동 중: https://www.law.go.kr/cgmExpcSc.do?menuId=11&subMenuId=729&tabMenuId=773
2025-09-08 23:15:46,555 - INFO - [scripts.interpretation.logic.list_scraper] - 상세검색 패널을 엽니다.
2025-09-08 23:15:46,645 - INFO - [scripts.interpretation.logic.list_scraper] - 소관부처를 코드로 선택합니다: 350101
2025-09-08 23:15:46,673 - INFO - [scripts.interpretation.logic.list_scraper] - 검색 버튼을 클릭하여 필터를 적용합니다.
2025-09-08 23:15:46,686 - INFO - [scripts.interpretation.logic.list_scraper] - 필터 적용이 완료되었습니다.
2025-09-08 23:15:46,691 - INFO - [scripts.interpretation.logic.list_scraper] - 총 155146개 항목, 3103 페이지를 확인했습니다.
2025-09-08 23:15:46,691 - INFO - [scripts.interpretation.logic.list_scraper] - 사용자 설정에 따라 최대 2 페이지만 크롤링합니다.
2025-09-08 23:15:46,692 - INFO - [scripts.interpretation.logic.list_scraper] - --- 1 / 2 페이지 처리 중 ---
2025-09-08 23:15:46,704 - INFO - [scripts.interpretation.logic.list_scraper] -   - 발견: 기금법인의 직장어린이집 설치 및 운영 관련 [고용노동부, 2025.08.13.]
2025-09-08 23:15:46,709 - INFO - [scripts.interpretation.logic.list_scraper] -   - 발견: 사내근로복지기금의 온누리상품권 지급 [고용노동부, 2025.08.13.]
2025-09-08 23:15:46,714 - INFO - [scripts.interpretation.logic.list_scraper] -   - 발견: 원거리 출퇴근에 따른 실업급여 수급자격 [고용노동부, 2025.08.06.]
2025-09-08 23:15:46,719 - INFO - [scripts.interpretation.logic.list_scraper] -   - 발견: 육아로 인한 이직 시 구직급여(실업급여) 수급자격 [고용노동부, 2025.08.06.]
2025-09-08 23:15:46,724 - INFO - [scripts.interpretation.logic.list_scraper] -   - 발견: 개인 소유의 토지도 하천구역으로 편입되었다면 하천점용허가를 득해야 하는지 여부 [환경부, 2025.07.31.]
2025-09-08 23:15:46,730 - INFO - [scripts.interpretation.logic.list_scraper] -   - 발견: 건축물 증축시 오수발생량이 2㎥을 초과하더라도 기 설치된 정화조 용량이 충분하면 기존 정화 [환경부, 2025.07.31.]
2025-09-08 23:15:46,734 - INFO - [scripts.interpretation.logic.list_scraper] -   - 발견: 관리대상기기 [환경부, 2025.07.31.]
2025-09-08 23:15:46,738 - INFO - [scripts.interpretation.logic.list_scraper] -   - 발견: 기술인력 중복등록 [환경부, 2025.07.31.]
2025-09-08 23:15:46,744 - INFO - [scripts.interpretation.logic.list_scraper] -   - 발견: 생태경관보전지역 지정 관련 법령 문의 [환경부, 2025.07.31.]
2025-09-08 23:15:46,748 - INFO - [scripts.interpretation.logic.list_scraper] -   - 발견: 근해어선의 매매로 선적지가 변경된 경우 어업허가 승계 처리절차와 방법? [해양수산부, 2025.07.30.]
2025-09-08 23:15:46,752 - INFO - [scripts.interpretation.logic.list_scraper] -   - 발견: 마을어업 포획채취 방법 [해양수산부, 2025.07.30.]
2025-09-08 23:15:46,756 - INFO - [scripts.interpretation.logic.list_scraper] -   - 발견: 바다식목일은 무엇인가요 [해양수산부, 2025.07.30.]
2025-09-08 23:15:46,756 - INFO - [scripts.interpretation.logic.list_scraper] - --- 2 / 2 페이지 처리 중 ---
2025-09-08 23:15:46,756 - INFO - [scripts.interpretation.logic.list_scraper] - 2 페이지로 이동합니다...
2025-09-08 23:15:46,762 - INFO - [scripts.interpretation.logic.list_scraper] - 에러 발생! 디버깅을 위해 스크린샷과 HTML을 저장합니다.
2025-09-08 23:15:46,762 - INFO - [scripts.interpretation.logic.list_scraper] -   - 스크린샷: /Users/woong/Roeum/roeum-crawler/debug/error_screenshot_20250908_231546.png
2025-09-08 23:15:46,762 - INFO - [scripts.interpretation.logic.list_scraper] -   - HTML: /Users/woong/Roeum/roeum-crawler/debug/error_page_20250908_231546.html
2025-09-08 23:15:46,868 - ERROR - [scripts.interpretation.logic.list_scraper] - 목록 스크레이핑 중 에러 발생: Page.evaluate: ReferenceError: fn_linkPage is not defined
    at eval (eval at evaluate (:234:30), <anonymous>:1:1)
    at eval (<anonymous>)
    at UtilityScript.evaluate (<anonymous>:234:30)
    at UtilityScript.<anonymous> (<anonymous>:1:44)
Traceback (most recent call last):
  File "/Users/woong/Roeum/roeum-crawler/scripts/interpretation/logic/list_scraper.py", line 94, in fetch_urls
    await page.evaluate(f"fn_linkPage('{page_num}')")
  File "/Users/woong/Roeum/roeum-crawler/.venv/lib/python3.11/site-packages/playwright/async_api/_generated.py", line 8327, in evaluate
    await self._impl_obj.evaluate(
  File "/Users/woong/Roeum/roeum-crawler/.venv/lib/python3.11/site-packages/playwright/_impl/_page.py", line 440, in evaluate
    return await self._main_frame.evaluate(expression, arg)
           ^^^^^^^^^^^^^^^^^^^^^^^^^^^^^^^^^^^^^^^^^^^^^^^^
  File "/Users/woong/Roeum/roeum-crawler/.venv/lib/python3.11/site-packages/playwright/_impl/_frame.py", line 278, in evaluate
    await self._channel.send(
  File "/Users/woong/Roeum/roeum-crawler/.venv/lib/python3.11/site-packages/playwright/_impl/_connection.py", line 59, in send
    return await self._connection.wrap_api_call(
           ^^^^^^^^^^^^^^^^^^^^^^^^^^^^^^^^^^^^^
  File "/Users/woong/Roeum/roeum-crawler/.venv/lib/python3.11/site-packages/playwright/_impl/_connection.py", line 514, in wrap_api_call
    raise rewrite_error(error, f"{parsed_st['apiName']}: {error}") from None
playwright._impl._errors.Error: Page.evaluate: ReferenceError: fn_linkPage is not defined
    at eval (eval at evaluate (:234:30), <anonymous>:1:1)
    at eval (<anonymous>)
    at UtilityScript.evaluate (<anonymous>:234:30)
    at UtilityScript.<anonymous> (<anonymous>:1:44)
2025-09-08 23:15:46,896 - INFO - [__main__] - 총 12개의 URL을 'data/raw/interpretation/1492000/urls.jsonl' 파일에 저장했습니다.
