2025-09-19 22:21:34,192 - INFO - [scripts.adrule.logic.url_checker] - URL 유효성 검증 성공: https://www.law.go.kr/admRulAstSc.do?menuId=391&subMenuId=397&tabMenuId=441&cptOfiCd=1492000
2025-09-19 22:21:34,375 - INFO - [scripts.adrule.logic.list_scraper] - 스크레이핑을 시작합니다...
2025-09-19 22:21:34,734 - INFO - [scripts.adrule.logic.list_scraper] - 시작 페이지로 이동 중: https://www.law.go.kr/admRulAstSc.do?menuId=391&subMenuId=397&tabMenuId=441&cptOfiCd=1492000
2025-09-19 22:21:36,006 - INFO - [scripts.adrule.logic.list_scraper] - 총 9 페이지를 확인했습니다.
2025-09-19 22:21:36,006 - INFO - [scripts.adrule.logic.list_scraper] - --- 1 / 9 페이지 처리 중 ---
2025-09-19 22:21:36,031 - INFO - [scripts.adrule.logic.list_scraper] - 현재 페이지에서 50개의 링크를 찾았습니다.
2025-09-19 22:21:36,044 - INFO - [scripts.adrule.logic.list_scraper] -   - 발견:  2025년도 건설업 월평균보수
2025-09-19 22:21:36,049 - INFO - [scripts.adrule.logic.list_scraper] -   - 발견:  2025년도 사업종류별 산재보험료율
2025-09-19 22:21:36,053 - INFO - [scripts.adrule.logic.list_scraper] -   - 발견:  2025년 적용 최저임금 고시
2025-09-19 22:21:36,057 - INFO - [scripts.adrule.logic.list_scraper] -   - 발견:  2026년 적용 최저임금 고시
2025-09-19 22:21:36,062 - INFO - [scripts.adrule.logic.list_scraper] -   - 발견:  2026년 적용 최저임금안 고시
2025-09-19 22:21:36,066 - INFO - [scripts.adrule.logic.list_scraper] -   - 발견:  가사근로자 사회보험료 지원에 관한 고시
2025-09-19 22:21:36,069 - INFO - [scripts.adrule.logic.list_scraper] -   - 발견:  가설공사 표준안전 작업지침
2025-09-19 22:21:36,074 - INFO - [scripts.adrule.logic.list_scraper] -   - 발견:  가스누출감지경보기 설치에 관한 기술상의 지침
2025-09-19 22:21:36,078 - INFO - [scripts.adrule.logic.list_scraper] -   - 발견:  감전재해 예방을 위한 기술상의 지침
2025-09-19 22:21:36,083 - INFO - [scripts.adrule.logic.list_scraper] -   - 발견:  개별연장급여 수급요건 중 학업 중인 사람에 대한 고시
2025-09-19 22:21:36,086 - INFO - [scripts.adrule.logic.list_scraper] -   - 발견:  개별연장급여 지급을 위한 임금 및 재산기준 고시
2025-09-19 22:21:36,091 - INFO - [scripts.adrule.logic.list_scraper] -   - 발견:  개인형퇴직연금제도로의 이전 예외사유 해당금액 고시
2025-09-19 22:21:36,095 - INFO - [scripts.adrule.logic.list_scraper] -   - 발견:  건설공사 안전보건대장의 작성 등에 관한 고시
2025-09-19 22:21:36,099 - INFO - [scripts.adrule.logic.list_scraper] -   - 발견:  건설공사의 노무비율
2025-09-19 22:21:36,104 - INFO - [scripts.adrule.logic.list_scraper] -   - 발견:  건설근로자고용개선전문위원회 운영규정
2025-09-19 22:21:36,109 - INFO - [scripts.adrule.logic.list_scraper] -   - 발견:  건설업 산업안전보건관리비 계상 및 사용기준
2025-09-19 22:21:36,113 - INFO - [scripts.adrule.logic.list_scraper] -   - 발견:  건설업에서 근로자 수 확인이 곤란한 장애인 고용의무 사업주의 공사실적액
2025-09-19 22:21:36,118 - INFO - [scripts.adrule.logic.list_scraper] -   - 발견:  건설업 유해·위험방지계획서 중 지도사가 평가·확인 할 수 있는 대상 건설공사의 범위 및 지도사의 요건
2025-09-19 22:21:36,125 - INFO - [scripts.adrule.logic.list_scraper] -   - 발견:  건설업자가 아닌 자가 시공하는 건설공사의 총공사금액 산정방법에 관한 규정
2025-09-19 22:21:36,132 - INFO - [scripts.adrule.logic.list_scraper] -   - 발견:  건설업체의 산업재해예방활동 실적 평가기준
2025-09-19 22:21:36,137 - INFO - [scripts.adrule.logic.list_scraper] -   - 발견:  고기압 작업에 관한 기준
2025-09-19 22:21:36,143 - INFO - [scripts.adrule.logic.list_scraper] -   - 발견:  고 김용균 사망사고 진상규명과 재발방지를 위한 석탄화력발전소 특별노동안전조사위원회 설치 및 운영에 관한 규정
2025-09-19 22:21:36,147 - INFO - [scripts.adrule.logic.list_scraper] -   - 발견:  고 김충현 사망사고 재발방지를 위한 발전산업 고용안전 협의체 설치 및 운영에 관한 규정
2025-09-19 22:21:36,153 - INFO - [scripts.adrule.logic.list_scraper] -   - 발견:  고령자 고용안정지원금 지급 규정
2025-09-19 22:21:36,157 - INFO - [scripts.adrule.logic.list_scraper] -   - 발견:  고령자고용연장지원금액 등
2025-09-19 22:21:36,163 - INFO - [scripts.adrule.logic.list_scraper] -   - 발견:  고령자인재은행 및 중견전문인력 고용지원센터 운영규정
2025-09-19 22:21:36,168 - INFO - [scripts.adrule.logic.list_scraper] -   - 발견:  고용노동관계법 위반자에 대한 과태료 부과·징수 업무에 관한 예규
2025-09-19 22:21:36,174 - INFO - [scripts.adrule.logic.list_scraper] -   - 발견:  고용노동관 업무처리지침
2025-09-19 22:21:36,179 - INFO - [scripts.adrule.logic.list_scraper] -   - 발견:  고용노동부 2030 자문단 설치 및 운영에 관한 규정
2025-09-19 22:21:36,196 - INFO - [scripts.adrule.logic.list_scraper] -   - 발견:  고용노동부 갈등관리 운영규정
2025-09-19 22:21:36,202 - INFO - [scripts.adrule.logic.list_scraper] -   - 발견:  고용노동부 감사규정
2025-09-19 22:21:36,208 - INFO - [scripts.adrule.logic.list_scraper] -   - 발견:  고용노동부 개인정보 보호지침
2025-09-19 22:21:36,212 - INFO - [scripts.adrule.logic.list_scraper] -   - 발견:  고용노동부고객상담센터 기본운영규정
2025-09-19 22:21:36,217 - INFO - [scripts.adrule.logic.list_scraper] -   - 발견:  고용노동부고객상담센터 위임전결규정
2025-09-19 22:21:36,222 - INFO - [scripts.adrule.logic.list_scraper] -   - 발견:  고용노동부 고객지원실 운영규정
2025-09-19 22:21:36,227 - INFO - [scripts.adrule.logic.list_scraper] -   - 발견:  고용노동부 고용장려금 운영에 관한 규정
2025-09-19 22:21:36,235 - INFO - [scripts.adrule.logic.list_scraper] -   - 발견:  고용노동부 공무원의 국제기구 파견에 관한 지침
2025-09-19 22:21:36,241 - INFO - [scripts.adrule.logic.list_scraper] -   - 발견:  고용노동부 공무원 정원배정표
2025-09-19 22:21:36,246 - INFO - [scripts.adrule.logic.list_scraper] -   - 발견:  고용노동부 공무원 행동강령
2025-09-19 22:21:36,251 - INFO - [scripts.adrule.logic.list_scraper] -   - 발견:  고용노동부 공무직근로자 운영규정
2025-09-19 22:21:36,258 - INFO - [scripts.adrule.logic.list_scraper] -   - 발견:  고용노동부 공사감독 업무규정
2025-09-19 22:21:36,269 - INFO - [scripts.adrule.logic.list_scraper] -   - 발견:  고용노동부 공직자의 이해충돌 방지제도 운영지침
2025-09-19 22:21:36,276 - INFO - [scripts.adrule.logic.list_scraper] -   - 발견:  고용노동부 관사의 운영 및 관리규정
2025-09-19 22:21:36,279 - INFO - [scripts.adrule.logic.list_scraper] -   - 발견:  고용노동부 국가정보자료관리세부시행규칙
2025-09-19 22:21:36,288 - INFO - [scripts.adrule.logic.list_scraper] -   - 발견:  고용노동부 국제고용노동정책에 관한 규정
2025-09-19 22:21:36,293 - INFO - [scripts.adrule.logic.list_scraper] -   - 발견:  고용노동부 규제심사위원회 운영규정
2025-09-19 22:21:36,293 - INFO - [scripts.adrule.logic.list_scraper] - --- 2 / 9 페이지 처리 중 ---
2025-09-19 22:21:36,293 - INFO - [scripts.adrule.logic.list_scraper] - 2 페이지로 이동합니다...
2025-09-19 22:21:36,299 - INFO - [scripts.adrule.logic.list_scraper] - 이전 페이지 내용이 사라지기를 대기합니다...
2025-09-19 22:22:06,306 - ERROR - [scripts.adrule.logic.list_scraper] - 스크레이핑 중 예상치 못한 에러 발생: Locator expected to be hidden
Actual value: False 
Call log:
LocatorAssertions.to_be_hidden with timeout 30000ms
  - waiting for locator("#resultAdmRulTableDiv tbody tr:first-child a").first
  -   locator resolved to <a href="#AJAX" onclick="javascript:admRulReturnSearch('2025년도 건설업 월평균보수','2100000252102','N');return false;"> 2025년도 건설업 월평균보수</a>
  -   unexpected value "visible"
  -   locator resolved to <a href="#AJAX" onclick="javascript:admRulReturnSearch('2025년도 건설업 월평균보수','2100000252102','N');return false;"> 2025년도 건설업 월평균보수</a>
  -   unexpected value "visible"
  -   locator resolved to <a href="#AJAX" onclick="javascript:admRulReturnSearch('고용노동부 기간제근로자 운영규정','2100000196292','Y');return false;"> 고용노동부 기간제근로자 운영규정</a>
  -   unexpected value "visible"
  -   locator resolved to <a href="#AJAX" onclick="javascript:admRulReturnSearch('고용노동부 기간제근로자 운영규정','2100000196292','Y');return false;"> 고용노동부 기간제근로자 운영규정</a>
  -   unexpected value "visible"
  -   locator resolved to <a href="#AJAX" onclick="javascript:admRulReturnSearch('고용노동부 기간제근로자 운영규정','2100000196292','Y');return false;"> 고용노동부 기간제근로자 운영규정</a>
  -   unexpected value "visible"
  -   locator resolved to <a href="#AJAX" onclick="javascript:admRulReturnSearch('고용노동부 기간제근로자 운영규정','2100000196292','Y');return false;"> 고용노동부 기간제근로자 운영규정</a>
  -   unexpected value "visible"
  -   locator resolved to <a href="#AJAX" onclick="javascript:admRulReturnSearch('고용노동부 기간제근로자 운영규정','2100000196292','Y');return false;"> 고용노동부 기간제근로자 운영규정</a>
  -   unexpected value "visible"
  -   locator resolved to <a href="#AJAX" onclick="javascript:admRulReturnSearch('고용노동부 기간제근로자 운영규정','2100000196292','Y');return false;"> 고용노동부 기간제근로자 운영규정</a>
  -   unexpected value "visible"
  -   locator resolved to <a href="#AJAX" onclick="javascript:admRulReturnSearch('고용노동부 기간제근로자 운영규정','2100000196292','Y');return false;"> 고용노동부 기간제근로자 운영규정</a>
  -   unexpected value "visible"
  -   locator resolved to <a href="#AJAX" onclick="javascript:admRulReturnSearch('고용노동부 기간제근로자 운영규정','2100000196292','Y');return false;"> 고용노동부 기간제근로자 운영규정</a>
  -   unexpected value "visible"
  -   locator resolved to <a href="#AJAX" onclick="javascript:admRulReturnSearch('고용노동부 기간제근로자 운영규정','2100000196292','Y');return false;"> 고용노동부 기간제근로자 운영규정</a>
  -   unexpected value "visible"
  -   locator resolved to <a href="#AJAX" onclick="javascript:admRulReturnSearch('고용노동부 기간제근로자 운영규정','2100000196292','Y');return false;"> 고용노동부 기간제근로자 운영규정</a>
  -   unexpected value "visible"
  -   locator resolved to <a href="#AJAX" onclick="javascript:admRulReturnSearch('고용노동부 기간제근로자 운영규정','2100000196292','Y');return false;"> 고용노동부 기간제근로자 운영규정</a>
  -   unexpected value "visible"
  -   locator resolved to <a href="#AJAX" onclick="javascript:admRulReturnSearch('고용노동부 기간제근로자 운영규정','2100000196292','Y');return false;"> 고용노동부 기간제근로자 운영규정</a>
  -   unexpected value "visible"
  -   locator resolved to <a href="#AJAX" onclick="javascript:admRulReturnSearch('고용노동부 기간제근로자 운영규정','2100000196292','Y');return false;"> 고용노동부 기간제근로자 운영규정</a>
  -   unexpected value "visible"
  -   locator resolved to <a href="#AJAX" onclick="javascript:admRulReturnSearch('고용노동부 기간제근로자 운영규정','2100000196292','Y');return false;"> 고용노동부 기간제근로자 운영규정</a>
  -   unexpected value "visible"
  -   locator resolved to <a href="#AJAX" onclick="javascript:admRulReturnSearch('고용노동부 기간제근로자 운영규정','2100000196292','Y');return false;"> 고용노동부 기간제근로자 운영규정</a>
  -   unexpected value "visible"
  -   locator resolved to <a href="#AJAX" onclick="javascript:admRulReturnSearch('고용노동부 기간제근로자 운영규정','2100000196292','Y');return false;"> 고용노동부 기간제근로자 운영규정</a>
  -   unexpected value "visible"
  -   locator resolved to <a href="#AJAX" onclick="javascript:admRulReturnSearch('고용노동부 기간제근로자 운영규정','2100000196292','Y');return false;"> 고용노동부 기간제근로자 운영규정</a>
  -   unexpected value "visible"
  -   locator resolved to <a href="#AJAX" onclick="javascript:admRulReturnSearch('고용노동부 기간제근로자 운영규정','2100000196292','Y');return false;"> 고용노동부 기간제근로자 운영규정</a>
  -   unexpected value "visible"
  -   locator resolved to <a href="#AJAX" onclick="javascript:admRulReturnSearch('고용노동부 기간제근로자 운영규정','2100000196292','Y');return false;"> 고용노동부 기간제근로자 운영규정</a>
  -   unexpected value "visible"
  -   locator resolved to <a href="#AJAX" onclick="javascript:admRulReturnSearch('고용노동부 기간제근로자 운영규정','2100000196292','Y');return false;"> 고용노동부 기간제근로자 운영규정</a>
  -   unexpected value "visible"
  -   locator resolved to <a href="#AJAX" onclick="javascript:admRulReturnSearch('고용노동부 기간제근로자 운영규정','2100000196292','Y');return false;"> 고용노동부 기간제근로자 운영규정</a>
  -   unexpected value "visible"
  -   locator resolved to <a href="#AJAX" onclick="javascript:admRulReturnSearch('고용노동부 기간제근로자 운영규정','2100000196292','Y');return false;"> 고용노동부 기간제근로자 운영규정</a>
  -   unexpected value "visible"
  -   locator resolved to <a href="#AJAX" onclick="javascript:admRulReturnSearch('고용노동부 기간제근로자 운영규정','2100000196292','Y');return false;"> 고용노동부 기간제근로자 운영규정</a>
  -   unexpected value "visible"
  -   locator resolved to <a href="#AJAX" onclick="javascript:admRulReturnSearch('고용노동부 기간제근로자 운영규정','2100000196292','Y');return false;"> 고용노동부 기간제근로자 운영규정</a>
  -   unexpected value "visible"
  -   locator resolved to <a href="#AJAX" onclick="javascript:admRulReturnSearch('고용노동부 기간제근로자 운영규정','2100000196292','Y');return false;"> 고용노동부 기간제근로자 운영규정</a>
  -   unexpected value "visible"
  -   locator resolved to <a href="#AJAX" onclick="javascript:admRulReturnSearch('고용노동부 기간제근로자 운영규정','2100000196292','Y');return false;"> 고용노동부 기간제근로자 운영규정</a>
  -   unexpected value "visible"
  -   locator resolved to <a href="#AJAX" onclick="javascript:admRulReturnSearch('고용노동부 기간제근로자 운영규정','2100000196292','Y');return false;"> 고용노동부 기간제근로자 운영규정</a>
  -   unexpected value "visible"
  -   locator resolved to <a href="#AJAX" onclick="javascript:admRulReturnSearch('고용노동부 기간제근로자 운영규정','2100000196292','Y');return false;"> 고용노동부 기간제근로자 운영규정</a>
  -   unexpected value "visible"
  -   locator resolved to <a href="#AJAX" onclick="javascript:admRulReturnSearch('고용노동부 기간제근로자 운영규정','2100000196292','Y');return false;"> 고용노동부 기간제근로자 운영규정</a>
  -   unexpected value "visible"
  -   locator resolved to <a href="#AJAX" onclick="javascript:admRulReturnSearch('고용노동부 기간제근로자 운영규정','2100000196292','Y');return false;"> 고용노동부 기간제근로자 운영규정</a>
  -   unexpected value "visible"
  -   locator resolved to <a href="#AJAX" onclick="javascript:admRulReturnSearch('고용노동부 기간제근로자 운영규정','2100000196292','Y');return false;"> 고용노동부 기간제근로자 운영규정</a>
  -   unexpected value "visible"
Traceback (most recent call last):
  File "/Users/woong/Roeum/roeum-crawler/scripts/adrule/logic/list_scraper.py", line 89, in fetch_urls
    await expect(first_link_before).to_be_hidden(timeout=30000)
  File "/Users/woong/Roeum/roeum-crawler/.venv/lib/python3.11/site-packages/playwright/async_api/_generated.py", line 19536, in to_be_hidden
    await self._impl_obj.to_be_hidden(timeout=timeout)
  File "/Users/woong/Roeum/roeum-crawler/.venv/lib/python3.11/site-packages/playwright/_impl/_assertions.py", line 642, in to_be_hidden
    await self._expect_impl(
  File "/Users/woong/Roeum/roeum-crawler/.venv/lib/python3.11/site-packages/playwright/_impl/_assertions.py", line 74, in _expect_impl
    raise AssertionError(
AssertionError: Locator expected to be hidden
Actual value: False 
Call log:
LocatorAssertions.to_be_hidden with timeout 30000ms
  - waiting for locator("#resultAdmRulTableDiv tbody tr:first-child a").first
  -   locator resolved to <a href="#AJAX" onclick="javascript:admRulReturnSearch('2025년도 건설업 월평균보수','2100000252102','N');return false;"> 2025년도 건설업 월평균보수</a>
  -   unexpected value "visible"
  -   locator resolved to <a href="#AJAX" onclick="javascript:admRulReturnSearch('2025년도 건설업 월평균보수','2100000252102','N');return false;"> 2025년도 건설업 월평균보수</a>
  -   unexpected value "visible"
  -   locator resolved to <a href="#AJAX" onclick="javascript:admRulReturnSearch('고용노동부 기간제근로자 운영규정','2100000196292','Y');return false;"> 고용노동부 기간제근로자 운영규정</a>
  -   unexpected value "visible"
  -   locator resolved to <a href="#AJAX" onclick="javascript:admRulReturnSearch('고용노동부 기간제근로자 운영규정','2100000196292','Y');return false;"> 고용노동부 기간제근로자 운영규정</a>
  -   unexpected value "visible"
  -   locator resolved to <a href="#AJAX" onclick="javascript:admRulReturnSearch('고용노동부 기간제근로자 운영규정','2100000196292','Y');return false;"> 고용노동부 기간제근로자 운영규정</a>
  -   unexpected value "visible"
  -   locator resolved to <a href="#AJAX" onclick="javascript:admRulReturnSearch('고용노동부 기간제근로자 운영규정','2100000196292','Y');return false;"> 고용노동부 기간제근로자 운영규정</a>
  -   unexpected value "visible"
  -   locator resolved to <a href="#AJAX" onclick="javascript:admRulReturnSearch('고용노동부 기간제근로자 운영규정','2100000196292','Y');return false;"> 고용노동부 기간제근로자 운영규정</a>
  -   unexpected value "visible"
  -   locator resolved to <a href="#AJAX" onclick="javascript:admRulReturnSearch('고용노동부 기간제근로자 운영규정','2100000196292','Y');return false;"> 고용노동부 기간제근로자 운영규정</a>
  -   unexpected value "visible"
  -   locator resolved to <a href="#AJAX" onclick="javascript:admRulReturnSearch('고용노동부 기간제근로자 운영규정','2100000196292','Y');return false;"> 고용노동부 기간제근로자 운영규정</a>
  -   unexpected value "visible"
  -   locator resolved to <a href="#AJAX" onclick="javascript:admRulReturnSearch('고용노동부 기간제근로자 운영규정','2100000196292','Y');return false;"> 고용노동부 기간제근로자 운영규정</a>
  -   unexpected value "visible"
  -   locator resolved to <a href="#AJAX" onclick="javascript:admRulReturnSearch('고용노동부 기간제근로자 운영규정','2100000196292','Y');return false;"> 고용노동부 기간제근로자 운영규정</a>
  -   unexpected value "visible"
  -   locator resolved to <a href="#AJAX" onclick="javascript:admRulReturnSearch('고용노동부 기간제근로자 운영규정','2100000196292','Y');return false;"> 고용노동부 기간제근로자 운영규정</a>
  -   unexpected value "visible"
  -   locator resolved to <a href="#AJAX" onclick="javascript:admRulReturnSearch('고용노동부 기간제근로자 운영규정','2100000196292','Y');return false;"> 고용노동부 기간제근로자 운영규정</a>
  -   unexpected value "visible"
  -   locator resolved to <a href="#AJAX" onclick="javascript:admRulReturnSearch('고용노동부 기간제근로자 운영규정','2100000196292','Y');return false;"> 고용노동부 기간제근로자 운영규정</a>
  -   unexpected value "visible"
  -   locator resolved to <a href="#AJAX" onclick="javascript:admRulReturnSearch('고용노동부 기간제근로자 운영규정','2100000196292','Y');return false;"> 고용노동부 기간제근로자 운영규정</a>
  -   unexpected value "visible"
  -   locator resolved to <a href="#AJAX" onclick="javascript:admRulReturnSearch('고용노동부 기간제근로자 운영규정','2100000196292','Y');return false;"> 고용노동부 기간제근로자 운영규정</a>
  -   unexpected value "visible"
  -   locator resolved to <a href="#AJAX" onclick="javascript:admRulReturnSearch('고용노동부 기간제근로자 운영규정','2100000196292','Y');return false;"> 고용노동부 기간제근로자 운영규정</a>
  -   unexpected value "visible"
  -   locator resolved to <a href="#AJAX" onclick="javascript:admRulReturnSearch('고용노동부 기간제근로자 운영규정','2100000196292','Y');return false;"> 고용노동부 기간제근로자 운영규정</a>
  -   unexpected value "visible"
  -   locator resolved to <a href="#AJAX" onclick="javascript:admRulReturnSearch('고용노동부 기간제근로자 운영규정','2100000196292','Y');return false;"> 고용노동부 기간제근로자 운영규정</a>
  -   unexpected value "visible"
  -   locator resolved to <a href="#AJAX" onclick="javascript:admRulReturnSearch('고용노동부 기간제근로자 운영규정','2100000196292','Y');return false;"> 고용노동부 기간제근로자 운영규정</a>
  -   unexpected value "visible"
  -   locator resolved to <a href="#AJAX" onclick="javascript:admRulReturnSearch('고용노동부 기간제근로자 운영규정','2100000196292','Y');return false;"> 고용노동부 기간제근로자 운영규정</a>
  -   unexpected value "visible"
  -   locator resolved to <a href="#AJAX" onclick="javascript:admRulReturnSearch('고용노동부 기간제근로자 운영규정','2100000196292','Y');return false;"> 고용노동부 기간제근로자 운영규정</a>
  -   unexpected value "visible"
  -   locator resolved to <a href="#AJAX" onclick="javascript:admRulReturnSearch('고용노동부 기간제근로자 운영규정','2100000196292','Y');return false;"> 고용노동부 기간제근로자 운영규정</a>
  -   unexpected value "visible"
  -   locator resolved to <a href="#AJAX" onclick="javascript:admRulReturnSearch('고용노동부 기간제근로자 운영규정','2100000196292','Y');return false;"> 고용노동부 기간제근로자 운영규정</a>
  -   unexpected value "visible"
  -   locator resolved to <a href="#AJAX" onclick="javascript:admRulReturnSearch('고용노동부 기간제근로자 운영규정','2100000196292','Y');return false;"> 고용노동부 기간제근로자 운영규정</a>
  -   unexpected value "visible"
  -   locator resolved to <a href="#AJAX" onclick="javascript:admRulReturnSearch('고용노동부 기간제근로자 운영규정','2100000196292','Y');return false;"> 고용노동부 기간제근로자 운영규정</a>
  -   unexpected value "visible"
  -   locator resolved to <a href="#AJAX" onclick="javascript:admRulReturnSearch('고용노동부 기간제근로자 운영규정','2100000196292','Y');return false;"> 고용노동부 기간제근로자 운영규정</a>
  -   unexpected value "visible"
  -   locator resolved to <a href="#AJAX" onclick="javascript:admRulReturnSearch('고용노동부 기간제근로자 운영규정','2100000196292','Y');return false;"> 고용노동부 기간제근로자 운영규정</a>
  -   unexpected value "visible"
  -   locator resolved to <a href="#AJAX" onclick="javascript:admRulReturnSearch('고용노동부 기간제근로자 운영규정','2100000196292','Y');return false;"> 고용노동부 기간제근로자 운영규정</a>
  -   unexpected value "visible"
  -   locator resolved to <a href="#AJAX" onclick="javascript:admRulReturnSearch('고용노동부 기간제근로자 운영규정','2100000196292','Y');return false;"> 고용노동부 기간제근로자 운영규정</a>
  -   unexpected value "visible"
  -   locator resolved to <a href="#AJAX" onclick="javascript:admRulReturnSearch('고용노동부 기간제근로자 운영규정','2100000196292','Y');return false;"> 고용노동부 기간제근로자 운영규정</a>
  -   unexpected value "visible"
  -   locator resolved to <a href="#AJAX" onclick="javascript:admRulReturnSearch('고용노동부 기간제근로자 운영규정','2100000196292','Y');return false;"> 고용노동부 기간제근로자 운영규정</a>
  -   unexpected value "visible"
  -   locator resolved to <a href="#AJAX" onclick="javascript:admRulReturnSearch('고용노동부 기간제근로자 운영규정','2100000196292','Y');return false;"> 고용노동부 기간제근로자 운영규정</a>
  -   unexpected value "visible"

2025-09-19 22:22:06,313 - INFO - [scripts.adrule.logic.list_scraper] - 브라우저를 닫습니다.
2025-09-19 22:22:06,395 - INFO - [scripts.adrule.logic.list_scraper] - 스크레이핑 완료. 총 46개의 URL을 수집했습니다.
2025-09-19 22:22:06,396 - INFO - [__main__] - 총 46개의 URL을 './bin/../data/raw/adrule/1492000/urls.jsonl' 파일에 저장했습니다.
2025-09-19 22:22:07,167 - INFO - [__main__] - 상세 페이지 스크레이퍼 실행: https://www.law.go.kr/admRulInfoP.do?admRulSeq=2100000252102
2025-09-19 22:22:07,928 - INFO - [scripts.adrule.logic.scraper] - 페이지로 이동 중: https://www.law.go.kr/admRulInfoP.do?admRulSeq=2100000252102
2025-09-19 22:22:08,529 - INFO - [scripts.adrule.logic.scraper] - 로딩 마스크가 나타나기를 기다리는 중...
2025-09-19 22:22:08,549 - INFO - [scripts.adrule.logic.scraper] - 로딩 마스크가 사라지기를 기다리는 중...
2025-09-19 22:22:08,631 - INFO - [scripts.adrule.logic.scraper] - 페이지 최종 렌더링을 잠시 대기합니다...
2025-09-19 22:22:09,638 - INFO - [scripts.adrule.logic.scraper] - 페이지 HTML 컨텐츠를 가져오는 중...
2025-09-19 22:22:09,651 - INFO - [scripts.adrule.logic.scraper] - 데이터 파싱 중...
2025-09-19 22:22:09,697 - INFO - [scripts.adrule.logic.scraper] - 유형 2: 텍스트 기반 비정형 구조 감지
2025-09-19 22:22:09,701 - INFO - [scripts.adrule.logic.scraper] - 데이터 1건을 '/Users/woong/Roeum/roeum-crawler/data/raw/adrule/1492000/2025년도 건설업 월평균보수_document.jsonl' 파일로 성공적으로 저장했습니다.
2025-09-19 22:22:09,701 - INFO - [scripts.adrule.logic.scraper] - 데이터 2건을 '/Users/woong/Roeum/roeum-crawler/data/raw/adrule/1492000/2025년도 건설업 월평균보수_chunks.jsonl' 파일로 성공적으로 저장했습니다.
2025-09-19 22:22:09,725 - INFO - [__main__] - 상세 페이지 스크레이퍼 완료: 2025년도 건설업 월평균보수
2025-09-19 22:22:11,236 - INFO - [__main__] - 상세 페이지 스크레이퍼 실행: https://www.law.go.kr/admRulInfoP.do?admRulSeq=2100000251996
2025-09-19 22:22:11,581 - INFO - [scripts.adrule.logic.scraper] - 페이지로 이동 중: https://www.law.go.kr/admRulInfoP.do?admRulSeq=2100000251996
2025-09-19 22:22:12,495 - INFO - [scripts.adrule.logic.scraper] - 로딩 마스크가 나타나기를 기다리는 중...
2025-09-19 22:22:12,515 - INFO - [scripts.adrule.logic.scraper] - 로딩 마스크가 사라지기를 기다리는 중...
2025-09-19 22:22:12,609 - INFO - [scripts.adrule.logic.scraper] - 페이지 최종 렌더링을 잠시 대기합니다...
2025-09-19 22:22:13,612 - INFO - [scripts.adrule.logic.scraper] - 페이지 HTML 컨텐츠를 가져오는 중...
2025-09-19 22:22:13,624 - INFO - [scripts.adrule.logic.scraper] - 데이터 파싱 중...
2025-09-19 22:22:13,698 - INFO - [scripts.adrule.logic.scraper] - 유형 2: 텍스트 기반 비정형 구조 감지
2025-09-19 22:22:13,710 - INFO - [scripts.adrule.logic.scraper] - 데이터 1건을 '/Users/woong/Roeum/roeum-crawler/data/raw/adrule/1492000/2025년도 사업종류별 산재보험료율_document.jsonl' 파일로 성공적으로 저장했습니다.
2025-09-19 22:22:13,711 - INFO - [scripts.adrule.logic.scraper] - 데이터 2건을 '/Users/woong/Roeum/roeum-crawler/data/raw/adrule/1492000/2025년도 사업종류별 산재보험료율_chunks.jsonl' 파일로 성공적으로 저장했습니다.
2025-09-19 22:22:13,760 - INFO - [__main__] - 상세 페이지 스크레이퍼 완료: 2025년도 사업종류별 산재보험료율
2025-09-19 22:22:15,884 - INFO - [__main__] - 상세 페이지 스크레이퍼 실행: https://www.law.go.kr/admRulInfoP.do?admRulSeq=2100000245668
2025-09-19 22:22:16,376 - INFO - [scripts.adrule.logic.scraper] - 페이지로 이동 중: https://www.law.go.kr/admRulInfoP.do?admRulSeq=2100000245668
2025-09-19 22:22:17,013 - INFO - [scripts.adrule.logic.scraper] - 로딩 마스크가 나타나기를 기다리는 중...
2025-09-19 22:22:17,038 - INFO - [scripts.adrule.logic.scraper] - 로딩 마스크가 사라지기를 기다리는 중...
2025-09-19 22:22:17,226 - INFO - [scripts.adrule.logic.scraper] - 페이지 최종 렌더링을 잠시 대기합니다...
2025-09-19 22:22:18,228 - INFO - [scripts.adrule.logic.scraper] - 페이지 HTML 컨텐츠를 가져오는 중...
2025-09-19 22:22:18,233 - INFO - [scripts.adrule.logic.scraper] - 데이터 파싱 중...
2025-09-19 22:22:18,266 - INFO - [scripts.adrule.logic.scraper] - 유형 3: PDF 뷰어(iframe) 구조 감지 (OCR 실행)
2025-09-19 22:22:18,267 - INFO - [scripts.adrule.logic.scraper] - Viewport 크기를 A4 비율로 변경: 2480x3508
2025-09-19 22:22:19,277 - INFO - [scripts.adrule.logic.scraper] - 전체 화면 버튼을 클릭합니다.
2025-09-19 22:22:19,377 - INFO - [scripts.adrule.logic.scraper] - 전체 화면 로딩을 대기합니다.
2025-09-19 22:22:22,397 - INFO - [scripts.adrule.logic.scraper] - 1개의 PDF 페이지 컨테이너 발견
2025-09-19 22:22:22,753 - INFO - [scripts.utils.ocr] - ✅ [Cache HIT] OCR 결과를 로컬 파일에서 불러옵니다: /Users/woong/Roeum/roeum-crawler/scripts/utils/../cache/ocr_results/4df59a7eb16fe9ca17fcaac533b13e5c.txt
2025-09-19 22:22:22,754 - INFO - [scripts.adrule.logic.scraper] - 원래 Viewport 크기로 복원
2025-09-19 22:22:22,759 - INFO - [scripts.adrule.logic.scraper] - 데이터 1건을 '/Users/woong/Roeum/roeum-crawler/data/raw/adrule/1492000/2025년 적용 최저임금 고시_document.jsonl' 파일로 성공적으로 저장했습니다.
2025-09-19 22:22:22,759 - INFO - [scripts.adrule.logic.scraper] - 데이터 4건을 '/Users/woong/Roeum/roeum-crawler/data/raw/adrule/1492000/2025년 적용 최저임금 고시_chunks.jsonl' 파일로 성공적으로 저장했습니다.
2025-09-19 22:22:22,790 - INFO - [__main__] - 상세 페이지 스크레이퍼 완료: 2025년 적용 최저임금 고시
2025-09-19 22:22:24,402 - INFO - [__main__] - 상세 페이지 스크레이퍼 실행: https://www.law.go.kr/admRulInfoP.do?admRulSeq=2100000262710
2025-09-19 22:22:24,769 - INFO - [scripts.adrule.logic.scraper] - 페이지로 이동 중: https://www.law.go.kr/admRulInfoP.do?admRulSeq=2100000262710
2025-09-19 22:22:25,491 - INFO - [scripts.adrule.logic.scraper] - 로딩 마스크가 나타나기를 기다리는 중...
2025-09-19 22:22:25,514 - INFO - [scripts.adrule.logic.scraper] - 로딩 마스크가 사라지기를 기다리는 중...
2025-09-19 22:22:25,699 - INFO - [scripts.adrule.logic.scraper] - 페이지 최종 렌더링을 잠시 대기합니다...
2025-09-19 22:22:26,701 - INFO - [scripts.adrule.logic.scraper] - 페이지 HTML 컨텐츠를 가져오는 중...
2025-09-19 22:22:26,716 - INFO - [scripts.adrule.logic.scraper] - 데이터 파싱 중...
2025-09-19 22:22:26,762 - INFO - [scripts.adrule.logic.scraper] - 유형 3: PDF 뷰어(iframe) 구조 감지 (OCR 실행)
2025-09-19 22:22:26,762 - INFO - [scripts.adrule.logic.scraper] - Viewport 크기를 A4 비율로 변경: 2480x3508
2025-09-19 22:22:27,772 - INFO - [scripts.adrule.logic.scraper] - 전체 화면 버튼을 클릭합니다.
2025-09-19 22:22:27,877 - INFO - [scripts.adrule.logic.scraper] - 전체 화면 로딩을 대기합니다.
2025-09-19 22:22:30,892 - INFO - [scripts.adrule.logic.scraper] - 1개의 PDF 페이지 컨테이너 발견
2025-09-19 22:22:31,240 - INFO - [scripts.utils.ocr] - ✅ [Cache HIT] OCR 결과를 로컬 파일에서 불러옵니다: /Users/woong/Roeum/roeum-crawler/scripts/utils/../cache/ocr_results/94e845cbecd86a4b80dd3095c3937d8d.txt
2025-09-19 22:22:31,241 - INFO - [scripts.adrule.logic.scraper] - 원래 Viewport 크기로 복원
2025-09-19 22:22:31,245 - INFO - [scripts.adrule.logic.scraper] - 데이터 1건을 '/Users/woong/Roeum/roeum-crawler/data/raw/adrule/1492000/2026년 적용 최저임금 고시_document.jsonl' 파일로 성공적으로 저장했습니다.
2025-09-19 22:22:31,245 - INFO - [scripts.adrule.logic.scraper] - 데이터 4건을 '/Users/woong/Roeum/roeum-crawler/data/raw/adrule/1492000/2026년 적용 최저임금 고시_chunks.jsonl' 파일로 성공적으로 저장했습니다.
2025-09-19 22:22:31,272 - INFO - [__main__] - 상세 페이지 스크레이퍼 완료: 2026년 적용 최저임금 고시
2025-09-19 22:22:32,785 - INFO - [__main__] - 상세 페이지 스크레이퍼 실행: https://www.law.go.kr/admRulInfoP.do?admRulSeq=2100000261888
2025-09-19 22:22:33,139 - INFO - [scripts.adrule.logic.scraper] - 페이지로 이동 중: https://www.law.go.kr/admRulInfoP.do?admRulSeq=2100000261888
2025-09-19 22:22:33,665 - INFO - [scripts.adrule.logic.scraper] - 로딩 마스크가 나타나기를 기다리는 중...
2025-09-19 22:22:33,687 - INFO - [scripts.adrule.logic.scraper] - 로딩 마스크가 사라지기를 기다리는 중...
2025-09-19 22:22:33,765 - INFO - [scripts.adrule.logic.scraper] - 페이지 최종 렌더링을 잠시 대기합니다...
2025-09-19 22:22:34,767 - INFO - [scripts.adrule.logic.scraper] - 페이지 HTML 컨텐츠를 가져오는 중...
2025-09-19 22:22:34,779 - INFO - [scripts.adrule.logic.scraper] - 데이터 파싱 중...
2025-09-19 22:22:34,830 - INFO - [scripts.adrule.logic.scraper] - 유형 3: PDF 뷰어(iframe) 구조 감지 (OCR 실행)
2025-09-19 22:22:34,830 - INFO - [scripts.adrule.logic.scraper] - Viewport 크기를 A4 비율로 변경: 2480x3508
2025-09-19 22:22:35,841 - INFO - [scripts.adrule.logic.scraper] - 전체 화면 버튼을 클릭합니다.
2025-09-19 22:22:35,947 - INFO - [scripts.adrule.logic.scraper] - 전체 화면 로딩을 대기합니다.
2025-09-19 22:22:38,961 - INFO - [scripts.adrule.logic.scraper] - 1개의 PDF 페이지 컨테이너 발견
2025-09-19 22:22:39,385 - INFO - [scripts.utils.ocr] - ✅ [Cache HIT] OCR 결과를 로컬 파일에서 불러옵니다: /Users/woong/Roeum/roeum-crawler/scripts/utils/../cache/ocr_results/b0744a92fb0d5d99f64130ccde17ada1.txt
2025-09-19 22:22:39,385 - INFO - [scripts.adrule.logic.scraper] - 원래 Viewport 크기로 복원
2025-09-19 22:22:39,399 - INFO - [scripts.adrule.logic.scraper] - 데이터 1건을 '/Users/woong/Roeum/roeum-crawler/data/raw/adrule/1492000/2026년 적용 최저임금안 고시_document.jsonl' 파일로 성공적으로 저장했습니다.
2025-09-19 22:22:39,399 - INFO - [scripts.adrule.logic.scraper] - 데이터 5건을 '/Users/woong/Roeum/roeum-crawler/data/raw/adrule/1492000/2026년 적용 최저임금안 고시_chunks.jsonl' 파일로 성공적으로 저장했습니다.
2025-09-19 22:22:39,445 - INFO - [__main__] - 상세 페이지 스크레이퍼 완료: 2026년 적용 최저임금안 고시
2025-09-19 22:22:41,337 - INFO - [__main__] - 상세 페이지 스크레이퍼 실행: https://www.law.go.kr/admRulInfoP.do?admRulSeq=2100000254236
2025-09-19 22:22:42,042 - INFO - [scripts.adrule.logic.scraper] - 페이지로 이동 중: https://www.law.go.kr/admRulInfoP.do?admRulSeq=2100000254236
