2025-09-19 21:57:44,423 - INFO - [scripts.adrule.logic.url_checker] - URL 유효성 검증 성공: https://www.law.go.kr/admRulAstSc.do?menuId=391&subMenuId=397&tabMenuId=441&cptOfiCd=1492000
2025-09-19 21:57:44,986 - INFO - [scripts.adrule.logic.list_scraper] - 목록 페이지로 이동 중: https://www.law.go.kr/admRulAstSc.do?menuId=391&subMenuId=397&tabMenuId=441&cptOfiCd=1492000
2025-09-19 21:57:46,333 - INFO - [scripts.adrule.logic.list_scraper] - 총 9 페이지를 확인했습니다.
2025-09-19 21:57:46,333 - INFO - [scripts.adrule.logic.list_scraper] - --- 1 / 9 페이지 처리 중 ---
2025-09-19 21:57:46,363 - INFO - [scripts.adrule.logic.list_scraper] - 현재 페이지에서 50개의 링크를 찾았습니다.
2025-09-19 21:57:46,527 - INFO - [scripts.adrule.logic.list_scraper] - --- 2 / 9 페이지 처리 중 ---
2025-09-19 21:57:46,527 - INFO - [scripts.adrule.logic.list_scraper] - 2 페이지로 이동합니다...
2025-09-19 21:57:46,530 - INFO - [scripts.adrule.logic.list_scraper] - 페이지 전체 목록(50개)이 로딩되기를 기다립니다...
2025-09-19 21:57:46,535 - INFO - [scripts.adrule.logic.list_scraper] - 페이지 이동 및 로딩 완료.
2025-09-19 21:57:46,557 - INFO - [scripts.adrule.logic.list_scraper] - 현재 페이지에서 50개의 링크를 찾았습니다.
2025-09-19 21:57:46,736 - INFO - [scripts.adrule.logic.list_scraper] - --- 3 / 9 페이지 처리 중 ---
2025-09-19 21:57:46,736 - INFO - [scripts.adrule.logic.list_scraper] - 3 페이지로 이동합니다...
2025-09-19 21:57:46,739 - INFO - [scripts.adrule.logic.list_scraper] - 페이지 전체 목록(50개)이 로딩되기를 기다립니다...
2025-09-19 21:57:46,744 - INFO - [scripts.adrule.logic.list_scraper] - 페이지 이동 및 로딩 완료.
2025-09-19 21:57:46,788 - INFO - [scripts.adrule.logic.list_scraper] - 현재 페이지에서 50개의 링크를 찾았습니다.
2025-09-19 21:57:47,009 - INFO - [scripts.adrule.logic.list_scraper] - --- 4 / 9 페이지 처리 중 ---
2025-09-19 21:57:47,009 - INFO - [scripts.adrule.logic.list_scraper] - 4 페이지로 이동합니다...
2025-09-19 21:57:47,012 - INFO - [scripts.adrule.logic.list_scraper] - 페이지 전체 목록(50개)이 로딩되기를 기다립니다...
2025-09-19 21:57:47,016 - INFO - [scripts.adrule.logic.list_scraper] - 페이지 이동 및 로딩 완료.
2025-09-19 21:57:47,039 - INFO - [scripts.adrule.logic.list_scraper] - 현재 페이지에서 50개의 링크를 찾았습니다.
2025-09-19 21:57:47,221 - INFO - [scripts.adrule.logic.list_scraper] - --- 5 / 9 페이지 처리 중 ---
2025-09-19 21:57:47,221 - INFO - [scripts.adrule.logic.list_scraper] - 5 페이지로 이동합니다...
2025-09-19 21:57:47,224 - INFO - [scripts.adrule.logic.list_scraper] - 페이지 전체 목록(50개)이 로딩되기를 기다립니다...
2025-09-19 21:57:47,228 - INFO - [scripts.adrule.logic.list_scraper] - 페이지 이동 및 로딩 완료.
2025-09-19 21:57:47,247 - INFO - [scripts.adrule.logic.list_scraper] - 현재 페이지에서 50개의 링크를 찾았습니다.
2025-09-19 21:57:47,417 - INFO - [scripts.adrule.logic.list_scraper] - --- 6 / 9 페이지 처리 중 ---
2025-09-19 21:57:47,417 - INFO - [scripts.adrule.logic.list_scraper] - 6 페이지로 이동합니다...
2025-09-19 21:57:47,421 - INFO - [scripts.adrule.logic.list_scraper] - 페이지 전체 목록(50개)이 로딩되기를 기다립니다...
2025-09-19 21:57:47,426 - INFO - [scripts.adrule.logic.list_scraper] - 페이지 이동 및 로딩 완료.
2025-09-19 21:57:47,449 - INFO - [scripts.adrule.logic.list_scraper] - 현재 페이지에서 50개의 링크를 찾았습니다.
2025-09-19 21:57:47,632 - INFO - [scripts.adrule.logic.list_scraper] - --- 7 / 9 페이지 처리 중 ---
2025-09-19 21:57:47,633 - INFO - [scripts.adrule.logic.list_scraper] - 7 페이지로 이동합니다...
2025-09-19 21:57:47,635 - INFO - [scripts.adrule.logic.list_scraper] - 페이지 전체 목록(50개)이 로딩되기를 기다립니다...
2025-09-19 21:57:47,639 - INFO - [scripts.adrule.logic.list_scraper] - 페이지 이동 및 로딩 완료.
2025-09-19 21:57:47,660 - INFO - [scripts.adrule.logic.list_scraper] - 현재 페이지에서 50개의 링크를 찾았습니다.
2025-09-19 21:57:47,821 - INFO - [scripts.adrule.logic.list_scraper] - --- 8 / 9 페이지 처리 중 ---
2025-09-19 21:57:47,821 - INFO - [scripts.adrule.logic.list_scraper] - 8 페이지로 이동합니다...
2025-09-19 21:57:47,824 - INFO - [scripts.adrule.logic.list_scraper] - 페이지 전체 목록(50개)이 로딩되기를 기다립니다...
2025-09-19 21:57:47,827 - INFO - [scripts.adrule.logic.list_scraper] - 페이지 이동 및 로딩 완료.
2025-09-19 21:57:47,847 - INFO - [scripts.adrule.logic.list_scraper] - 현재 페이지에서 50개의 링크를 찾았습니다.
2025-09-19 21:57:48,003 - INFO - [scripts.adrule.logic.list_scraper] - --- 9 / 9 페이지 처리 중 ---
2025-09-19 21:57:48,003 - INFO - [scripts.adrule.logic.list_scraper] - 9 페이지로 이동합니다...
2025-09-19 21:57:48,006 - INFO - [scripts.adrule.logic.list_scraper] - 마지막 페이지 목록이 로딩되기를 기다립니다...
2025-09-19 21:57:48,009 - INFO - [scripts.adrule.logic.list_scraper] - 페이지 이동 및 로딩 완료.
2025-09-19 21:57:48,028 - INFO - [scripts.adrule.logic.list_scraper] - 현재 페이지에서 50개의 링크를 찾았습니다.
2025-09-19 21:57:48,213 - INFO - [__main__] - 총 428개의 URL을 './bin/../data/raw/adrule/1492000/urls.jsonl' 파일에 저장했습니다.
2025-09-19 21:57:48,933 - INFO - [__main__] - 상세 페이지 스크레이퍼 실행: https://www.law.go.kr/admRulInfoP.do?admRulSeq=2100000252102
2025-09-19 21:57:49,544 - INFO - [scripts.adrule.logic.scraper] - 페이지로 이동 중: https://www.law.go.kr/admRulInfoP.do?admRulSeq=2100000252102
2025-09-19 21:57:50,116 - INFO - [scripts.adrule.logic.scraper] - 로딩 마스크가 나타나기를 기다리는 중...
2025-09-19 21:57:50,138 - INFO - [scripts.adrule.logic.scraper] - 로딩 마스크가 사라지기를 기다리는 중...
2025-09-19 21:57:50,222 - INFO - [scripts.adrule.logic.scraper] - 페이지 최종 렌더링을 잠시 대기합니다...
2025-09-19 21:57:51,225 - INFO - [scripts.adrule.logic.scraper] - 페이지 HTML 컨텐츠를 가져오는 중...
2025-09-19 21:57:51,238 - INFO - [scripts.adrule.logic.scraper] - 데이터 파싱 중...
2025-09-19 21:57:51,284 - INFO - [scripts.adrule.logic.scraper] - 유형 2: 텍스트 기반 비정형 구조 감지
2025-09-19 21:57:51,290 - INFO - [scripts.adrule.logic.scraper] - 데이터 1건을 '/Users/woong/Roeum/roeum-crawler/data/raw/adrule/1492000/2025년도 건설업 월평균보수_document.jsonl' 파일로 성공적으로 저장했습니다.
2025-09-19 21:57:51,290 - INFO - [scripts.adrule.logic.scraper] - 데이터 2건을 '/Users/woong/Roeum/roeum-crawler/data/raw/adrule/1492000/2025년도 건설업 월평균보수_chunks.jsonl' 파일로 성공적으로 저장했습니다.
2025-09-19 21:57:51,314 - INFO - [__main__] - 상세 페이지 스크레이퍼 완료: 2025년도 건설업 월평균보수
2025-09-19 21:57:52,865 - INFO - [__main__] - 상세 페이지 스크레이퍼 실행: https://www.law.go.kr/admRulInfoP.do?admRulSeq=2100000251996
2025-09-19 21:57:53,214 - INFO - [scripts.adrule.logic.scraper] - 페이지로 이동 중: https://www.law.go.kr/admRulInfoP.do?admRulSeq=2100000251996
2025-09-19 21:57:53,775 - INFO - [scripts.adrule.logic.scraper] - 로딩 마스크가 나타나기를 기다리는 중...
2025-09-19 21:57:53,796 - INFO - [scripts.adrule.logic.scraper] - 로딩 마스크가 사라지기를 기다리는 중...
2025-09-19 21:57:53,880 - INFO - [scripts.adrule.logic.scraper] - 페이지 최종 렌더링을 잠시 대기합니다...
2025-09-19 21:57:54,884 - INFO - [scripts.adrule.logic.scraper] - 페이지 HTML 컨텐츠를 가져오는 중...
2025-09-19 21:57:54,898 - INFO - [scripts.adrule.logic.scraper] - 데이터 파싱 중...
2025-09-19 21:57:54,944 - INFO - [scripts.adrule.logic.scraper] - 유형 2: 텍스트 기반 비정형 구조 감지
2025-09-19 21:57:54,949 - INFO - [scripts.adrule.logic.scraper] - 데이터 1건을 '/Users/woong/Roeum/roeum-crawler/data/raw/adrule/1492000/2025년도 사업종류별 산재보험료율_document.jsonl' 파일로 성공적으로 저장했습니다.
2025-09-19 21:57:54,949 - INFO - [scripts.adrule.logic.scraper] - 데이터 2건을 '/Users/woong/Roeum/roeum-crawler/data/raw/adrule/1492000/2025년도 사업종류별 산재보험료율_chunks.jsonl' 파일로 성공적으로 저장했습니다.
2025-09-19 21:57:54,972 - INFO - [__main__] - 상세 페이지 스크레이퍼 완료: 2025년도 사업종류별 산재보험료율
2025-09-19 21:57:56,507 - INFO - [__main__] - 상세 페이지 스크레이퍼 실행: https://www.law.go.kr/admRulInfoP.do?admRulSeq=2100000245668
2025-09-19 21:57:56,852 - INFO - [scripts.adrule.logic.scraper] - 페이지로 이동 중: https://www.law.go.kr/admRulInfoP.do?admRulSeq=2100000245668
2025-09-19 21:57:57,435 - INFO - [scripts.adrule.logic.scraper] - 로딩 마스크가 나타나기를 기다리는 중...
2025-09-19 21:57:57,476 - INFO - [scripts.adrule.logic.scraper] - 로딩 마스크가 사라지기를 기다리는 중...
2025-09-19 21:57:57,565 - INFO - [scripts.adrule.logic.scraper] - 페이지 최종 렌더링을 잠시 대기합니다...
2025-09-19 21:57:58,572 - INFO - [scripts.adrule.logic.scraper] - 페이지 HTML 컨텐츠를 가져오는 중...
2025-09-19 21:57:58,584 - INFO - [scripts.adrule.logic.scraper] - 데이터 파싱 중...
2025-09-19 21:57:58,620 - INFO - [scripts.adrule.logic.scraper] - 유형 3: PDF 뷰어(iframe) 구조 감지 (OCR 실행)
2025-09-19 21:57:58,620 - INFO - [scripts.adrule.logic.scraper] - Viewport 크기를 A4 비율로 변경: 2480x3508
2025-09-19 21:57:59,628 - INFO - [scripts.adrule.logic.scraper] - 전체 화면 버튼을 클릭합니다.
2025-09-19 21:57:59,728 - INFO - [scripts.adrule.logic.scraper] - 전체 화면 로딩을 대기합니다.
2025-09-19 21:58:02,754 - INFO - [scripts.adrule.logic.scraper] - 1개의 PDF 페이지 컨테이너 발견
2025-09-19 21:58:03,164 - INFO - [scripts.utils.ocr] - ✅ [Cache HIT] OCR 결과를 로컬 파일에서 불러옵니다: /Users/woong/Roeum/roeum-crawler/scripts/utils/../cache/ocr_results/4df59a7eb16fe9ca17fcaac533b13e5c.txt
2025-09-19 21:58:03,165 - INFO - [scripts.adrule.logic.scraper] - 원래 Viewport 크기로 복원
2025-09-19 21:58:03,179 - INFO - [scripts.adrule.logic.scraper] - 데이터 1건을 '/Users/woong/Roeum/roeum-crawler/data/raw/adrule/1492000/2025년 적용 최저임금 고시_document.jsonl' 파일로 성공적으로 저장했습니다.
2025-09-19 21:58:03,180 - INFO - [scripts.adrule.logic.scraper] - 데이터 4건을 '/Users/woong/Roeum/roeum-crawler/data/raw/adrule/1492000/2025년 적용 최저임금 고시_chunks.jsonl' 파일로 성공적으로 저장했습니다.
2025-09-19 21:58:03,242 - INFO - [__main__] - 상세 페이지 스크레이퍼 완료: 2025년 적용 최저임금 고시
2025-09-19 21:58:04,953 - INFO - [__main__] - 상세 페이지 스크레이퍼 실행: https://www.law.go.kr/admRulInfoP.do?admRulSeq=2100000244478
2025-09-19 21:58:05,633 - INFO - [scripts.adrule.logic.scraper] - 페이지로 이동 중: https://www.law.go.kr/admRulInfoP.do?admRulSeq=2100000244478
2025-09-19 21:58:06,162 - INFO - [scripts.adrule.logic.scraper] - 로딩 마스크가 나타나기를 기다리는 중...
2025-09-19 21:58:06,228 - INFO - [scripts.adrule.logic.scraper] - 로딩 마스크가 사라지기를 기다리는 중...
2025-09-19 21:58:06,270 - INFO - [scripts.adrule.logic.scraper] - 페이지 최종 렌더링을 잠시 대기합니다...
2025-09-19 21:58:07,274 - INFO - [scripts.adrule.logic.scraper] - 페이지 HTML 컨텐츠를 가져오는 중...
2025-09-19 21:58:07,288 - INFO - [scripts.adrule.logic.scraper] - 데이터 파싱 중...
2025-09-19 21:58:07,347 - INFO - [scripts.adrule.logic.scraper] - 유형 3: PDF 뷰어(iframe) 구조 감지 (OCR 실행)
2025-09-19 21:58:07,347 - INFO - [scripts.adrule.logic.scraper] - Viewport 크기를 A4 비율로 변경: 2480x3508
2025-09-19 21:58:08,371 - INFO - [scripts.adrule.logic.scraper] - 전체 화면 버튼을 클릭합니다.
2025-09-19 21:58:08,564 - INFO - [scripts.adrule.logic.scraper] - 전체 화면 로딩을 대기합니다.
2025-09-19 21:58:11,587 - INFO - [scripts.adrule.logic.scraper] - 1개의 PDF 페이지 컨테이너 발견
2025-09-19 21:58:11,974 - INFO - [scripts.utils.ocr] - 💰 [API CALL] 캐시 파일이 없어 CLOVA OCR API를 호출합니다. (과금 발생)
2025-09-19 21:58:15,002 - INFO - [scripts.adrule.logic.scraper] - 원래 Viewport 크기로 복원
2025-09-19 21:58:15,018 - INFO - [scripts.adrule.logic.scraper] - 데이터 1건을 '/Users/woong/Roeum/roeum-crawler/data/raw/adrule/1492000/2025년 적용 최저임금안 고시_document.jsonl' 파일로 성공적으로 저장했습니다.
2025-09-19 21:58:15,019 - INFO - [scripts.adrule.logic.scraper] - 데이터 5건을 '/Users/woong/Roeum/roeum-crawler/data/raw/adrule/1492000/2025년 적용 최저임금안 고시_chunks.jsonl' 파일로 성공적으로 저장했습니다.
2025-09-19 21:58:15,066 - INFO - [__main__] - 상세 페이지 스크레이퍼 완료: 2025년 적용 최저임금안 고시
2025-09-19 21:58:16,697 - INFO - [__main__] - 상세 페이지 스크레이퍼 실행: https://www.law.go.kr/admRulInfoP.do?admRulSeq=2100000262710
2025-09-19 21:58:17,111 - INFO - [scripts.adrule.logic.scraper] - 페이지로 이동 중: https://www.law.go.kr/admRulInfoP.do?admRulSeq=2100000262710
2025-09-19 21:58:17,721 - INFO - [scripts.adrule.logic.scraper] - 로딩 마스크가 나타나기를 기다리는 중...
2025-09-19 21:58:17,742 - INFO - [scripts.adrule.logic.scraper] - 로딩 마스크가 사라지기를 기다리는 중...
2025-09-19 21:58:17,923 - INFO - [scripts.adrule.logic.scraper] - 페이지 최종 렌더링을 잠시 대기합니다...
2025-09-19 21:58:18,928 - INFO - [scripts.adrule.logic.scraper] - 페이지 HTML 컨텐츠를 가져오는 중...
2025-09-19 21:58:18,937 - INFO - [scripts.adrule.logic.scraper] - 데이터 파싱 중...
2025-09-19 21:58:18,974 - INFO - [scripts.adrule.logic.scraper] - 유형 3: PDF 뷰어(iframe) 구조 감지 (OCR 실행)
2025-09-19 21:58:18,974 - INFO - [scripts.adrule.logic.scraper] - Viewport 크기를 A4 비율로 변경: 2480x3508
2025-09-19 21:58:19,985 - INFO - [scripts.adrule.logic.scraper] - 전체 화면 버튼을 클릭합니다.
2025-09-19 21:58:20,085 - INFO - [scripts.adrule.logic.scraper] - 전체 화면 로딩을 대기합니다.
2025-09-19 21:58:23,099 - INFO - [scripts.adrule.logic.scraper] - 1개의 PDF 페이지 컨테이너 발견
2025-09-19 21:58:23,461 - INFO - [scripts.utils.ocr] - ✅ [Cache HIT] OCR 결과를 로컬 파일에서 불러옵니다: /Users/woong/Roeum/roeum-crawler/scripts/utils/../cache/ocr_results/94e845cbecd86a4b80dd3095c3937d8d.txt
2025-09-19 21:58:23,462 - INFO - [scripts.adrule.logic.scraper] - 원래 Viewport 크기로 복원
2025-09-19 21:58:23,468 - INFO - [scripts.adrule.logic.scraper] - 데이터 1건을 '/Users/woong/Roeum/roeum-crawler/data/raw/adrule/1492000/2026년 적용 최저임금 고시_document.jsonl' 파일로 성공적으로 저장했습니다.
2025-09-19 21:58:23,469 - INFO - [scripts.adrule.logic.scraper] - 데이터 4건을 '/Users/woong/Roeum/roeum-crawler/data/raw/adrule/1492000/2026년 적용 최저임금 고시_chunks.jsonl' 파일로 성공적으로 저장했습니다.
2025-09-19 21:58:23,505 - INFO - [__main__] - 상세 페이지 스크레이퍼 완료: 2026년 적용 최저임금 고시
2025-09-19 21:58:25,280 - INFO - [__main__] - 상세 페이지 스크레이퍼 실행: https://www.law.go.kr/admRulInfoP.do?admRulSeq=2100000261888
2025-09-19 21:58:26,767 - INFO - [scripts.adrule.logic.scraper] - 페이지로 이동 중: https://www.law.go.kr/admRulInfoP.do?admRulSeq=2100000261888
2025-09-19 21:58:27,410 - INFO - [scripts.adrule.logic.scraper] - 로딩 마스크가 나타나기를 기다리는 중...
2025-09-19 21:58:27,437 - INFO - [scripts.adrule.logic.scraper] - 로딩 마스크가 사라지기를 기다리는 중...
2025-09-19 21:58:27,519 - INFO - [scripts.adrule.logic.scraper] - 페이지 최종 렌더링을 잠시 대기합니다...
2025-09-19 21:58:28,522 - INFO - [scripts.adrule.logic.scraper] - 페이지 HTML 컨텐츠를 가져오는 중...
2025-09-19 21:58:28,534 - INFO - [scripts.adrule.logic.scraper] - 데이터 파싱 중...
2025-09-19 21:58:28,567 - INFO - [scripts.adrule.logic.scraper] - 유형 3: PDF 뷰어(iframe) 구조 감지 (OCR 실행)
2025-09-19 21:58:28,567 - INFO - [scripts.adrule.logic.scraper] - Viewport 크기를 A4 비율로 변경: 2480x3508
2025-09-19 21:58:29,602 - INFO - [scripts.adrule.logic.scraper] - 전체 화면 버튼을 클릭합니다.
2025-09-19 21:58:29,989 - INFO - [scripts.adrule.logic.scraper] - 전체 화면 로딩을 대기합니다.
2025-09-19 21:58:33,003 - INFO - [scripts.adrule.logic.scraper] - 1개의 PDF 페이지 컨테이너 발견
2025-09-19 21:58:33,398 - INFO - [scripts.utils.ocr] - ✅ [Cache HIT] OCR 결과를 로컬 파일에서 불러옵니다: /Users/woong/Roeum/roeum-crawler/scripts/utils/../cache/ocr_results/b0744a92fb0d5d99f64130ccde17ada1.txt
2025-09-19 21:58:33,399 - INFO - [scripts.adrule.logic.scraper] - 원래 Viewport 크기로 복원
2025-09-19 21:58:33,405 - INFO - [scripts.adrule.logic.scraper] - 데이터 1건을 '/Users/woong/Roeum/roeum-crawler/data/raw/adrule/1492000/2026년 적용 최저임금안 고시_document.jsonl' 파일로 성공적으로 저장했습니다.
2025-09-19 21:58:33,405 - INFO - [scripts.adrule.logic.scraper] - 데이터 5건을 '/Users/woong/Roeum/roeum-crawler/data/raw/adrule/1492000/2026년 적용 최저임금안 고시_chunks.jsonl' 파일로 성공적으로 저장했습니다.
2025-09-19 21:58:33,459 - INFO - [__main__] - 상세 페이지 스크레이퍼 완료: 2026년 적용 최저임금안 고시
2025-09-19 21:58:36,066 - INFO - [__main__] - 상세 페이지 스크레이퍼 실행: https://www.law.go.kr/admRulInfoP.do?admRulSeq=2100000254236
2025-09-19 21:58:36,823 - INFO - [scripts.adrule.logic.scraper] - 페이지로 이동 중: https://www.law.go.kr/admRulInfoP.do?admRulSeq=2100000254236
