2025-09-11 06:03:44,399 - WARNING - [scripts.interpretation.logic.interpretation_scraper] - Subtitle parsing failed for: [고용노동부]
2025-09-11 06:03:45,441 - WARNING - [scripts.interpretation.logic.interpretation_scraper] - Subtitle parsing failed for: [고용노동부]
2025-09-11 06:04:33,052 - ERROR - [scripts.interpretation.logic.interpretation_scraper] - An error occurred while processing 'javascript:cgmExpcView('2436', '350101');return false;': Locator expected not to have text ' 151. 6월이상 근로계약을 체결한 건설일용근로자의 조기재취업수당 지급 가능여부 '
Actual value:  151. 6월이상 근로계약을 체결한 건설일용근로자의 조기재취업수당 지급 가능여부  
Call log:
LocatorAssertions.not_to_have_text with timeout 20000ms
  - waiting for locator("#listDiv a .tx").first
  -   locator resolved to <span class="tx"> 151. 6월이상 근로계약을 체결한 건설일용근로자의 조기재취업수당 지급 가능여부 </span>
  -   unexpected value " 151. 6월이상 근로계약을 체결한 건설일용근로자의 조기재취업수당 지급 가능여부 "
  -   locator resolved to <span class="tx"> 151. 6월이상 근로계약을 체결한 건설일용근로자의 조기재취업수당 지급 가능여부 </span>
  -   unexpected value " 151. 6월이상 근로계약을 체결한 건설일용근로자의 조기재취업수당 지급 가능여부 "
  -   locator resolved to <span class="tx"> 151. 6월이상 근로계약을 체결한 건설일용근로자의 조기재취업수당 지급 가능여부 </span>
  -   unexpected value " 151. 6월이상 근로계약을 체결한 건설일용근로자의 조기재취업수당 지급 가능여부 "
  -   locator resolved to <span class="tx"> 151. 6월이상 근로계약을 체결한 건설일용근로자의 조기재취업수당 지급 가능여부 </span>
  -   unexpected value " 151. 6월이상 근로계약을 체결한 건설일용근로자의 조기재취업수당 지급 가능여부 "
  -   locator resolved to <span class="tx"> 151. 6월이상 근로계약을 체결한 건설일용근로자의 조기재취업수당 지급 가능여부 </span>
  -   unexpected value " 151. 6월이상 근로계약을 체결한 건설일용근로자의 조기재취업수당 지급 가능여부 "
  -   locator resolved to <span class="tx"> 151. 6월이상 근로계약을 체결한 건설일용근로자의 조기재취업수당 지급 가능여부 </span>
  -   unexpected value " 151. 6월이상 근로계약을 체결한 건설일용근로자의 조기재취업수당 지급 가능여부 "
  -   locator resolved to <span class="tx"> 151. 6월이상 근로계약을 체결한 건설일용근로자의 조기재취업수당 지급 가능여부 </span>
  -   unexpected value " 151. 6월이상 근로계약을 체결한 건설일용근로자의 조기재취업수당 지급 가능여부 "
  -   locator resolved to <span class="tx"> 151. 6월이상 근로계약을 체결한 건설일용근로자의 조기재취업수당 지급 가능여부 </span>
  -   unexpected value " 151. 6월이상 근로계약을 체결한 건설일용근로자의 조기재취업수당 지급 가능여부 "
  -   locator resolved to <span class="tx"> 151. 6월이상 근로계약을 체결한 건설일용근로자의 조기재취업수당 지급 가능여부 </span>
  -   unexpected value " 151. 6월이상 근로계약을 체결한 건설일용근로자의 조기재취업수당 지급 가능여부 "
  -   locator resolved to <span class="tx"> 151. 6월이상 근로계약을 체결한 건설일용근로자의 조기재취업수당 지급 가능여부 </span>
  -   unexpected value " 151. 6월이상 근로계약을 체결한 건설일용근로자의 조기재취업수당 지급 가능여부 "
  -   locator resolved to <span class="tx"> 151. 6월이상 근로계약을 체결한 건설일용근로자의 조기재취업수당 지급 가능여부 </span>
  -   unexpected value " 151. 6월이상 근로계약을 체결한 건설일용근로자의 조기재취업수당 지급 가능여부 "
  -   locator resolved to <span class="tx"> 151. 6월이상 근로계약을 체결한 건설일용근로자의 조기재취업수당 지급 가능여부 </span>
  -   unexpected value " 151. 6월이상 근로계약을 체결한 건설일용근로자의 조기재취업수당 지급 가능여부 "
  -   locator resolved to <span class="tx"> 151. 6월이상 근로계약을 체결한 건설일용근로자의 조기재취업수당 지급 가능여부 </span>
  -   unexpected value " 151. 6월이상 근로계약을 체결한 건설일용근로자의 조기재취업수당 지급 가능여부 "
  -   locator resolved to <span class="tx"> 151. 6월이상 근로계약을 체결한 건설일용근로자의 조기재취업수당 지급 가능여부 </span>
  -   unexpected value " 151. 6월이상 근로계약을 체결한 건설일용근로자의 조기재취업수당 지급 가능여부 "
  -   locator resolved to <span class="tx"> 151. 6월이상 근로계약을 체결한 건설일용근로자의 조기재취업수당 지급 가능여부 </span>
  -   unexpected value " 151. 6월이상 근로계약을 체결한 건설일용근로자의 조기재취업수당 지급 가능여부 "
  -   locator resolved to <span class="tx"> 151. 6월이상 근로계약을 체결한 건설일용근로자의 조기재취업수당 지급 가능여부 </span>
  -   unexpected value " 151. 6월이상 근로계약을 체결한 건설일용근로자의 조기재취업수당 지급 가능여부 "
  -   locator resolved to <span class="tx"> 151. 6월이상 근로계약을 체결한 건설일용근로자의 조기재취업수당 지급 가능여부 </span>
  -   unexpected value " 151. 6월이상 근로계약을 체결한 건설일용근로자의 조기재취업수당 지급 가능여부 "
  -   locator resolved to <span class="tx"> 151. 6월이상 근로계약을 체결한 건설일용근로자의 조기재취업수당 지급 가능여부 </span>
  -   unexpected value " 151. 6월이상 근로계약을 체결한 건설일용근로자의 조기재취업수당 지급 가능여부 "
  -   locator resolved to <span class="tx"> 151. 6월이상 근로계약을 체결한 건설일용근로자의 조기재취업수당 지급 가능여부 </span>
  -   unexpected value " 151. 6월이상 근로계약을 체결한 건설일용근로자의 조기재취업수당 지급 가능여부 "
  -   locator resolved to <span class="tx"> 151. 6월이상 근로계약을 체결한 건설일용근로자의 조기재취업수당 지급 가능여부 </span>
  -   unexpected value " 151. 6월이상 근로계약을 체결한 건설일용근로자의 조기재취업수당 지급 가능여부 "
  -   locator resolved to <span class="tx"> 151. 6월이상 근로계약을 체결한 건설일용근로자의 조기재취업수당 지급 가능여부 </span>
  -   unexpected value " 151. 6월이상 근로계약을 체결한 건설일용근로자의 조기재취업수당 지급 가능여부 "
  -   locator resolved to <span class="tx"> 151. 6월이상 근로계약을 체결한 건설일용근로자의 조기재취업수당 지급 가능여부 </span>
  -   unexpected value " 151. 6월이상 근로계약을 체결한 건설일용근로자의 조기재취업수당 지급 가능여부 "
  -   locator resolved to <span class="tx"> 151. 6월이상 근로계약을 체결한 건설일용근로자의 조기재취업수당 지급 가능여부 </span>
  -   unexpected value " 151. 6월이상 근로계약을 체결한 건설일용근로자의 조기재취업수당 지급 가능여부 "
Traceback (most recent call last):
  File "/Users/woong/Roeum/roeum-crawler/scripts/interpretation/logic/interpretation_scraper.py", line 106, in scrape_interpretation_data
    await expect(first_item_before_locator).not_to_have_text(first_item_before_text, timeout=20000)
  File "/Users/woong/Roeum/roeum-crawler/.venv/lib/python3.11/site-packages/playwright/async_api/_generated.py", line 19211, in not_to_have_text
    await self._impl_obj.not_to_have_text(
  File "/Users/woong/Roeum/roeum-crawler/.venv/lib/python3.11/site-packages/playwright/_impl/_assertions.py", line 506, in not_to_have_text
    await self._not.to_have_text(expected, useInnerText, timeout, ignoreCase)
  File "/Users/woong/Roeum/roeum-crawler/.venv/lib/python3.11/site-packages/playwright/_impl/_assertions.py", line 481, in to_have_text
    await self._expect_impl(
  File "/Users/woong/Roeum/roeum-crawler/.venv/lib/python3.11/site-packages/playwright/_impl/_assertions.py", line 74, in _expect_impl
    raise AssertionError(
AssertionError: Locator expected not to have text ' 151. 6월이상 근로계약을 체결한 건설일용근로자의 조기재취업수당 지급 가능여부 '
Actual value:  151. 6월이상 근로계약을 체결한 건설일용근로자의 조기재취업수당 지급 가능여부  
Call log:
LocatorAssertions.not_to_have_text with timeout 20000ms
  - waiting for locator("#listDiv a .tx").first
  -   locator resolved to <span class="tx"> 151. 6월이상 근로계약을 체결한 건설일용근로자의 조기재취업수당 지급 가능여부 </span>
  -   unexpected value " 151. 6월이상 근로계약을 체결한 건설일용근로자의 조기재취업수당 지급 가능여부 "
  -   locator resolved to <span class="tx"> 151. 6월이상 근로계약을 체결한 건설일용근로자의 조기재취업수당 지급 가능여부 </span>
  -   unexpected value " 151. 6월이상 근로계약을 체결한 건설일용근로자의 조기재취업수당 지급 가능여부 "
  -   locator resolved to <span class="tx"> 151. 6월이상 근로계약을 체결한 건설일용근로자의 조기재취업수당 지급 가능여부 </span>
  -   unexpected value " 151. 6월이상 근로계약을 체결한 건설일용근로자의 조기재취업수당 지급 가능여부 "
  -   locator resolved to <span class="tx"> 151. 6월이상 근로계약을 체결한 건설일용근로자의 조기재취업수당 지급 가능여부 </span>
  -   unexpected value " 151. 6월이상 근로계약을 체결한 건설일용근로자의 조기재취업수당 지급 가능여부 "
  -   locator resolved to <span class="tx"> 151. 6월이상 근로계약을 체결한 건설일용근로자의 조기재취업수당 지급 가능여부 </span>
  -   unexpected value " 151. 6월이상 근로계약을 체결한 건설일용근로자의 조기재취업수당 지급 가능여부 "
  -   locator resolved to <span class="tx"> 151. 6월이상 근로계약을 체결한 건설일용근로자의 조기재취업수당 지급 가능여부 </span>
  -   unexpected value " 151. 6월이상 근로계약을 체결한 건설일용근로자의 조기재취업수당 지급 가능여부 "
  -   locator resolved to <span class="tx"> 151. 6월이상 근로계약을 체결한 건설일용근로자의 조기재취업수당 지급 가능여부 </span>
  -   unexpected value " 151. 6월이상 근로계약을 체결한 건설일용근로자의 조기재취업수당 지급 가능여부 "
  -   locator resolved to <span class="tx"> 151. 6월이상 근로계약을 체결한 건설일용근로자의 조기재취업수당 지급 가능여부 </span>
  -   unexpected value " 151. 6월이상 근로계약을 체결한 건설일용근로자의 조기재취업수당 지급 가능여부 "
  -   locator resolved to <span class="tx"> 151. 6월이상 근로계약을 체결한 건설일용근로자의 조기재취업수당 지급 가능여부 </span>
  -   unexpected value " 151. 6월이상 근로계약을 체결한 건설일용근로자의 조기재취업수당 지급 가능여부 "
  -   locator resolved to <span class="tx"> 151. 6월이상 근로계약을 체결한 건설일용근로자의 조기재취업수당 지급 가능여부 </span>
  -   unexpected value " 151. 6월이상 근로계약을 체결한 건설일용근로자의 조기재취업수당 지급 가능여부 "
  -   locator resolved to <span class="tx"> 151. 6월이상 근로계약을 체결한 건설일용근로자의 조기재취업수당 지급 가능여부 </span>
  -   unexpected value " 151. 6월이상 근로계약을 체결한 건설일용근로자의 조기재취업수당 지급 가능여부 "
  -   locator resolved to <span class="tx"> 151. 6월이상 근로계약을 체결한 건설일용근로자의 조기재취업수당 지급 가능여부 </span>
  -   unexpected value " 151. 6월이상 근로계약을 체결한 건설일용근로자의 조기재취업수당 지급 가능여부 "
  -   locator resolved to <span class="tx"> 151. 6월이상 근로계약을 체결한 건설일용근로자의 조기재취업수당 지급 가능여부 </span>
  -   unexpected value " 151. 6월이상 근로계약을 체결한 건설일용근로자의 조기재취업수당 지급 가능여부 "
  -   locator resolved to <span class="tx"> 151. 6월이상 근로계약을 체결한 건설일용근로자의 조기재취업수당 지급 가능여부 </span>
  -   unexpected value " 151. 6월이상 근로계약을 체결한 건설일용근로자의 조기재취업수당 지급 가능여부 "
  -   locator resolved to <span class="tx"> 151. 6월이상 근로계약을 체결한 건설일용근로자의 조기재취업수당 지급 가능여부 </span>
  -   unexpected value " 151. 6월이상 근로계약을 체결한 건설일용근로자의 조기재취업수당 지급 가능여부 "
  -   locator resolved to <span class="tx"> 151. 6월이상 근로계약을 체결한 건설일용근로자의 조기재취업수당 지급 가능여부 </span>
  -   unexpected value " 151. 6월이상 근로계약을 체결한 건설일용근로자의 조기재취업수당 지급 가능여부 "
  -   locator resolved to <span class="tx"> 151. 6월이상 근로계약을 체결한 건설일용근로자의 조기재취업수당 지급 가능여부 </span>
  -   unexpected value " 151. 6월이상 근로계약을 체결한 건설일용근로자의 조기재취업수당 지급 가능여부 "
  -   locator resolved to <span class="tx"> 151. 6월이상 근로계약을 체결한 건설일용근로자의 조기재취업수당 지급 가능여부 </span>
  -   unexpected value " 151. 6월이상 근로계약을 체결한 건설일용근로자의 조기재취업수당 지급 가능여부 "
  -   locator resolved to <span class="tx"> 151. 6월이상 근로계약을 체결한 건설일용근로자의 조기재취업수당 지급 가능여부 </span>
  -   unexpected value " 151. 6월이상 근로계약을 체결한 건설일용근로자의 조기재취업수당 지급 가능여부 "
  -   locator resolved to <span class="tx"> 151. 6월이상 근로계약을 체결한 건설일용근로자의 조기재취업수당 지급 가능여부 </span>
  -   unexpected value " 151. 6월이상 근로계약을 체결한 건설일용근로자의 조기재취업수당 지급 가능여부 "
  -   locator resolved to <span class="tx"> 151. 6월이상 근로계약을 체결한 건설일용근로자의 조기재취업수당 지급 가능여부 </span>
  -   unexpected value " 151. 6월이상 근로계약을 체결한 건설일용근로자의 조기재취업수당 지급 가능여부 "
  -   locator resolved to <span class="tx"> 151. 6월이상 근로계약을 체결한 건설일용근로자의 조기재취업수당 지급 가능여부 </span>
  -   unexpected value " 151. 6월이상 근로계약을 체결한 건설일용근로자의 조기재취업수당 지급 가능여부 "
  -   locator resolved to <span class="tx"> 151. 6월이상 근로계약을 체결한 건설일용근로자의 조기재취업수당 지급 가능여부 </span>
  -   unexpected value " 151. 6월이상 근로계약을 체결한 건설일용근로자의 조기재취업수당 지급 가능여부 "

