2025-09-09 00:08:15,729 - INFO - [scripts.interpretation.logic.list_scraper] - 목록 페이지로 이동 중: https://www.law.go.kr/cgmExpcSc.do?menuId=11&subMenuId=729&tabMenuId=773
2025-09-09 00:08:17,116 - INFO - [scripts.interpretation.logic.list_scraper] - 상세검색 패널을 엽니다.
2025-09-09 00:08:17,174 - INFO - [scripts.interpretation.logic.list_scraper] - 소관부처를 코드로 선택합니다: 350101
2025-09-09 00:08:17,187 - INFO - [scripts.interpretation.logic.list_scraper] - 검색 버튼을 클릭하여 필터를 적용합니다.
2025-09-09 00:08:17,199 - INFO - [scripts.interpretation.logic.list_scraper] - 필터가 적용된 페이지 로딩을 기다립니다...
2025-09-09 00:08:17,573 - INFO - [scripts.interpretation.logic.list_scraper] - 필터 적용이 완료되었습니다.
2025-09-09 00:08:17,578 - INFO - [scripts.interpretation.logic.list_scraper] - 총 9574개 항목, 192 페이지를 확인했습니다.
2025-09-09 00:08:17,578 - INFO - [scripts.interpretation.logic.list_scraper] - 사용자 설정에 따라 최대 1 페이지만 크롤링합니다.
2025-09-09 00:08:17,578 - INFO - [scripts.interpretation.logic.list_scraper] - --- 1 / 1 페이지 처리 중 ---
2025-09-09 00:08:17,618 - WARNING - [scripts.interpretation.logic.list_scraper] - URL을 추출할 수 없는 onclick 속성 발견: lsEmpViewWideAll('28212', '350101');return false;
2025-09-09 00:08:17,623 - WARNING - [scripts.interpretation.logic.list_scraper] - URL을 추출할 수 없는 onclick 속성 발견: lsEmpViewWideAll('314616', '350101');return false;
2025-09-09 00:08:17,628 - WARNING - [scripts.interpretation.logic.list_scraper] - URL을 추출할 수 없는 onclick 속성 발견: lsEmpViewWideAll('279490', '350101');return false;
2025-09-09 00:08:17,634 - WARNING - [scripts.interpretation.logic.list_scraper] - URL을 추출할 수 없는 onclick 속성 발견: lsEmpViewWideAll('30332', '350101');return false;
2025-09-09 00:08:17,640 - WARNING - [scripts.interpretation.logic.list_scraper] - URL을 추출할 수 없는 onclick 속성 발견: lsEmpViewWideAll('1968', '350101');return false;
2025-09-09 00:08:17,644 - WARNING - [scripts.interpretation.logic.list_scraper] - URL을 추출할 수 없는 onclick 속성 발견: lsEmpViewWideAll('315444', '350101');return false;
2025-09-09 00:08:17,647 - WARNING - [scripts.interpretation.logic.list_scraper] - URL을 추출할 수 없는 onclick 속성 발견: lsEmpViewWideAll('12980', '350101');return false;
2025-09-09 00:08:17,651 - WARNING - [scripts.interpretation.logic.list_scraper] - URL을 추출할 수 없는 onclick 속성 발견: lsEmpViewWideAll('12844', '350101');return false;
2025-09-09 00:08:17,654 - WARNING - [scripts.interpretation.logic.list_scraper] - URL을 추출할 수 없는 onclick 속성 발견: lsEmpViewWideAll('17616', '350101');return false;
2025-09-09 00:08:17,657 - WARNING - [scripts.interpretation.logic.list_scraper] - URL을 추출할 수 없는 onclick 속성 발견: lsEmpViewWideAll('214078', '350101');return false;
2025-09-09 00:08:17,661 - WARNING - [scripts.interpretation.logic.list_scraper] - URL을 추출할 수 없는 onclick 속성 발견: lsEmpViewWideAll('28970', '350101');return false;
2025-09-09 00:08:17,664 - WARNING - [scripts.interpretation.logic.list_scraper] - URL을 추출할 수 없는 onclick 속성 발견: lsEmpViewWideAll('27714', '350101');return false;
2025-09-09 00:08:17,667 - WARNING - [scripts.interpretation.logic.list_scraper] - URL을 추출할 수 없는 onclick 속성 발견: lsEmpViewWideAll('16136', '350101');return false;
2025-09-09 00:08:17,671 - WARNING - [scripts.interpretation.logic.list_scraper] - URL을 추출할 수 없는 onclick 속성 발견: lsEmpViewWideAll('314412', '350101');return false;
2025-09-09 00:08:17,674 - WARNING - [scripts.interpretation.logic.list_scraper] - URL을 추출할 수 없는 onclick 속성 발견: lsEmpViewWideAll('29242', '350101');return false;
2025-09-09 00:08:17,678 - WARNING - [scripts.interpretation.logic.list_scraper] - URL을 추출할 수 없는 onclick 속성 발견: lsEmpViewWideAll('29096', '350101');return false;
2025-09-09 00:08:17,682 - WARNING - [scripts.interpretation.logic.list_scraper] - URL을 추출할 수 없는 onclick 속성 발견: lsEmpViewWideAll('17076', '350101');return false;
2025-09-09 00:08:17,685 - WARNING - [scripts.interpretation.logic.list_scraper] - URL을 추출할 수 없는 onclick 속성 발견: lsEmpViewWideAll('237372', '350101');return false;
2025-09-09 00:08:17,689 - WARNING - [scripts.interpretation.logic.list_scraper] - URL을 추출할 수 없는 onclick 속성 발견: lsEmpViewWideAll('15234', '350101');return false;
2025-09-09 00:08:17,693 - WARNING - [scripts.interpretation.logic.list_scraper] - URL을 추출할 수 없는 onclick 속성 발견: lsEmpViewWideAll('11684', '350101');return false;
2025-09-09 00:08:17,696 - WARNING - [scripts.interpretation.logic.list_scraper] - URL을 추출할 수 없는 onclick 속성 발견: lsEmpViewWideAll('15156', '350101');return false;
2025-09-09 00:08:17,699 - WARNING - [scripts.interpretation.logic.list_scraper] - URL을 추출할 수 없는 onclick 속성 발견: lsEmpViewWideAll('237200', '350101');return false;
2025-09-09 00:08:17,703 - WARNING - [scripts.interpretation.logic.list_scraper] - URL을 추출할 수 없는 onclick 속성 발견: lsEmpViewWideAll('279762', '350101');return false;
2025-09-09 00:08:17,706 - WARNING - [scripts.interpretation.logic.list_scraper] - URL을 추출할 수 없는 onclick 속성 발견: lsEmpViewWideAll('14920', '350101');return false;
2025-09-09 00:08:17,709 - WARNING - [scripts.interpretation.logic.list_scraper] - URL을 추출할 수 없는 onclick 속성 발견: lsEmpViewWideAll('314120', '350101');return false;
2025-09-09 00:08:17,720 - WARNING - [scripts.interpretation.logic.list_scraper] - URL을 추출할 수 없는 onclick 속성 발견: lsEmpViewWideAll('2324', '350101');return false;
2025-09-09 00:08:17,723 - WARNING - [scripts.interpretation.logic.list_scraper] - URL을 추출할 수 없는 onclick 속성 발견: lsEmpViewWideAll('27102', '350101');return false;
2025-09-09 00:08:17,727 - WARNING - [scripts.interpretation.logic.list_scraper] - URL을 추출할 수 없는 onclick 속성 발견: lsEmpViewWideAll('12894', '350101');return false;
2025-09-09 00:08:17,731 - WARNING - [scripts.interpretation.logic.list_scraper] - URL을 추출할 수 없는 onclick 속성 발견: lsEmpViewWideAll('314212', '350101');return false;
2025-09-09 00:08:17,734 - WARNING - [scripts.interpretation.logic.list_scraper] - URL을 추출할 수 없는 onclick 속성 발견: lsEmpViewWideAll('15180', '350101');return false;
2025-09-09 00:08:17,737 - WARNING - [scripts.interpretation.logic.list_scraper] - URL을 추출할 수 없는 onclick 속성 발견: lsEmpViewWideAll('12574', '350101');return false;
2025-09-09 00:08:17,741 - WARNING - [scripts.interpretation.logic.list_scraper] - URL을 추출할 수 없는 onclick 속성 발견: lsEmpViewWideAll('13036', '350101');return false;
2025-09-09 00:08:17,744 - WARNING - [scripts.interpretation.logic.list_scraper] - URL을 추출할 수 없는 onclick 속성 발견: lsEmpViewWideAll('18246', '350101');return false;
2025-09-09 00:08:17,747 - WARNING - [scripts.interpretation.logic.list_scraper] - URL을 추출할 수 없는 onclick 속성 발견: lsEmpViewWideAll('18244', '350101');return false;
2025-09-09 00:08:17,751 - WARNING - [scripts.interpretation.logic.list_scraper] - URL을 추출할 수 없는 onclick 속성 발견: lsEmpViewWideAll('11390', '350101');return false;
2025-09-09 00:08:17,754 - WARNING - [scripts.interpretation.logic.list_scraper] - URL을 추출할 수 없는 onclick 속성 발견: lsEmpViewWideAll('13022', '350101');return false;
2025-09-09 00:08:17,758 - WARNING - [scripts.interpretation.logic.list_scraper] - URL을 추출할 수 없는 onclick 속성 발견: lsEmpViewWideAll('12776', '350101');return false;
2025-09-09 00:08:17,761 - WARNING - [scripts.interpretation.logic.list_scraper] - URL을 추출할 수 없는 onclick 속성 발견: lsEmpViewWideAll('17460', '350101');return false;
2025-09-09 00:08:17,765 - WARNING - [scripts.interpretation.logic.list_scraper] - URL을 추출할 수 없는 onclick 속성 발견: lsEmpViewWideAll('22006', '350101');return false;
2025-09-09 00:08:17,768 - WARNING - [scripts.interpretation.logic.list_scraper] - URL을 추출할 수 없는 onclick 속성 발견: lsEmpViewWideAll('15082', '350101');return false;
2025-09-09 00:08:17,772 - WARNING - [scripts.interpretation.logic.list_scraper] - URL을 추출할 수 없는 onclick 속성 발견: lsEmpViewWideAll('315004', '350101');return false;
2025-09-09 00:08:17,775 - WARNING - [scripts.interpretation.logic.list_scraper] - URL을 추출할 수 없는 onclick 속성 발견: lsEmpViewWideAll('12998', '350101');return false;
2025-09-09 00:08:17,778 - WARNING - [scripts.interpretation.logic.list_scraper] - URL을 추출할 수 없는 onclick 속성 발견: lsEmpViewWideAll('314260', '350101');return false;
2025-09-09 00:08:17,781 - WARNING - [scripts.interpretation.logic.list_scraper] - URL을 추출할 수 없는 onclick 속성 발견: lsEmpViewWideAll('11450', '350101');return false;
2025-09-09 00:08:17,785 - WARNING - [scripts.interpretation.logic.list_scraper] - URL을 추출할 수 없는 onclick 속성 발견: lsEmpViewWideAll('214206', '350101');return false;
2025-09-09 00:08:17,789 - WARNING - [scripts.interpretation.logic.list_scraper] - URL을 추출할 수 없는 onclick 속성 발견: lsEmpViewWideAll('21986', '350101');return false;
2025-09-09 00:08:17,793 - WARNING - [scripts.interpretation.logic.list_scraper] - URL을 추출할 수 없는 onclick 속성 발견: lsEmpViewWideAll('313986', '350101');return false;
2025-09-09 00:08:17,797 - WARNING - [scripts.interpretation.logic.list_scraper] - URL을 추출할 수 없는 onclick 속성 발견: lsEmpViewWideAll('12454', '350101');return false;
2025-09-09 00:08:17,800 - WARNING - [scripts.interpretation.logic.list_scraper] - URL을 추출할 수 없는 onclick 속성 발견: lsEmpViewWideAll('16904', '350101');return false;
2025-09-09 00:08:17,804 - WARNING - [scripts.interpretation.logic.list_scraper] - URL을 추출할 수 없는 onclick 속성 발견: lsEmpViewWideAll('2280', '350101');return false;
2025-09-09 00:08:17,830 - WARNING - [__main__] - 추출된 URL이 없습니다.
