2025-09-10 23:49:20,805 - WARNING - [scripts.interpretation.logic.interpretation_scraper] - Subtitle parsing failed for: [고용노동부 산업안전팀-1961, 2005. 12. 28.]
2025-09-10 23:49:22,343 - WARNING - [scripts.interpretation.logic.interpretation_scraper] - Subtitle parsing failed for: [고용노동부 산업안전팀-1961, 2005. 12. 28.]
2025-09-10 23:49:23,174 - WARNING - [scripts.interpretation.logic.interpretation_scraper] - Subtitle parsing failed for: [고용노동부 고용서비스혁신단-4297, 2006. 7. 20.]
2025-09-10 23:49:24,578 - WARNING - [scripts.interpretation.logic.interpretation_scraper] - Subtitle parsing failed for: [고용노동부 인자 68500-102, 2003. 3. 4.]
2025-09-10 23:49:25,956 - WARNING - [scripts.interpretation.logic.interpretation_scraper] - Subtitle parsing failed for: [고용노동부 산업안전과-5978, 2020. 12. 28.]
2025-09-10 23:49:27,221 - WARNING - [scripts.interpretation.logic.interpretation_scraper] - Subtitle parsing failed for: [고용노동부 근로기준팀-2046, 2005. 12. 28.]
2025-09-10 23:49:28,146 - WARNING - [scripts.interpretation.logic.interpretation_scraper] - Subtitle parsing failed for: [고용노동부 근기 68207-1980, 2001. 6. 19.]
2025-09-10 23:49:29,526 - WARNING - [scripts.interpretation.logic.interpretation_scraper] - Subtitle parsing failed for: [고용노동부 근기 68207-1886, 1995. 11. 21.]
2025-09-10 23:49:30,284 - WARNING - [scripts.interpretation.logic.interpretation_scraper] - Subtitle parsing failed for: [고용노동부 근기 68207-1940, 2000. 6. 27.]
2025-09-10 23:49:31,671 - WARNING - [scripts.interpretation.logic.interpretation_scraper] - Subtitle parsing failed for: [고용노동부 공무원노사관계과－1959, 2021. 8. 31.]
2025-09-10 23:49:32,679 - WARNING - [scripts.interpretation.logic.interpretation_scraper] - Subtitle parsing failed for: [고용노동부 산안건안) 68307-10588, 2001. 12. 4.]
2025-09-10 23:49:33,676 - WARNING - [scripts.interpretation.logic.interpretation_scraper] - Subtitle parsing failed for: [고용노동부 산안(건안) 68307-10588, 2001. 12. 4.]
2025-09-10 23:49:35,139 - WARNING - [scripts.interpretation.logic.interpretation_scraper] - Subtitle parsing failed for: [고용노동부 산업안전팀-2687, 2007. 5. 29.]
2025-09-10 23:49:36,201 - WARNING - [scripts.interpretation.logic.interpretation_scraper] - Subtitle parsing failed for: [고용노동부 고용차별개선과-3165, 2017. 12. 29.]
2025-09-10 23:49:37,281 - WARNING - [scripts.interpretation.logic.interpretation_scraper] - Subtitle parsing failed for: [고용노동부 고관 68440-440, 1996. 8. 1.]
2025-09-10 23:49:38,203 - WARNING - [scripts.interpretation.logic.interpretation_scraper] - Subtitle parsing failed for: [고용노동부 산안 68320-96, 2001. 2. 20.]
2025-09-10 23:49:39,279 - WARNING - [scripts.interpretation.logic.interpretation_scraper] - Subtitle parsing failed for: [고용노동부 산재예방정책과-331, 2012. 1. 18.]
2025-09-10 23:49:40,706 - WARNING - [scripts.interpretation.logic.interpretation_scraper] - Subtitle parsing failed for: [고용노동부 근로기준정책과-5546, 2019. 11. 4.]
2025-09-10 23:49:41,758 - WARNING - [scripts.interpretation.logic.interpretation_scraper] - Subtitle parsing failed for: [고용노동부 임금 32240-446, 1992. 6. 11.]
2025-09-10 23:49:42,618 - WARNING - [scripts.interpretation.logic.interpretation_scraper] - Subtitle parsing failed for: [고용노동부 근로기준정책과-3084, 2015. 7. 13.]
2025-09-10 23:49:43,349 - WARNING - [scripts.interpretation.logic.interpretation_scraper] - Subtitle parsing failed for: [고용노동부 근기 68207-2140, 2000. 7. 18.]
2025-09-10 23:49:44,335 - WARNING - [scripts.interpretation.logic.interpretation_scraper] - Subtitle parsing failed for: [고용노동부 근로기준과-779, 2005. 2. 14.]
2025-09-10 23:49:45,619 - WARNING - [scripts.interpretation.logic.interpretation_scraper] - Subtitle parsing failed for: [고용노동부 퇴직연금복지과-795, 2008. 12. 29.]
2025-09-10 23:49:46,765 - WARNING - [scripts.interpretation.logic.interpretation_scraper] - Subtitle parsing failed for: [고용노동부 퇴직연금복지과-795, 2008. 12. 29.]
2025-09-10 23:49:47,976 - WARNING - [scripts.interpretation.logic.interpretation_scraper] - Subtitle parsing failed for: [고용노동부 임금 68207-120, 2003. 2. 24.]
2025-09-10 23:49:48,618 - WARNING - [scripts.interpretation.logic.interpretation_scraper] - Subtitle parsing failed for: [고용노동부 임금 68207-120, 2003. 2. 24.]
2025-09-10 23:49:49,978 - WARNING - [scripts.interpretation.logic.interpretation_scraper] - Subtitle parsing failed for: [고용노동부 고용차별개선과-2530, 2017. 11. 1.]
2025-09-10 23:49:50,703 - WARNING - [scripts.interpretation.logic.interpretation_scraper] - Subtitle parsing failed for: [고용노동부 노사관계법제과-2344, 2013. 9. 5.]
2025-09-10 23:49:51,298 - WARNING - [scripts.interpretation.logic.interpretation_scraper] - Subtitle parsing failed for: [고용노동부 근기 68207-2037, 2000. 7. 5.]
2025-09-10 23:49:52,672 - WARNING - [scripts.interpretation.logic.interpretation_scraper] - Subtitle parsing failed for: [고용노동부 임금 68207-303, 2002. 4. 26.]
2025-09-10 23:49:53,535 - WARNING - [scripts.interpretation.logic.interpretation_scraper] - Subtitle parsing failed for: [고용노동부 임금근로시간정책팀-119, 2007. 1. 9.]
2025-09-10 23:49:55,050 - WARNING - [scripts.interpretation.logic.interpretation_scraper] - Subtitle parsing failed for: [고용노동부 근로기준과-1186, 2005. 3. 3.]
2025-09-10 23:49:56,593 - WARNING - [scripts.interpretation.logic.interpretation_scraper] - Subtitle parsing failed for: [고용노동부 근기 68207-695, 1999. 11. 23.]
2025-09-10 23:49:58,042 - WARNING - [scripts.interpretation.logic.interpretation_scraper] - Subtitle parsing failed for: [고용노동부]
2025-09-10 23:49:58,674 - WARNING - [scripts.interpretation.logic.interpretation_scraper] - Subtitle parsing failed for: [고용노동부]
2025-09-10 23:50:00,219 - WARNING - [scripts.interpretation.logic.interpretation_scraper] - Subtitle parsing failed for: [고용노동부 근기 68207 - 894, 1997. 7. 8.]
2025-09-10 23:50:01,157 - WARNING - [scripts.interpretation.logic.interpretation_scraper] - Subtitle parsing failed for: [고용노동부 근기 68207-894, 1997. 7. 8.]
2025-09-10 23:50:02,208 - WARNING - [scripts.interpretation.logic.interpretation_scraper] - Subtitle parsing failed for: [고용노동부 근로기준과-2948, 2005. 6. 1.]
2025-09-10 23:50:03,317 - WARNING - [scripts.interpretation.logic.interpretation_scraper] - Subtitle parsing failed for: [고용노동부 노사협력정책과-3797, 2009. 10. 22.]
2025-09-10 23:50:04,855 - WARNING - [scripts.interpretation.logic.interpretation_scraper] - Subtitle parsing failed for: [고용노동부 노사관계법제과-739, 2010. 9. 10.]
2025-09-10 23:50:05,674 - WARNING - [scripts.interpretation.logic.interpretation_scraper] - Subtitle parsing failed for: [고용노동부 근기 68207-1542, 2001. 5. 12.]
2025-09-10 23:50:07,104 - WARNING - [scripts.interpretation.logic.interpretation_scraper] - Subtitle parsing failed for: [고용노동부 근기 68207-1542, 2001. 5. 12.]
2025-09-10 23:50:08,599 - WARNING - [scripts.interpretation.logic.interpretation_scraper] - Subtitle parsing failed for: [고용노동부 근기 68207-685, 1999. 11. 22.]
2025-09-10 23:50:09,441 - WARNING - [scripts.interpretation.logic.interpretation_scraper] - Subtitle parsing failed for: [고용노동부 근기 68207-3125, 2002. 10. 28.]
2025-09-10 23:50:10,755 - WARNING - [scripts.interpretation.logic.interpretation_scraper] - Subtitle parsing failed for: [고용노동부 근기 68207 - 270, 1997. 3. 4.]
2025-09-10 23:50:11,788 - WARNING - [scripts.interpretation.logic.interpretation_scraper] - Subtitle parsing failed for: [고용노동부 노사관계법제과-406, 2010. 8. 6.]
2025-09-10 23:50:12,426 - WARNING - [scripts.interpretation.logic.interpretation_scraper] - Subtitle parsing failed for: [고용노동부 노사관계법제과-406, 2010. 8. 6.]
2025-09-10 23:50:13,711 - WARNING - [scripts.interpretation.logic.interpretation_scraper] - Subtitle parsing failed for: [고용노동부 산안건안) 68307-10488, 2002. 11. 9.]
2025-09-10 23:50:14,753 - WARNING - [scripts.interpretation.logic.interpretation_scraper] - Subtitle parsing failed for: [고용노동부 근로기준과-3789, 2004. 7. 23.]
2025-09-10 23:50:15,715 - WARNING - [scripts.interpretation.logic.interpretation_scraper] - Subtitle parsing failed for: [고용노동부 근로기준정책과-8680, 2018. 12. 28.]
2025-09-10 23:50:19,321 - WARNING - [scripts.interpretation.logic.interpretation_scraper] - Subtitle parsing failed for: [고용노동부 근로기준과-5560, 2009. 12. 23.]
2025-09-10 23:50:19,908 - WARNING - [scripts.interpretation.logic.interpretation_scraper] - Subtitle parsing failed for: [고용노동부 근로기준과-918, 2010. 4. 30.]
2025-09-10 23:50:20,691 - WARNING - [scripts.interpretation.logic.interpretation_scraper] - Subtitle parsing failed for: [고용노동부 산보 68340-755, 2003. 9. 9.]
2025-09-10 23:50:21,929 - WARNING - [scripts.interpretation.logic.interpretation_scraper] - Subtitle parsing failed for: [고용노동부 고용차별개선과-296, 2012. 2. 13.]
2025-09-10 23:50:23,093 - WARNING - [scripts.interpretation.logic.interpretation_scraper] - Subtitle parsing failed for: [고용노동부 근기 68207-997, 1999. 12. 30.]
2025-09-10 23:50:24,209 - WARNING - [scripts.interpretation.logic.interpretation_scraper] - Subtitle parsing failed for: [고용노동부 산안건안) 68307-10013, 2002. 1. 14.]
2025-09-10 23:50:25,102 - WARNING - [scripts.interpretation.logic.interpretation_scraper] - Subtitle parsing failed for: [고용노동부 산안(건안) 68307-10136, 2001. 4. 13.]
2025-09-10 23:50:25,890 - WARNING - [scripts.interpretation.logic.interpretation_scraper] - Subtitle parsing failed for: [고용노동부 고용차별개선과-2097, 2011. 11. 29.]
2025-09-10 23:50:27,095 - WARNING - [scripts.interpretation.logic.interpretation_scraper] - Subtitle parsing failed for: [고용노동부 고용서비스기획과-3510, 2008. 10. 13.]
2025-09-10 23:50:28,092 - WARNING - [scripts.interpretation.logic.interpretation_scraper] - Subtitle parsing failed for: [고용노동부 고용평등정책과-203, 2011. 1. 26.]
2025-09-10 23:50:29,384 - WARNING - [scripts.interpretation.logic.interpretation_scraper] - Subtitle parsing failed for: [고용노동부 노사관계법제과-567, 2010. 8. 25.]
2025-09-10 23:50:30,003 - WARNING - [scripts.interpretation.logic.interpretation_scraper] - Subtitle parsing failed for: [고용노동부 노사관계법제과-567, 2010. 8. 25.]
2025-09-10 23:50:31,149 - WARNING - [scripts.interpretation.logic.interpretation_scraper] - Subtitle parsing failed for: [고용노동부 산안(건안) 68307-10423, 2001. 9. 3.]
2025-09-10 23:50:32,601 - WARNING - [scripts.interpretation.logic.interpretation_scraper] - Subtitle parsing failed for: [고용노동부 산안(건안) 68307-10307, 2002. 7. 3.]
2025-09-10 23:50:33,755 - WARNING - [scripts.interpretation.logic.interpretation_scraper] - Subtitle parsing failed for: [고용노동부 산안건안) 68307-10307, 2002. 7. 3.]
2025-09-10 23:50:35,048 - WARNING - [scripts.interpretation.logic.interpretation_scraper] - Subtitle parsing failed for: [고용노동부 산업안전기준과-1628, 2021. 12. 23.]
2025-09-10 23:50:35,933 - WARNING - [scripts.interpretation.logic.interpretation_scraper] - Subtitle parsing failed for: [고용노동부 근기 68207-000, 2003. 7. 3.]
2025-09-10 23:50:37,236 - WARNING - [scripts.interpretation.logic.interpretation_scraper] - Subtitle parsing failed for: [고용노동부 근기 68207-000, 2003. 7. 3.]
2025-09-10 23:50:38,255 - WARNING - [scripts.interpretation.logic.interpretation_scraper] - Subtitle parsing failed for: [고용노동부 근기 68207-2663, 2002. 8. 8.]
2025-09-10 23:50:38,825 - WARNING - [scripts.interpretation.logic.interpretation_scraper] - Subtitle parsing failed for: [고용노동부 근기 68207-2663, 2002. 8. 8.]
2025-09-10 23:50:40,354 - WARNING - [scripts.interpretation.logic.interpretation_scraper] - Subtitle parsing failed for: [고용노동부 근로개선정책과-4504, 2012. 9. 7.]
2025-09-10 23:50:40,950 - WARNING - [scripts.interpretation.logic.interpretation_scraper] - Subtitle parsing failed for: [고용노동부 근로개선정책과-4504, 2012. 9. 7.]
2025-09-10 23:50:42,356 - WARNING - [scripts.interpretation.logic.interpretation_scraper] - Subtitle parsing failed for: [고용노동부 근기 68207-3272, 2001. 9. 26.]
2025-09-10 23:50:43,723 - WARNING - [scripts.interpretation.logic.interpretation_scraper] - Subtitle parsing failed for: [고용노동부 근기 68207-1805, 2002. 4. 30.]
2025-09-10 23:50:45,000 - WARNING - [scripts.interpretation.logic.interpretation_scraper] - Subtitle parsing failed for: [고용노동부 산업안전기준과-589, 2021. 9. 6.]
2025-09-10 23:50:45,786 - WARNING - [scripts.interpretation.logic.interpretation_scraper] - Subtitle parsing failed for: [고용노동부 산안(건안) 68307-64, 2003. 3. 12.]
2025-09-10 23:50:46,936 - WARNING - [scripts.interpretation.logic.interpretation_scraper] - Subtitle parsing failed for: [고용노동부 산안건안) 68307-64, 2003. 3. 12.]
2025-09-10 23:50:47,611 - WARNING - [scripts.interpretation.logic.interpretation_scraper] - Subtitle parsing failed for: [고용노동부 복지68233-23, 2003. 1. 29.]
2025-09-10 23:50:48,289 - WARNING - [scripts.interpretation.logic.interpretation_scraper] - Subtitle parsing failed for: [고용노동부 노사관계법제과-3091, 2012. 11. 7.]
2025-09-10 23:50:49,128 - WARNING - [scripts.interpretation.logic.interpretation_scraper] - Subtitle parsing failed for: [고용노동부 임금 32240-549, 1992. 7. 31.]
2025-09-10 23:50:50,339 - WARNING - [scripts.interpretation.logic.interpretation_scraper] - Subtitle parsing failed for: [고용노동부 임금 68207-390, 1995. 12. 1.]
2025-09-10 23:50:51,604 - WARNING - [scripts.interpretation.logic.interpretation_scraper] - Subtitle parsing failed for: [고용노동부 근기 68207-546, 2003. 5. 2.]
2025-09-10 23:50:53,104 - WARNING - [scripts.interpretation.logic.interpretation_scraper] - Subtitle parsing failed for: [고용노동부 고용차별개선정책과-330, 2009. 2. 17.]
2025-09-10 23:50:54,620 - WARNING - [scripts.interpretation.logic.interpretation_scraper] - Subtitle parsing failed for: [고용노동부 노사관계법제팀-309, 2007. 1. 26.]
2025-09-10 23:50:56,145 - WARNING - [scripts.interpretation.logic.interpretation_scraper] - Subtitle parsing failed for: [고용노동부 안정 68307-584, 2001. 7. 6.]
2025-09-10 23:50:57,292 - WARNING - [scripts.interpretation.logic.interpretation_scraper] - Subtitle parsing failed for: [고용노동부 인적자원개발과-1082, 2009. 7. 24.]
2025-09-10 23:50:58,422 - WARNING - [scripts.interpretation.logic.interpretation_scraper] - Subtitle parsing failed for: [고용노동부 노사관계법제과-649, 2010. 9. 3.]
2025-09-10 23:51:00,080 - WARNING - [scripts.interpretation.logic.interpretation_scraper] - Subtitle parsing failed for: [고용노동부 노사관계법제과-649, 2010. 9. 3.]
2025-09-10 23:51:01,436 - WARNING - [scripts.interpretation.logic.interpretation_scraper] - Subtitle parsing failed for: [고용노동부 인자68500-899, 2001. 7. 25.]
2025-09-10 23:51:02,027 - WARNING - [scripts.interpretation.logic.interpretation_scraper] - Subtitle parsing failed for: [고용노동부 인자68500-899, 2001. 7. 25.]
2025-09-10 23:51:03,310 - WARNING - [scripts.interpretation.logic.interpretation_scraper] - Subtitle parsing failed for: [고용노동부 산안건안) 68307-250, 2003. 8. 20.]
2025-09-10 23:51:04,214 - WARNING - [scripts.interpretation.logic.interpretation_scraper] - Subtitle parsing failed for: [고용노동부 산안(건안) 68307-250, 2003. 8. 20.]
2025-09-10 23:51:05,538 - WARNING - [scripts.interpretation.logic.interpretation_scraper] - Subtitle parsing failed for: [고용노동부 근기 68207-546, 2003. 5. 2.]
2025-09-10 23:51:06,226 - WARNING - [scripts.interpretation.logic.interpretation_scraper] - Subtitle parsing failed for: [고용노동부 노사협력정책과-3808, 2009. 10. 23.]
2025-09-10 23:51:06,903 - WARNING - [scripts.interpretation.logic.interpretation_scraper] - Subtitle parsing failed for: [고용노동부 노사협력정책과-3999, 2009. 11. 17.]
2025-09-10 23:51:08,209 - WARNING - [scripts.interpretation.logic.interpretation_scraper] - Subtitle parsing failed for: [고용노동부 근로기준과-5410, 2004. 10. 11.]
2025-09-10 23:51:09,709 - WARNING - [scripts.interpretation.logic.interpretation_scraper] - Subtitle parsing failed for: [고용노동부 근로기준과-5410, 2004. 10. 11.]
2025-09-10 23:51:10,458 - WARNING - [scripts.interpretation.logic.interpretation_scraper] - Subtitle parsing failed for: [고용노동부 근기 68207-3014, 2002. 10. 7.]
2025-09-10 23:51:11,094 - WARNING - [scripts.interpretation.logic.interpretation_scraper] - Subtitle parsing failed for: [고용노동부 고용차별개선과-1352, 2013. 7. 11.]
2025-09-10 23:51:11,816 - WARNING - [scripts.interpretation.logic.interpretation_scraper] - Subtitle parsing failed for: [고용노동부 고용차별개선과-307, 2017. 2. 3.]
