2025-09-10 23:49:18,012 - INFO - [__main__] - 통합 스크레이퍼 실행...
2025-09-10 23:49:18,012 - INFO - [scripts.interpretation.logic.interpretation_scraper] - Scraping process started.
2025-09-10 23:49:18,012 - INFO - [scripts.interpretation.logic.interpretation_scraper] - Output file will be saved to: data/raw/interpretation/350101/350101_documents.jsonl
2025-09-10 23:49:18,499 - INFO - [scripts.interpretation.logic.interpretation_scraper] - Navigating to start page: https://www.law.go.kr/cgmExpcSc.do?menuId=11&subMenuId=729&tabMenuId=773
2025-09-10 23:49:19,771 - INFO - [scripts.interpretation.logic.interpretation_scraper] - Page navigation successful.
2025-09-10 23:49:19,792 - INFO - [scripts.interpretation.logic.interpretation_scraper] - Initial total items text: '155,146'
2025-09-10 23:49:19,792 - INFO - [scripts.interpretation.logic.interpretation_scraper] - Opening detailed search panel...
2025-09-10 23:49:19,846 - INFO - [scripts.interpretation.logic.interpretation_scraper] - Selecting department code: 350101
2025-09-10 23:49:19,862 - INFO - [scripts.interpretation.logic.interpretation_scraper] - Applying filter by clicking search button...
2025-09-10 23:49:19,877 - INFO - [scripts.interpretation.logic.interpretation_scraper] - Waiting for page to update after filtering...
2025-09-10 23:49:20,245 - INFO - [scripts.interpretation.logic.interpretation_scraper] - Filter application complete.
2025-09-10 23:49:20,251 - INFO - [scripts.interpretation.logic.interpretation_scraper] - Found 9574 items across 192 pages.
2025-09-10 23:49:20,251 - INFO - [scripts.interpretation.logic.interpretation_scraper] - User override: Crawling a maximum of 2 pages.
2025-09-10 23:49:20,251 - INFO - [scripts.interpretation.logic.interpretation_scraper] - --- Starting page 1 / 2 ---
2025-09-10 23:49:20,256 - INFO - [scripts.interpretation.logic.interpretation_scraper] - Found 50 links on this page.
2025-09-10 23:49:20,434 - INFO - [scripts.interpretation.logic.interpretation_scraper] -   - [1/50] Processing item: javascript:cgmExpcView('28212', '350101');return false;
2025-09-10 23:49:20,805 - WARNING - [scripts.interpretation.logic.interpretation_scraper] - Subtitle parsing failed for: [고용노동부 산업안전팀-1961, 2005. 12. 28.]
2025-09-10 23:49:20,861 - INFO - [scripts.interpretation.logic.interpretation_scraper] -   - Extraction successful: 06.1.1 이후 채용시 건강진단 비용의 산업안전보건관리비 사용가능 여부
2025-09-10 23:49:22,311 - INFO - [scripts.interpretation.logic.interpretation_scraper] -   - [2/50] Processing item: javascript:cgmExpcView('314616', '350101');return false;
2025-09-10 23:49:22,343 - WARNING - [scripts.interpretation.logic.interpretation_scraper] - Subtitle parsing failed for: [고용노동부 산업안전팀-1961, 2005. 12. 28.]
2025-09-10 23:49:22,411 - INFO - [scripts.interpretation.logic.interpretation_scraper] -   - Extraction successful: 06.1.1 이후 채용시 건강진단 비용의 산업안전보건관리비 사용가능 여부
2025-09-10 23:49:23,147 - INFO - [scripts.interpretation.logic.interpretation_scraper] -   - [3/50] Processing item: javascript:cgmExpcView('279490', '350101');return false;
2025-09-10 23:49:23,174 - WARNING - [scripts.interpretation.logic.interpretation_scraper] - Subtitle parsing failed for: [고용노동부 고용서비스혁신단-4297, 2006. 7. 20.]
2025-09-10 23:49:23,239 - INFO - [scripts.interpretation.logic.interpretation_scraper] -   - Extraction successful: ‘06.5.18자로 직업안정법 제21조 위반으로 등록취소된 사업자의 딸이 다른 장소에 유료직업소개등록신청시 신규등록을 받아주어야 하는 지 여부
2025-09-10 23:49:24,557 - INFO - [scripts.interpretation.logic.interpretation_scraper] -   - [4/50] Processing item: javascript:cgmExpcView('30332', '350101');return false;
2025-09-10 23:49:24,578 - WARNING - [scripts.interpretation.logic.interpretation_scraper] - Subtitle parsing failed for: [고용노동부 인자 68500-102, 2003. 3. 4.]
2025-09-10 23:49:24,699 - INFO - [scripts.interpretation.logic.interpretation_scraper] -   - Extraction successful: 100분의 80이상 이수후 취업자에 대한 훈련수당 지급여부
2025-09-10 23:49:25,932 - INFO - [scripts.interpretation.logic.interpretation_scraper] -   - [5/50] Processing item: javascript:cgmExpcView('1968', '350101');return false;
2025-09-10 23:49:25,956 - WARNING - [scripts.interpretation.logic.interpretation_scraper] - Subtitle parsing failed for: [고용노동부 산업안전과-5978, 2020. 12. 28.]
2025-09-10 23:49:26,027 - INFO - [scripts.interpretation.logic.interpretation_scraper] -   - Extraction successful: 100억원 이상 하도급 계약 안전관리자 선임
2025-09-10 23:49:27,206 - INFO - [scripts.interpretation.logic.interpretation_scraper] -   - [6/50] Processing item: javascript:cgmExpcView('315444', '350101');return false;
2025-09-10 23:49:27,221 - WARNING - [scripts.interpretation.logic.interpretation_scraper] - Subtitle parsing failed for: [고용노동부 근로기준팀-2046, 2005. 12. 28.]
2025-09-10 23:49:27,282 - INFO - [scripts.interpretation.logic.interpretation_scraper] -   - Extraction successful: 10인 미만 사업장 취업규칙의 효력 등 관련 행정해석 변경
2025-09-10 23:49:28,036 - INFO - [scripts.interpretation.logic.interpretation_scraper] -   - [7/50] Processing item: javascript:cgmExpcView('12980', '350101');return false;
2025-09-10 23:49:28,146 - WARNING - [scripts.interpretation.logic.interpretation_scraper] - Subtitle parsing failed for: [고용노동부 근기 68207-1980, 2001. 6. 19.]
2025-09-10 23:49:28,264 - INFO - [scripts.interpretation.logic.interpretation_scraper] -   - Extraction successful: 10인 미만의 사업장에서 취업규칙을 불이익하게 변경하는 경우에도 근로자의 집단적 동의를 얻어야 하는지
2025-09-10 23:49:29,491 - INFO - [scripts.interpretation.logic.interpretation_scraper] -   - [8/50] Processing item: javascript:cgmExpcView('12844', '350101');return false;
2025-09-10 23:49:29,526 - WARNING - [scripts.interpretation.logic.interpretation_scraper] - Subtitle parsing failed for: [고용노동부 근기 68207-1886, 1995. 11. 21.]
2025-09-10 23:49:29,606 - INFO - [scripts.interpretation.logic.interpretation_scraper] -   - Extraction successful: 10. 표창과 제재에 관한 사항 11. 기타 당해 사업 또는 사업장의 근로자 전체에 적용될 사항 요점 지역의료보험조합운영규정이 취업규칙에 해당하는지 여부
2025-09-10 23:49:30,266 - INFO - [scripts.interpretation.logic.interpretation_scraper] -   - [9/50] Processing item: javascript:cgmExpcView('17616', '350101');return false;
2025-09-10 23:49:30,284 - WARNING - [scripts.interpretation.logic.interpretation_scraper] - Subtitle parsing failed for: [고용노동부 근기 68207-1940, 2000. 6. 27.]
2025-09-10 23:49:30,334 - INFO - [scripts.interpretation.logic.interpretation_scraper] -   - Extraction successful: 114안내 재택근무요원이 근로자인지 여부
2025-09-10 23:49:31,651 - INFO - [scripts.interpretation.logic.interpretation_scraper] -   - [10/50] Processing item: javascript:cgmExpcView('214078', '350101');return false;
2025-09-10 23:49:31,671 - WARNING - [scripts.interpretation.logic.interpretation_scraper] - Subtitle parsing failed for: [고용노동부 공무원노사관계과－1959, 2021. 8. 31.]
2025-09-10 23:49:31,734 - INFO - [scripts.interpretation.logic.interpretation_scraper] -   - Extraction successful: 119안전센터장이 업무총괄자에 해당하는지 여부
2025-09-10 23:49:32,659 - INFO - [scripts.interpretation.logic.interpretation_scraper] -   - [11/50] Processing item: javascript:cgmExpcView('28970', '350101');return false;
2025-09-10 23:49:32,679 - WARNING - [scripts.interpretation.logic.interpretation_scraper] - Subtitle parsing failed for: [고용노동부 산안건안) 68307-10588, 2001. 12. 4.]
2025-09-10 23:49:32,743 - INFO - [scripts.interpretation.logic.interpretation_scraper] -   - Extraction successful: 120억원 미만 2개현장 안전관리자 중복 배치여부
2025-09-10 23:49:33,659 - INFO - [scripts.interpretation.logic.interpretation_scraper] -   - [12/50] Processing item: javascript:cgmExpcView('27714', '350101');return false;
2025-09-10 23:49:33,676 - WARNING - [scripts.interpretation.logic.interpretation_scraper] - Subtitle parsing failed for: [고용노동부 산안(건안) 68307-10588, 2001. 12. 4.]
2025-09-10 23:49:33,727 - INFO - [scripts.interpretation.logic.interpretation_scraper] -   - Extraction successful: 120억원 미만 2개 현장 안전관리자 중복 배치여부
2025-09-10 23:49:35,125 - INFO - [scripts.interpretation.logic.interpretation_scraper] -   - [13/50] Processing item: javascript:cgmExpcView('16136', '350101');return false;
2025-09-10 23:49:35,139 - WARNING - [scripts.interpretation.logic.interpretation_scraper] - Subtitle parsing failed for: [고용노동부 산업안전팀-2687, 2007. 5. 29.]
2025-09-10 23:49:35,197 - INFO - [scripts.interpretation.logic.interpretation_scraper] -   - Extraction successful: 154KV관련 공사의 공사종류 등에 대한 회시
2025-09-10 23:49:36,189 - INFO - [scripts.interpretation.logic.interpretation_scraper] -   - [14/50] Processing item: javascript:cgmExpcView('314412', '350101');return false;
2025-09-10 23:49:36,201 - WARNING - [scripts.interpretation.logic.interpretation_scraper] - Subtitle parsing failed for: [고용노동부 고용차별개선과-3165, 2017. 12. 29.]
2025-09-10 23:49:36,262 - INFO - [scripts.interpretation.logic.interpretation_scraper] -   - Extraction successful: ’18년 아동복지교사 지원사업을 위한 근로자 채용에 따른 질의
2025-09-10 23:49:37,266 - INFO - [scripts.interpretation.logic.interpretation_scraper] -   - [15/50] Processing item: javascript:cgmExpcView('29242', '350101');return false;
2025-09-10 23:49:37,281 - WARNING - [scripts.interpretation.logic.interpretation_scraper] - Subtitle parsing failed for: [고용노동부 고관 68440-440, 1996. 8. 1.]
2025-09-10 23:49:37,350 - INFO - [scripts.interpretation.logic.interpretation_scraper] -   - Extraction successful: 1992.7월부터 1996.6월까지 약 4년간 법인체 직업안내소 대표이사로 근무한 경력이 있어, 다른 직업안내소에 상담직원으로 취업을 하고자 하는데 대표이사로 근무한 경력을 상담업무에 종사한 경력으로 인정할 수 있는 여부
2025-09-10 23:49:38,185 - INFO - [scripts.interpretation.logic.interpretation_scraper] -   - [16/50] Processing item: javascript:cgmExpcView('29096', '350101');return false;
2025-09-10 23:49:38,203 - WARNING - [scripts.interpretation.logic.interpretation_scraper] - Subtitle parsing failed for: [고용노동부 산안 68320-96, 2001. 2. 20.]
2025-09-10 23:49:38,264 - INFO - [scripts.interpretation.logic.interpretation_scraper] -   - Extraction successful: 1m 이상 계단폭에서 제외되는 급유용 . 보수용 . 비상용 계단의 의미
2025-09-10 23:49:39,249 - INFO - [scripts.interpretation.logic.interpretation_scraper] -   - [17/50] Processing item: javascript:cgmExpcView('17076', '350101');return false;
2025-09-10 23:49:39,279 - WARNING - [scripts.interpretation.logic.interpretation_scraper] - Subtitle parsing failed for: [고용노동부 산재예방정책과-331, 2012. 1. 18.]
2025-09-10 23:49:39,342 - INFO - [scripts.interpretation.logic.interpretation_scraper] -   - Extraction successful: 1개 병원은 노동조합의 대표자가 근로자대표로, 1개 병원은 자체 선출된 사람이 각각 산업안전보건위원회 근로자 대표로 되어 있을 경우 노동조합 대표자가 다른 사업장의 근로자위원 교체를 요구할 수 있는지 여부 등
2025-09-10 23:49:40,695 - INFO - [scripts.interpretation.logic.interpretation_scraper] -   - [18/50] Processing item: javascript:cgmExpcView('237372', '350101');return false;
2025-09-10 23:49:40,706 - WARNING - [scripts.interpretation.logic.interpretation_scraper] - Subtitle parsing failed for: [고용노동부 근로기준정책과-5546, 2019. 11. 4.]
2025-09-10 23:49:40,756 - INFO - [scripts.interpretation.logic.interpretation_scraper] -   - Extraction successful: 1개월을 초과하는 주기로 지급하는 임금을 총액의 변동 없이 매월 지급하는 것으로 취업규칙을 변경할 때 유효 요건
2025-09-10 23:49:41,731 - INFO - [scripts.interpretation.logic.interpretation_scraper] -   - [19/50] Processing item: javascript:cgmExpcView('15234', '350101');return false;
2025-09-10 23:49:41,758 - WARNING - [scripts.interpretation.logic.interpretation_scraper] - Subtitle parsing failed for: [고용노동부 임금 32240-446, 1992. 6. 11.]
2025-09-10 23:49:41,823 - INFO - [scripts.interpretation.logic.interpretation_scraper] -   - Extraction successful: 1개회사에 2개의 기금설립 가능여부
2025-09-10 23:49:42,597 - INFO - [scripts.interpretation.logic.interpretation_scraper] -   - [20/50] Processing item: javascript:cgmExpcView('11684', '350101');return false;
2025-09-10 23:49:42,618 - WARNING - [scripts.interpretation.logic.interpretation_scraper] - Subtitle parsing failed for: [고용노동부 근로기준정책과-3084, 2015. 7. 13.]
2025-09-10 23:49:42,679 - INFO - [scripts.interpretation.logic.interpretation_scraper] -   - Extraction successful: 1년간 8할미만 출근자 연차유급휴가 사용촉진의 대상 여부
2025-09-10 23:49:43,336 - INFO - [scripts.interpretation.logic.interpretation_scraper] -   - [21/50] Processing item: javascript:cgmExpcView('15156', '350101');return false;
2025-09-10 23:49:43,349 - WARNING - [scripts.interpretation.logic.interpretation_scraper] - Subtitle parsing failed for: [고용노동부 근기 68207-2140, 2000. 7. 18.]
2025-09-10 23:49:43,435 - INFO - [scripts.interpretation.logic.interpretation_scraper] -   - Extraction successful: 1년간 근속한 근로자가 연차유급휴가를 청구할 수 있는지 여부
2025-09-10 23:49:44,316 - INFO - [scripts.interpretation.logic.interpretation_scraper] -   - [22/50] Processing item: javascript:cgmExpcView('237200', '350101');return false;
2025-09-10 23:49:44,335 - WARNING - [scripts.interpretation.logic.interpretation_scraper] - Subtitle parsing failed for: [고용노동부 근로기준과-779, 2005. 2. 14.]
2025-09-10 23:49:44,390 - INFO - [scripts.interpretation.logic.interpretation_scraper] -   - Extraction successful: 1년간의 연장·야간·휴일근로시간을 계산하여 다음연도에 선택적 보상휴가를 부여하고 미사용분에 대하여 그 다음연도에 금전보상하는 내용의 노사합의가 유효한지
2025-09-10 23:49:45,592 - INFO - [scripts.interpretation.logic.interpretation_scraper] -   - [23/50] Processing item: javascript:cgmExpcView('279762', '350101');return false;
2025-09-10 23:49:45,619 - WARNING - [scripts.interpretation.logic.interpretation_scraper] - Subtitle parsing failed for: [고용노동부 퇴직연금복지과-795, 2008. 12. 29.]
2025-09-10 23:49:45,687 - INFO - [scripts.interpretation.logic.interpretation_scraper] -   - Extraction successful: 1 년간 정년연장하는 조합원의 자격유지 여부
2025-09-10 23:49:46,741 - INFO - [scripts.interpretation.logic.interpretation_scraper] -   - [24/50] Processing item: javascript:cgmExpcView('14920', '350101');return false;
2025-09-10 23:49:46,765 - WARNING - [scripts.interpretation.logic.interpretation_scraper] - Subtitle parsing failed for: [고용노동부 퇴직연금복지과-795, 2008. 12. 29.]
2025-09-10 23:49:46,829 - INFO - [scripts.interpretation.logic.interpretation_scraper] -   - Extraction successful: 1년간 정년연장하는 조합원의 자격유지 여부
2025-09-10 23:49:47,962 - INFO - [scripts.interpretation.logic.interpretation_scraper] -   - [25/50] Processing item: javascript:cgmExpcView('314120', '350101');return false;
2025-09-10 23:49:47,976 - WARNING - [scripts.interpretation.logic.interpretation_scraper] - Subtitle parsing failed for: [고용노동부 임금 68207-120, 2003. 2. 24.]
2025-09-10 23:49:48,036 - INFO - [scripts.interpretation.logic.interpretation_scraper] -   - Extraction successful: 1년간 지급받은 상여금을 평균임금 대상금품에 산입하는 방법
2025-09-10 23:49:48,605 - INFO - [scripts.interpretation.logic.interpretation_scraper] -   - [26/50] Processing item: javascript:cgmExpcView('2324', '350101');return false;
2025-09-10 23:49:48,618 - WARNING - [scripts.interpretation.logic.interpretation_scraper] - Subtitle parsing failed for: [고용노동부 임금 68207-120, 2003. 2. 24.]
2025-09-10 23:49:48,667 - INFO - [scripts.interpretation.logic.interpretation_scraper] -   - Extraction successful: 1년간 지급받은 상여금을 평균임금 대상금품에 산입하는 방법
2025-09-10 23:49:49,952 - INFO - [scripts.interpretation.logic.interpretation_scraper] -   - [27/50] Processing item: javascript:cgmExpcView('27102', '350101');return false;
2025-09-10 23:49:49,978 - WARNING - [scripts.interpretation.logic.interpretation_scraper] - Subtitle parsing failed for: [고용노동부 고용차별개선과-2530, 2017. 11. 1.]
2025-09-10 23:49:50,045 - INFO - [scripts.interpretation.logic.interpretation_scraper] -   - Extraction successful: 1년 단위로 기간제노동자 채용 시 계속근로기간 등
2025-09-10 23:49:50,686 - INFO - [scripts.interpretation.logic.interpretation_scraper] -   - [28/50] Processing item: javascript:cgmExpcView('12894', '350101');return false;
2025-09-10 23:49:50,703 - WARNING - [scripts.interpretation.logic.interpretation_scraper] - Subtitle parsing failed for: [고용노동부 노사관계법제과-2344, 2013. 9. 5.]
2025-09-10 23:49:50,761 - INFO - [scripts.interpretation.logic.interpretation_scraper] -   - Extraction successful: 1년 동안 단체협약을 체결하지 못하였으나 다른 노동조합의 교섭요구가 없는 경우 교섭대표노동조합의 지위 유지 여부
2025-09-10 23:49:51,277 - INFO - [scripts.interpretation.logic.interpretation_scraper] -   - [29/50] Processing item: javascript:cgmExpcView('314212', '350101');return false;
2025-09-10 23:49:51,298 - WARNING - [scripts.interpretation.logic.interpretation_scraper] - Subtitle parsing failed for: [고용노동부 근기 68207-2037, 2000. 7. 5.]
2025-09-10 23:49:51,355 - INFO - [scripts.interpretation.logic.interpretation_scraper] -   - Extraction successful: 1년 미만 근로자의 재계약에 따른 계속근로 인정여부 및 퇴직금 산정방법
2025-09-10 23:49:52,645 - INFO - [scripts.interpretation.logic.interpretation_scraper] -   - [30/50] Processing item: javascript:cgmExpcView('15180', '350101');return false;
2025-09-10 23:49:52,672 - WARNING - [scripts.interpretation.logic.interpretation_scraper] - Subtitle parsing failed for: [고용노동부 임금 68207-303, 2002. 4. 26.]
2025-09-10 23:49:52,737 - INFO - [scripts.interpretation.logic.interpretation_scraper] -   - Extraction successful: 1년미만 근무자에게 지급한 퇴직금의 환수 여부
2025-09-10 23:49:53,507 - INFO - [scripts.interpretation.logic.interpretation_scraper] -   - [31/50] Processing item: javascript:cgmExpcView('12574', '350101');return false;
2025-09-10 23:49:53,535 - WARNING - [scripts.interpretation.logic.interpretation_scraper] - Subtitle parsing failed for: [고용노동부 임금근로시간정책팀-119, 2007. 1. 9.]
2025-09-10 23:49:53,587 - INFO - [scripts.interpretation.logic.interpretation_scraper] -   - Extraction successful: 1년 미만 근무한 근로자가 연차유급휴가를 사용하지 않고 퇴사한 경우 연차유급휴가 미사용수당을 지급하여야 하는지
2025-09-10 23:49:55,027 - INFO - [scripts.interpretation.logic.interpretation_scraper] -   - [32/50] Processing item: javascript:cgmExpcView('13036', '350101');return false;
2025-09-10 23:49:55,050 - WARNING - [scripts.interpretation.logic.interpretation_scraper] - Subtitle parsing failed for: [고용노동부 근로기준과-1186, 2005. 3. 3.]
2025-09-10 23:49:55,122 - INFO - [scripts.interpretation.logic.interpretation_scraper] -   - Extraction successful: 1년 미만 단기계약근로자에 대한 휴일.휴가제도의 적용방법
2025-09-10 23:49:56,561 - INFO - [scripts.interpretation.logic.interpretation_scraper] -   - [33/50] Processing item: javascript:cgmExpcView('18244', '350101');return false;
2025-09-10 23:49:56,593 - WARNING - [scripts.interpretation.logic.interpretation_scraper] - Subtitle parsing failed for: [고용노동부 근기 68207-695, 1999. 11. 23.]
2025-09-10 23:49:56,658 - INFO - [scripts.interpretation.logic.interpretation_scraper] -   - Extraction successful: 1년미만의 근로계약을 반복적으로 체결할 경우 기간의 정함이 없는 계약으로 전환되는지 여부
2025-09-10 23:49:58,029 - INFO - [scripts.interpretation.logic.interpretation_scraper] -   - [34/50] Processing item: javascript:cgmExpcView('18246', '350101');return false;
2025-09-10 23:49:58,042 - WARNING - [scripts.interpretation.logic.interpretation_scraper] - Subtitle parsing failed for: [고용노동부]
2025-09-10 23:49:58,101 - INFO - [scripts.interpretation.logic.interpretation_scraper] -   - Extraction successful: 1년 미만자의 연차휴가 사용촉진
2025-09-10 23:49:58,656 - INFO - [scripts.interpretation.logic.interpretation_scraper] -   - [35/50] Processing item: javascript:cgmExpcView('11390', '350101');return false;
2025-09-10 23:49:58,674 - WARNING - [scripts.interpretation.logic.interpretation_scraper] - Subtitle parsing failed for: [고용노동부]
2025-09-10 23:49:58,740 - INFO - [scripts.interpretation.logic.interpretation_scraper] -   - Extraction successful: 1년 미만자의 연차휴가 사용촉진
2025-09-10 23:50:00,203 - INFO - [scripts.interpretation.logic.interpretation_scraper] -   - [36/50] Processing item: javascript:cgmExpcView('13022', '350101');return false;
2025-09-10 23:50:00,219 - WARNING - [scripts.interpretation.logic.interpretation_scraper] - Subtitle parsing failed for: [고용노동부 근기 68207 - 894, 1997. 7. 8.]
2025-09-10 23:50:00,276 - INFO - [scripts.interpretation.logic.interpretation_scraper] -   - Extraction successful: 1년을 초과하는 근로계약의 위법 여부, 기간의 정함이 있는 계약이 반복되는 경우의 효력
2025-09-10 23:50:01,140 - INFO - [scripts.interpretation.logic.interpretation_scraper] -   - [37/50] Processing item: javascript:cgmExpcView('12776', '350101');return false;
2025-09-10 23:50:01,157 - WARNING - [scripts.interpretation.logic.interpretation_scraper] - Subtitle parsing failed for: [고용노동부 근기 68207-894, 1997. 7. 8.]
2025-09-10 23:50:01,295 - INFO - [scripts.interpretation.logic.interpretation_scraper] -   - Extraction successful: 1년을 초과하는 근로계약의 위법여부, 기간이 정함이 있는 계약이 반복되는 경우의 효력
2025-09-10 23:50:02,136 - INFO - [scripts.interpretation.logic.interpretation_scraper] -   - [38/50] Processing item: javascript:cgmExpcView('17460', '350101');return false;
2025-09-10 23:50:02,208 - WARNING - [scripts.interpretation.logic.interpretation_scraper] - Subtitle parsing failed for: [고용노동부 근로기준과-2948, 2005. 6. 1.]
2025-09-10 23:50:02,363 - INFO - [scripts.interpretation.logic.interpretation_scraper] -   - Extraction successful: 1명의 근로자가 2 이상의 사업(장) 근로자가 될 수 있는지
2025-09-10 23:50:03,178 - INFO - [scripts.interpretation.logic.interpretation_scraper] -   - [39/50] Processing item: javascript:cgmExpcView('22006', '350101');return false;
2025-09-10 23:50:03,317 - WARNING - [scripts.interpretation.logic.interpretation_scraper] - Subtitle parsing failed for: [고용노동부 노사협력정책과-3797, 2009. 10. 22.]
2025-09-10 23:50:03,478 - INFO - [scripts.interpretation.logic.interpretation_scraper] -   - Extraction successful: 1사 2노조 사업장의 근로자위원 선출방법
2025-09-10 23:50:04,825 - INFO - [scripts.interpretation.logic.interpretation_scraper] -   - [40/50] Processing item: javascript:cgmExpcView('315004', '350101');return false;
2025-09-10 23:50:04,855 - WARNING - [scripts.interpretation.logic.interpretation_scraper] - Subtitle parsing failed for: [고용노동부 노사관계법제과-739, 2010. 9. 10.]
2025-09-10 23:50:04,939 - INFO - [scripts.interpretation.logic.interpretation_scraper] -   - Extraction successful: 1사 다수노조로 단협 만료일이 서로 다를 경우 면제 한도 배분방법
2025-09-10 23:50:05,623 - INFO - [scripts.interpretation.logic.interpretation_scraper] -   - [41/50] Processing item: javascript:cgmExpcView('15082', '350101');return false;
2025-09-10 23:50:05,674 - WARNING - [scripts.interpretation.logic.interpretation_scraper] - Subtitle parsing failed for: [고용노동부 근기 68207-1542, 2001. 5. 12.]
2025-09-10 23:50:05,751 - INFO - [scripts.interpretation.logic.interpretation_scraper] -   - Extraction successful: 1월단위의 탄력적근로시간제 도입시 그 단위기간이 반드시 2주이상 1월이내이어야 하는지
2025-09-10 23:50:07,081 - INFO - [scripts.interpretation.logic.interpretation_scraper] -   - [42/50] Processing item: javascript:cgmExpcView('12998', '350101');return false;
2025-09-10 23:50:07,104 - WARNING - [scripts.interpretation.logic.interpretation_scraper] - Subtitle parsing failed for: [고용노동부 근기 68207-1542, 2001. 5. 12.]
2025-09-10 23:50:07,166 - INFO - [scripts.interpretation.logic.interpretation_scraper] -   - Extraction successful: 1월단위의 탄력적근로시간제 도입 시 그 단위기간이 반드시 2주 이상 1월 이내이어야 하는지
2025-09-10 23:50:08,571 - INFO - [scripts.interpretation.logic.interpretation_scraper] -   - [43/50] Processing item: javascript:cgmExpcView('314260', '350101');return false;
2025-09-10 23:50:08,599 - WARNING - [scripts.interpretation.logic.interpretation_scraper] - Subtitle parsing failed for: [고용노동부 근기 68207-685, 1999. 11. 22.]
2025-09-10 23:50:08,662 - INFO - [scripts.interpretation.logic.interpretation_scraper] -   - Extraction successful: 1인이 수개의 동일한 사업자등록을 하고 사업을 운영하는 경우 1개의 사업 또는 사업장으로 볼 수 있는지 여부
2025-09-10 23:50:09,423 - INFO - [scripts.interpretation.logic.interpretation_scraper] -   - [44/50] Processing item: javascript:cgmExpcView('11450', '350101');return false;
2025-09-10 23:50:09,441 - WARNING - [scripts.interpretation.logic.interpretation_scraper] - Subtitle parsing failed for: [고용노동부 근기 68207-3125, 2002. 10. 28.]
2025-09-10 23:50:09,493 - INFO - [scripts.interpretation.logic.interpretation_scraper] -   - Extraction successful: 1일 10시간씩 주5일 근무하는 회사에서 유급휴일인 토요일과 일요일에 15시간씩 근로케 할 경우 근기법 제52조의 연장근로 해당여부 및 근기법 위반 여부
2025-09-10 23:50:10,731 - INFO - [scripts.interpretation.logic.interpretation_scraper] -   - [45/50] Processing item: javascript:cgmExpcView('214206', '350101');return false;
2025-09-10 23:50:10,755 - WARNING - [scripts.interpretation.logic.interpretation_scraper] - Subtitle parsing failed for: [고용노동부 근기 68207 - 270, 1997. 3. 4.]
2025-09-10 23:50:10,822 - INFO - [scripts.interpretation.logic.interpretation_scraper] -   - Extraction successful: 1일 소정근로시간수의 일부만 근로제공을 한 경우 주휴를 부여할 수 있는지 여부
2025-09-10 23:50:11,764 - INFO - [scripts.interpretation.logic.interpretation_scraper] -   - [46/50] Processing item: javascript:cgmExpcView('21986', '350101');return false;
2025-09-10 23:50:11,788 - WARNING - [scripts.interpretation.logic.interpretation_scraper] - Subtitle parsing failed for: [고용노동부 노사관계법제과-406, 2010. 8. 6.]
2025-09-10 23:50:11,852 - INFO - [scripts.interpretation.logic.interpretation_scraper] -   - Extraction successful: 1일 소정근로시간을 초과한 근로시간면제 활동의 유급처리여부
2025-09-10 23:50:12,401 - INFO - [scripts.interpretation.logic.interpretation_scraper] -   - [47/50] Processing item: javascript:cgmExpcView('313986', '350101');return false;
2025-09-10 23:50:12,426 - WARNING - [scripts.interpretation.logic.interpretation_scraper] - Subtitle parsing failed for: [고용노동부 노사관계법제과-406, 2010. 8. 6.]
2025-09-10 23:50:12,489 - INFO - [scripts.interpretation.logic.interpretation_scraper] -   - Extraction successful: 1일 소정근로시간 초과한 근로시간면제 활동의 유급처리여부
2025-09-10 23:50:13,689 - INFO - [scripts.interpretation.logic.interpretation_scraper] -   - [48/50] Processing item: javascript:cgmExpcView('12454', '350101');return false;
2025-09-10 23:50:13,711 - WARNING - [scripts.interpretation.logic.interpretation_scraper] - Subtitle parsing failed for: [고용노동부 산안건안) 68307-10488, 2002. 11. 9.]
2025-09-10 23:50:13,769 - INFO - [scripts.interpretation.logic.interpretation_scraper] -   - Extraction successful: 1일 안전교육 참가시 당일 임금을 교육비로 지급여부
2025-09-10 23:50:14,728 - INFO - [scripts.interpretation.logic.interpretation_scraper] -   - [49/50] Processing item: javascript:cgmExpcView('16904', '350101');return false;
2025-09-10 23:50:14,753 - WARNING - [scripts.interpretation.logic.interpretation_scraper] - Subtitle parsing failed for: [고용노동부 근로기준과-3789, 2004. 7. 23.]
2025-09-10 23:50:14,818 - INFO - [scripts.interpretation.logic.interpretation_scraper] -   - Extraction successful: 1주간 소정근로시간이 39시간일 때 개정 근로기준법상 단시간근로자인지 여부
2025-09-10 23:50:15,702 - INFO - [scripts.interpretation.logic.interpretation_scraper] -   - [50/50] Processing item: javascript:cgmExpcView('2280', '350101');return false;
2025-09-10 23:50:15,715 - WARNING - [scripts.interpretation.logic.interpretation_scraper] - Subtitle parsing failed for: [고용노동부 근로기준정책과-8680, 2018. 12. 28.]
2025-09-10 23:50:15,761 - INFO - [scripts.interpretation.logic.interpretation_scraper] -   - Extraction successful: 1주간 주중 근로와 주말 근로의 근로시간이 다른 경우 감시·단속 적 근로 종사자에 대한 적용제외 승인 여부
2025-09-10 23:50:16,862 - INFO - [scripts.interpretation.logic.interpretation_scraper] - --- Finished page 1 / 2 ---
2025-09-10 23:50:16,862 - INFO - [scripts.interpretation.logic.interpretation_scraper] - --- Starting page 2 / 2 ---
2025-09-10 23:50:16,862 - INFO - [scripts.interpretation.logic.interpretation_scraper] - Navigating to page 2...
2025-09-10 23:50:19,168 - INFO - [scripts.interpretation.logic.interpretation_scraper] - Successfully navigated to page 2.
2025-09-10 23:50:19,174 - INFO - [scripts.interpretation.logic.interpretation_scraper] - Found 50 links on this page.
2025-09-10 23:50:19,310 - INFO - [scripts.interpretation.logic.interpretation_scraper] -   - [1/50] Processing item: javascript:cgmExpcView('2282', '350101');return false;
2025-09-10 23:50:19,321 - WARNING - [scripts.interpretation.logic.interpretation_scraper] - Subtitle parsing failed for: [고용노동부 근로기준과-5560, 2009. 12. 23.]
2025-09-10 23:50:19,369 - INFO - [scripts.interpretation.logic.interpretation_scraper] -   - Extraction successful: 1주일간의 지각 또는 조퇴시간을 합산하여 8시간이 되면 1일 결근으로 간주하여 유급휴일수당을 지급하지 않아도 되는지
2025-09-10 23:50:19,894 - INFO - [scripts.interpretation.logic.interpretation_scraper] -   - [2/50] Processing item: javascript:cgmExpcView('214258', '350101');return false;
2025-09-10 23:50:19,908 - WARNING - [scripts.interpretation.logic.interpretation_scraper] - Subtitle parsing failed for: [고용노동부 근로기준과-918, 2010. 4. 30.]
2025-09-10 23:50:19,958 - INFO - [scripts.interpretation.logic.interpretation_scraper] -   - Extraction successful: 1주일을 월력에 의한 일요일부터 토요일까지로 보아야 하는지
2025-09-10 23:50:20,676 - INFO - [scripts.interpretation.logic.interpretation_scraper] -   - [3/50] Processing item: javascript:cgmExpcView('22434', '350101');return false;
2025-09-10 23:50:20,691 - WARNING - [scripts.interpretation.logic.interpretation_scraper] - Subtitle parsing failed for: [고용노동부 산보 68340-755, 2003. 9. 9.]
2025-09-10 23:50:20,744 - INFO - [scripts.interpretation.logic.interpretation_scraper] -   - Extraction successful: 1차 및 2차 검사의 건강진단기관 분리실시 가능여부
2025-09-10 23:50:21,903 - INFO - [scripts.interpretation.logic.interpretation_scraper] -   - [4/50] Processing item: javascript:cgmExpcView('13086', '350101');return false;
2025-09-10 23:50:21,929 - WARNING - [scripts.interpretation.logic.interpretation_scraper] - Subtitle parsing failed for: [고용노동부 고용차별개선과-296, 2012. 2. 13.]
2025-09-10 23:50:21,990 - INFO - [scripts.interpretation.logic.interpretation_scraper] -   - Extraction successful: (1) 통역사가 「기간제 및 단시간근로자 보호 등에 관한 법률」 (이하 ‘기간제법’) 시행령 제3조제3항제5호의 한국표준직업분류 대분류 1(개정 전 대분류 0)과 대분류 2(개정 전 대분류 1) 직업에 해당하는지 여부, (2) 통역사가 계약 기간 2년 중 출산휴가와 육아휴직을 사용한 경우에 기간제법 시행령 제3조 제3항제5호의 최근 2년간 연평균근로소득 산정시 출산휴가육아휴직기간과 동기간 중 임금을 포함해야 하는지 여부
2025-09-10 23:50:23,080 - INFO - [scripts.interpretation.logic.interpretation_scraper] -   - [5/50] Processing item: javascript:cgmExpcView('314000', '350101');return false;
2025-09-10 23:50:23,093 - WARNING - [scripts.interpretation.logic.interpretation_scraper] - Subtitle parsing failed for: [고용노동부 근기 68207-997, 1999. 12. 30.]
2025-09-10 23:50:23,161 - INFO - [scripts.interpretation.logic.interpretation_scraper] -   - Extraction successful: 1회의 감급사유에 대한 감급액의 적용방법
2025-09-10 23:50:24,197 - INFO - [scripts.interpretation.logic.interpretation_scraper] -   - [6/50] Processing item: javascript:cgmExpcView('28292', '350101');return false;
2025-09-10 23:50:24,209 - WARNING - [scripts.interpretation.logic.interpretation_scraper] - Subtitle parsing failed for: [고용노동부 산안건안) 68307-10013, 2002. 1. 14.]
2025-09-10 23:50:24,255 - INFO - [scripts.interpretation.logic.interpretation_scraper] -   - Extraction successful: 2001. 1. 1 이전에 착공된 공사현장에서 퇴직한 안전관리자 대신 기술지도로 대체 가능여부
2025-09-10 23:50:25,075 - INFO - [scripts.interpretation.logic.interpretation_scraper] -   - [7/50] Processing item: javascript:cgmExpcView('22366', '350101');return false;
2025-09-10 23:50:25,102 - WARNING - [scripts.interpretation.logic.interpretation_scraper] - Subtitle parsing failed for: [고용노동부 산안(건안) 68307-10136, 2001. 4. 13.]
2025-09-10 23:50:25,164 - INFO - [scripts.interpretation.logic.interpretation_scraper] -   - Extraction successful: 2001. 1. 1 이전 착공공사로 안전관리자 선임시 기술지도 제외 여부
2025-09-10 23:50:25,862 - INFO - [scripts.interpretation.logic.interpretation_scraper] -   - [8/50] Processing item: javascript:cgmExpcView('315198', '350101');return false;
2025-09-10 23:50:25,890 - WARNING - [scripts.interpretation.logic.interpretation_scraper] - Subtitle parsing failed for: [고용노동부 고용차별개선과-2097, 2011. 11. 29.]
2025-09-10 23:50:25,950 - INFO - [scripts.interpretation.logic.interpretation_scraper] -   - Extraction successful: 2002년 6개월간 근무 경력이 있는 자를 채용하여 2011.3.24.~ 12.31까지 기간제로 사용하고 2012년말까지 계약기간을 1년 연장하는 경우, 근로기간이 2년을 초과하여 무기계약근로자로 전환되는지 여부
2025-09-10 23:50:27,084 - INFO - [scripts.interpretation.logic.interpretation_scraper] -   - [9/50] Processing item: javascript:cgmExpcView('22364', '350101');return false;
2025-09-10 23:50:27,095 - WARNING - [scripts.interpretation.logic.interpretation_scraper] - Subtitle parsing failed for: [고용노동부 고용서비스기획과-3510, 2008. 10. 13.]
2025-09-10 23:50:27,142 - INFO - [scripts.interpretation.logic.interpretation_scraper] -   - Extraction successful: 2006. 9. 7. 인천해양경찰서의 행정처분 의뢰에 따라, 2006.10.10 유료직업소개사업자인 동해해운취업정보(대표자 이혜원)에 대해 직업안정법(이하 “법”이라 함) 제22조제3항의 위반으로 사업정지 1월의 행정처분을 내린 바 있고, -2008. 8. 8. 대표자변경등록신고서(이혜원에서→천병인으로 변경)가 접수되어 관악구청이 관악경찰서에 범죄경력을 조회한 결과 이혜원과 천병인은 동 법 제22조제3항 위반으로 2006. 11. 22. 인천지방법원으로부터 벌금 100만원의 선고를 받은 사실이 있음을 확인함 이 경우 사업정지 1월의 행정처분 후, 인천지방법원으로부터 동 건 법 위반으로 벌금형 선고를 받은 경우, 이를 이유로 법 제36조제1항제2호에 따라 “등록취소”처분이 가능한 지 여부
2025-09-10 23:50:28,064 - INFO - [scripts.interpretation.logic.interpretation_scraper] -   - [10/50] Processing item: javascript:cgmExpcView('213914', '350101');return false;
2025-09-10 23:50:28,092 - WARNING - [scripts.interpretation.logic.interpretation_scraper] - Subtitle parsing failed for: [고용노동부 고용평등정책과-203, 2011. 1. 26.]
2025-09-10 23:50:28,158 - INFO - [scripts.interpretation.logic.interpretation_scraper] -   - Extraction successful: 2008.12월~2009.5.15.까지는 일반 기간제근로자로, 2009.5.18.~ 2009.12.17. 까지는 농촌현장인턴으로, 2010.1.4.~1010.11.30.까지는 다시 일반 기간제 근로자로 각각 근로계약을 체결하고 동일한 업무를 수행한 경우 계속근로 년수 산정방법과 퇴직금 지급대상 여부
2025-09-10 23:50:29,360 - INFO - [scripts.interpretation.logic.interpretation_scraper] -   - [11/50] Processing item: javascript:cgmExpcView('21966', '350101');return false;
2025-09-10 23:50:29,384 - WARNING - [scripts.interpretation.logic.interpretation_scraper] - Subtitle parsing failed for: [고용노동부 노사관계법제과-567, 2010. 8. 25.]
2025-09-10 23:50:29,452 - INFO - [scripts.interpretation.logic.interpretation_scraper] -   - Extraction successful: 2010.7.1. 이후 노조 상근간부의 신분과 처우 및 근로시간면제 한도 초과인원에 대한 현업복귀 여부
2025-09-10 23:50:29,991 - INFO - [scripts.interpretation.logic.interpretation_scraper] -   - [12/50] Processing item: javascript:cgmExpcView('28962', '350101');return false;
2025-09-10 23:50:30,003 - WARNING - [scripts.interpretation.logic.interpretation_scraper] - Subtitle parsing failed for: [고용노동부 노사관계법제과-567, 2010. 8. 25.]
2025-09-10 23:50:30,052 - INFO - [scripts.interpretation.logic.interpretation_scraper] -   - Extraction successful: 2010. 7. 1. 이후 노조 상근간부의 신분과 처우 및 근로시간면제 한도 초과인원에 대한 현업복귀 여부
2025-09-10 23:50:31,131 - INFO - [scripts.interpretation.logic.interpretation_scraper] -   - [13/50] Processing item: javascript:cgmExpcView('28182', '350101');return false;
2025-09-10 23:50:31,149 - WARNING - [scripts.interpretation.logic.interpretation_scraper] - Subtitle parsing failed for: [고용노동부 산안(건안) 68307-10423, 2001. 9. 3.]
2025-09-10 23:50:31,210 - INFO - [scripts.interpretation.logic.interpretation_scraper] -   - Extraction successful: 20억 미만 공사에서의 안전관리자 선임
2025-09-10 23:50:32,577 - INFO - [scripts.interpretation.logic.interpretation_scraper] -   - [14/50] Processing item: javascript:cgmExpcView('313600', '350101');return false;
2025-09-10 23:50:32,601 - WARNING - [scripts.interpretation.logic.interpretation_scraper] - Subtitle parsing failed for: [고용노동부 산안(건안) 68307-10307, 2002. 7. 3.]
2025-09-10 23:50:32,671 - INFO - [scripts.interpretation.logic.interpretation_scraper] -   - Extraction successful: 20억원 미만 공사에서 관리책임자 및 무자격 안전관리자 업무수당 사용여부
2025-09-10 23:50:33,730 - INFO - [scripts.interpretation.logic.interpretation_scraper] -   - [15/50] Processing item: javascript:cgmExpcView('23602', '350101');return false;
2025-09-10 23:50:33,755 - WARNING - [scripts.interpretation.logic.interpretation_scraper] - Subtitle parsing failed for: [고용노동부 산안건안) 68307-10307, 2002. 7. 3.]
2025-09-10 23:50:33,821 - INFO - [scripts.interpretation.logic.interpretation_scraper] -   - Extraction successful: 20억원 미만 공사에서 관리책임자 및 무자격 안전관리자 업무수당 사용여부
2025-09-10 23:50:35,010 - INFO - [scripts.interpretation.logic.interpretation_scraper] -   - [16/50] Processing item: javascript:cgmExpcView('15282', '350101');return false;
2025-09-10 23:50:35,048 - WARNING - [scripts.interpretation.logic.interpretation_scraper] - Subtitle parsing failed for: [고용노동부 산업안전기준과-1628, 2021. 12. 23.]
2025-09-10 23:50:35,313 - INFO - [scripts.interpretation.logic.interpretation_scraper] -   - Extraction successful: 21가지 장소 해당 여부
2025-09-10 23:50:35,916 - INFO - [scripts.interpretation.logic.interpretation_scraper] -   - [17/50] Processing item: javascript:cgmExpcView('314818', '350101');return false;
2025-09-10 23:50:35,933 - WARNING - [scripts.interpretation.logic.interpretation_scraper] - Subtitle parsing failed for: [고용노동부 근기 68207-000, 2003. 7. 3.]
2025-09-10 23:50:35,992 - INFO - [scripts.interpretation.logic.interpretation_scraper] -   - Extraction successful: 24시간 격일제근로로 적용제외 승인을 받은 경우, 3일 연속 근무가 승인취소의 사유가 되는지
2025-09-10 23:50:37,212 - INFO - [scripts.interpretation.logic.interpretation_scraper] -   - [18/50] Processing item: javascript:cgmExpcView('15114', '350101');return false;
2025-09-10 23:50:37,236 - WARNING - [scripts.interpretation.logic.interpretation_scraper] - Subtitle parsing failed for: [고용노동부 근기 68207-000, 2003. 7. 3.]
2025-09-10 23:50:37,300 - INFO - [scripts.interpretation.logic.interpretation_scraper] -   - Extraction successful: 24시간 격일제근로로 적용제외 승인을 받은 경우, 3일 연속 근무가 승인취소의 사유가 되는지
2025-09-10 23:50:38,243 - INFO - [scripts.interpretation.logic.interpretation_scraper] -   - [19/50] Processing item: javascript:cgmExpcView('314270', '350101');return false;
2025-09-10 23:50:38,255 - WARNING - [scripts.interpretation.logic.interpretation_scraper] - Subtitle parsing failed for: [고용노동부 근기 68207-2663, 2002. 8. 8.]
2025-09-10 23:50:38,304 - INFO - [scripts.interpretation.logic.interpretation_scraper] -   - Extraction successful: 24시간 격일제 근로의 경우 1주간의 비번일 중 1일을 유급처리 시 별도로 주휴일을 부여해야 하는지
2025-09-10 23:50:38,806 - INFO - [scripts.interpretation.logic.interpretation_scraper] -   - [20/50] Processing item: javascript:cgmExpcView('315334', '350101');return false;
2025-09-10 23:50:38,825 - WARNING - [scripts.interpretation.logic.interpretation_scraper] - Subtitle parsing failed for: [고용노동부 근기 68207-2663, 2002. 8. 8.]
2025-09-10 23:50:38,886 - INFO - [scripts.interpretation.logic.interpretation_scraper] -   - Extraction successful: 24시간 격일제 근로의 경우 1주간의 비번일 중 1일을 유급처리시 별도로 주휴일을 부여해야 하는지
2025-09-10 23:50:40,327 - INFO - [scripts.interpretation.logic.interpretation_scraper] -   - [21/50] Processing item: javascript:cgmExpcView('15196', '350101');return false;
2025-09-10 23:50:40,354 - WARNING - [scripts.interpretation.logic.interpretation_scraper] - Subtitle parsing failed for: [고용노동부 근로개선정책과-4504, 2012. 9. 7.]
2025-09-10 23:50:40,416 - INFO - [scripts.interpretation.logic.interpretation_scraper] -   - Extraction successful: 24시간 격일제 근로자 연차유급휴가 사용 관련
2025-09-10 23:50:40,921 - INFO - [scripts.interpretation.logic.interpretation_scraper] -   - [22/50] Processing item: javascript:cgmExpcView('315038', '350101');return false;
2025-09-10 23:50:40,950 - WARNING - [scripts.interpretation.logic.interpretation_scraper] - Subtitle parsing failed for: [고용노동부 근로개선정책과-4504, 2012. 9. 7.]
2025-09-10 23:50:41,013 - INFO - [scripts.interpretation.logic.interpretation_scraper] -   - Extraction successful: 24시간 격일제 근로자 연차유급휴가 사용 관련
2025-09-10 23:50:42,342 - INFO - [scripts.interpretation.logic.interpretation_scraper] -   - [23/50] Processing item: javascript:cgmExpcView('314772', '350101');return false;
2025-09-10 23:50:42,356 - WARNING - [scripts.interpretation.logic.interpretation_scraper] - Subtitle parsing failed for: [고용노동부 근기 68207-3272, 2001. 9. 26.]
2025-09-10 23:50:42,403 - INFO - [scripts.interpretation.logic.interpretation_scraper] -   - Extraction successful: 24시간 격일제 근로자의 월차유급휴가 사용시 12시간만을 휴가로 부여할 수 있는지
2025-09-10 23:50:43,707 - INFO - [scripts.interpretation.logic.interpretation_scraper] -   - [24/50] Processing item: javascript:cgmExpcView('30598', '350101');return false;
2025-09-10 23:50:43,723 - WARNING - [scripts.interpretation.logic.interpretation_scraper] - Subtitle parsing failed for: [고용노동부 근기 68207-1805, 2002. 4. 30.]
2025-09-10 23:50:43,768 - INFO - [scripts.interpretation.logic.interpretation_scraper] -   - Extraction successful: 24시간 격일제 근로형태에서 월차휴가를 12시간만 부여가 가능한지
2025-09-10 23:50:44,989 - INFO - [scripts.interpretation.logic.interpretation_scraper] -   - [25/50] Processing item: javascript:cgmExpcView('29006', '350101');return false;
2025-09-10 23:50:45,000 - WARNING - [scripts.interpretation.logic.interpretation_scraper] - Subtitle parsing failed for: [고용노동부 산업안전기준과-589, 2021. 9. 6.]
2025-09-10 23:50:45,049 - INFO - [scripts.interpretation.logic.interpretation_scraper] -   - Extraction successful: 24시간 연속 가동하는 설비 작업장 순회점검 실시 기준
2025-09-10 23:50:45,765 - INFO - [scripts.interpretation.logic.interpretation_scraper] -   - [26/50] Processing item: javascript:cgmExpcView('214104', '350101');return false;
2025-09-10 23:50:45,786 - WARNING - [scripts.interpretation.logic.interpretation_scraper] - Subtitle parsing failed for: [고용노동부 산안(건안) 68307-64, 2003. 3. 12.]
2025-09-10 23:50:45,865 - INFO - [scripts.interpretation.logic.interpretation_scraper] -   - Extraction successful: 2개 공사현장에 1인의 안전관리자를 선임할 경우 안전관련 서류 작성방법
2025-09-10 23:50:46,906 - INFO - [scripts.interpretation.logic.interpretation_scraper] -   - [27/50] Processing item: javascript:cgmExpcView('9130', '350101');return false;
2025-09-10 23:50:46,936 - WARNING - [scripts.interpretation.logic.interpretation_scraper] - Subtitle parsing failed for: [고용노동부 산안건안) 68307-64, 2003. 3. 12.]
2025-09-10 23:50:46,996 - INFO - [scripts.interpretation.logic.interpretation_scraper] -   - Extraction successful: 2개 공사현장에 1인의 안전관리자를 선임할 경우 안전관련 서류 작성방법
2025-09-10 23:50:47,586 - INFO - [scripts.interpretation.logic.interpretation_scraper] -   - [28/50] Processing item: javascript:cgmExpcView('9528', '350101');return false;
2025-09-10 23:50:47,611 - WARNING - [scripts.interpretation.logic.interpretation_scraper] - Subtitle parsing failed for: [고용노동부 복지68233-23, 2003. 1. 29.]
2025-09-10 23:50:47,674 - INFO - [scripts.interpretation.logic.interpretation_scraper] -   - Extraction successful: 2개 기금 운영 중 1개 기금 소속 사업장 폐쇄시 해산이 가능한지
2025-09-10 23:50:48,275 - INFO - [scripts.interpretation.logic.interpretation_scraper] -   - [29/50] Processing item: javascript:cgmExpcView('9240', '350101');return false;
2025-09-10 23:50:48,289 - WARNING - [scripts.interpretation.logic.interpretation_scraper] - Subtitle parsing failed for: [고용노동부 노사관계법제과-3091, 2012. 11. 7.]
2025-09-10 23:50:48,340 - INFO - [scripts.interpretation.logic.interpretation_scraper] -   - Extraction successful: 2개 노조가 모두 과반수 노조라고 통지하였고 사용자가 그대로 공고하였으나 어느 노조도 노동위원회에 이의신청하지 않은 경우 창 구단일화 절차는
2025-09-10 23:50:49,103 - INFO - [scripts.interpretation.logic.interpretation_scraper] -   - [30/50] Processing item: javascript:cgmExpcView('9192', '350101');return false;
2025-09-10 23:50:49,128 - WARNING - [scripts.interpretation.logic.interpretation_scraper] - Subtitle parsing failed for: [고용노동부 임금 32240-549, 1992. 7. 31.]
2025-09-10 23:50:49,194 - INFO - [scripts.interpretation.logic.interpretation_scraper] -   - Extraction successful: 2개 노조가 있는 회사에서 1개 노조원만으로 근로자위원 구성 가능여부
2025-09-10 23:50:50,308 - INFO - [scripts.interpretation.logic.interpretation_scraper] -   - [31/50] Processing item: javascript:cgmExpcView('314254', '350101');return false;
2025-09-10 23:50:50,339 - WARNING - [scripts.interpretation.logic.interpretation_scraper] - Subtitle parsing failed for: [고용노동부 임금 68207-390, 1995. 12. 1.]
2025-09-10 23:50:50,399 - INFO - [scripts.interpretation.logic.interpretation_scraper] -   - Extraction successful: 2개 사업부서 중 1개부서를 분리하는 경우 기금분할이 가능한지
2025-09-10 23:50:51,581 - INFO - [scripts.interpretation.logic.interpretation_scraper] -   - [32/50] Processing item: javascript:cgmExpcView('15768', '350101');return false;
2025-09-10 23:50:51,604 - WARNING - [scripts.interpretation.logic.interpretation_scraper] - Subtitle parsing failed for: [고용노동부 근기 68207-546, 2003. 5. 2.]
2025-09-10 23:50:51,672 - INFO - [scripts.interpretation.logic.interpretation_scraper] -   - Extraction successful: 2개사의 합병 후 명예퇴직을 대상자로 분류된 자에 대한 대기발령을 사용자의 귀책사유로 인한 휴업으로 볼 수 있는지
2025-09-10 23:50:53,081 - INFO - [scripts.interpretation.logic.interpretation_scraper] -   - [33/50] Processing item: javascript:cgmExpcView('26824', '350101');return false;
2025-09-10 23:50:53,104 - WARNING - [scripts.interpretation.logic.interpretation_scraper] - Subtitle parsing failed for: [고용노동부 고용차별개선정책과-330, 2009. 2. 17.]
2025-09-10 23:50:53,172 - INFO - [scripts.interpretation.logic.interpretation_scraper] -   - Extraction successful: 2개의 사업장에서 근무하는 경우 어느 사업장을 기준으로 단시간근로자의 소정근로시간을 산정해야 하는지
2025-09-10 23:50:54,593 - INFO - [scripts.interpretation.logic.interpretation_scraper] -   - [34/50] Processing item: javascript:cgmExpcView('29454', '350101');return false;
2025-09-10 23:50:54,620 - WARNING - [scripts.interpretation.logic.interpretation_scraper] - Subtitle parsing failed for: [고용노동부 노사관계법제팀-309, 2007. 1. 26.]
2025-09-10 23:50:54,705 - INFO - [scripts.interpretation.logic.interpretation_scraper] -   - Extraction successful: 2개의 사업장이 이전·통합할 경우 노동조합 존속 여부
2025-09-10 23:50:56,093 - INFO - [scripts.interpretation.logic.interpretation_scraper] -   - [35/50] Processing item: javascript:cgmExpcView('8306', '350101');return false;
2025-09-10 23:50:56,145 - WARNING - [scripts.interpretation.logic.interpretation_scraper] - Subtitle parsing failed for: [고용노동부 안정 68307-584, 2001. 7. 6.]
2025-09-10 23:50:56,268 - INFO - [scripts.interpretation.logic.interpretation_scraper] -   - Extraction successful: 2개의 지정기관이 합병하는 경우 타당성 여부 및 시설기준
2025-09-10 23:50:57,244 - INFO - [scripts.interpretation.logic.interpretation_scraper] -   - [36/50] Processing item: javascript:cgmExpcView('22008', '350101');return false;
2025-09-10 23:50:57,292 - WARNING - [scripts.interpretation.logic.interpretation_scraper] - Subtitle parsing failed for: [고용노동부 인적자원개발과-1082, 2009. 7. 24.]
2025-09-10 23:50:57,346 - INFO - [scripts.interpretation.logic.interpretation_scraper] -   - Extraction successful: 2개의 직업능력개발훈련시설의 대표자가 동일인인 경우에 어느 하나의 시설이 위탁제한 등의 처분을 받은 경우에 다른 훈련시설에 까지 처분의 효력이 미치는 지 여부
2025-09-10 23:50:58,381 - INFO - [scripts.interpretation.logic.interpretation_scraper] -   - [37/50] Processing item: javascript:cgmExpcView('213862', '350101');return false;
2025-09-10 23:50:58,422 - WARNING - [scripts.interpretation.logic.interpretation_scraper] - Subtitle parsing failed for: [고용노동부 노사관계법제과-649, 2010. 9. 3.]
2025-09-10 23:50:58,537 - INFO - [scripts.interpretation.logic.interpretation_scraper] -   - Extraction successful: 2개 이상 노조가 조직되어 있는 경우 조합원수 산정시점과 방법
2025-09-10 23:51:00,029 - INFO - [scripts.interpretation.logic.interpretation_scraper] -   - [38/50] Processing item: javascript:cgmExpcView('13156', '350101');return false;
2025-09-10 23:51:00,080 - WARNING - [scripts.interpretation.logic.interpretation_scraper] - Subtitle parsing failed for: [고용노동부 노사관계법제과-649, 2010. 9. 3.]
2025-09-10 23:51:00,132 - INFO - [scripts.interpretation.logic.interpretation_scraper] -   - Extraction successful: 2개 이상 노조가 조직되어 있는 경우 조합원수 산정 시점과 방법
2025-09-10 23:51:01,408 - INFO - [scripts.interpretation.logic.interpretation_scraper] -   - [39/50] Processing item: javascript:cgmExpcView('8440', '350101');return false;
2025-09-10 23:51:01,436 - WARNING - [scripts.interpretation.logic.interpretation_scraper] - Subtitle parsing failed for: [고용노동부 인자68500-899, 2001. 7. 25.]
2025-09-10 23:51:01,494 - INFO - [scripts.interpretation.logic.interpretation_scraper] -   - Extraction successful: 2개 이상의 훈련기관이 훈련과 관련한 업무제휴계약을 체결 하고 진행하는 직업능력개발훈련과정에 대해 지정이 가능한지?
2025-09-10 23:51:01,997 - INFO - [scripts.interpretation.logic.interpretation_scraper] -   - [40/50] Processing item: javascript:cgmExpcView('314044', '350101');return false;
2025-09-10 23:51:02,027 - WARNING - [scripts.interpretation.logic.interpretation_scraper] - Subtitle parsing failed for: [고용노동부 인자68500-899, 2001. 7. 25.]
2025-09-10 23:51:02,083 - INFO - [scripts.interpretation.logic.interpretation_scraper] -   - Extraction successful: 2개 이상의 훈련기관이 훈련과 관련한 업무제휴계약을 체결하고 진행하는 직업능력개발훈련과정에 대해 인정이 가능한지
2025-09-10 23:51:03,293 - INFO - [scripts.interpretation.logic.interpretation_scraper] -   - [41/50] Processing item: javascript:cgmExpcView('29382', '350101');return false;
2025-09-10 23:51:03,310 - WARNING - [scripts.interpretation.logic.interpretation_scraper] - Subtitle parsing failed for: [고용노동부 산안건안) 68307-250, 2003. 8. 20.]
2025-09-10 23:51:03,366 - INFO - [scripts.interpretation.logic.interpretation_scraper] -   - Extraction successful: 2개 현장에 선임된 안전관리자 인건비 정산 방법
2025-09-10 23:51:04,187 - INFO - [scripts.interpretation.logic.interpretation_scraper] -   - [42/50] Processing item: javascript:cgmExpcView('15016', '350101');return false;
2025-09-10 23:51:04,214 - WARNING - [scripts.interpretation.logic.interpretation_scraper] - Subtitle parsing failed for: [고용노동부 산안(건안) 68307-250, 2003. 8. 20.]
2025-09-10 23:51:04,277 - INFO - [scripts.interpretation.logic.interpretation_scraper] -   - Extraction successful: 2개 현장에 선임된 안전관리자 인건비 정산 방법
2025-09-10 23:51:05,510 - INFO - [scripts.interpretation.logic.interpretation_scraper] -   - [43/50] Processing item: javascript:cgmExpcView('17362', '350101');return false;
2025-09-10 23:51:05,538 - WARNING - [scripts.interpretation.logic.interpretation_scraper] - Subtitle parsing failed for: [고용노동부 근기 68207-546, 2003. 5. 2.]
2025-09-10 23:51:05,599 - INFO - [scripts.interpretation.logic.interpretation_scraper] -   - Extraction successful: 2개 회사의 합병 후 명예퇴직 대상자로 분류된 자에 대한 대기발령을 사용자의 귀책사유로 인한 휴업으로 볼 수 있는지
2025-09-10 23:51:06,198 - INFO - [scripts.interpretation.logic.interpretation_scraper] -   - [44/50] Processing item: javascript:cgmExpcView('17364', '350101');return false;
2025-09-10 23:51:06,226 - WARNING - [scripts.interpretation.logic.interpretation_scraper] - Subtitle parsing failed for: [고용노동부 노사협력정책과-3808, 2009. 10. 23.]
2025-09-10 23:51:06,293 - INFO - [scripts.interpretation.logic.interpretation_scraper] -   - Extraction successful: 2개 회사 통합으로 1사 2노조가 된 경우 노사협의회 설치방법(Ⅰ)
2025-09-10 23:51:06,881 - INFO - [scripts.interpretation.logic.interpretation_scraper] -   - [45/50] Processing item: javascript:cgmExpcView('12548', '350101');return false;
2025-09-10 23:51:06,903 - WARNING - [scripts.interpretation.logic.interpretation_scraper] - Subtitle parsing failed for: [고용노동부 노사협력정책과-3999, 2009. 11. 17.]
2025-09-10 23:51:06,969 - INFO - [scripts.interpretation.logic.interpretation_scraper] -   - Extraction successful: 2개 회사 통합으로 1사 2노조가 된 경우 노사협의회 설치방법(Ⅱ)
2025-09-10 23:51:08,184 - INFO - [scripts.interpretation.logic.interpretation_scraper] -   - [46/50] Processing item: javascript:cgmExpcView('2302', '350101');return false;
2025-09-10 23:51:08,209 - WARNING - [scripts.interpretation.logic.interpretation_scraper] - Subtitle parsing failed for: [고용노동부 근로기준과-5410, 2004. 10. 11.]
2025-09-10 23:51:08,271 - INFO - [scripts.interpretation.logic.interpretation_scraper] -   - Extraction successful: 2교대 근무를 함에 있어 근무조별로 다른 요일이 주휴일에 해당함에 따라 할증임금 적용을 서로 다르게 할 수 있는지
2025-09-10 23:51:09,680 - INFO - [scripts.interpretation.logic.interpretation_scraper] -   - [47/50] Processing item: javascript:cgmExpcView('314780', '350101');return false;
2025-09-10 23:51:09,709 - WARNING - [scripts.interpretation.logic.interpretation_scraper] - Subtitle parsing failed for: [고용노동부 근로기준과-5410, 2004. 10. 11.]
2025-09-10 23:51:09,755 - INFO - [scripts.interpretation.logic.interpretation_scraper] -   - Extraction successful: 2교대 근무를 함에 있어 근무조별로 다른 요일이 주휴일에 해당함에 따라 할증임금 적용을 서로 다르게 할 수 있는지
2025-09-10 23:51:10,433 - INFO - [scripts.interpretation.logic.interpretation_scraper] -   - [48/50] Processing item: javascript:cgmExpcView('22446', '350101');return false;
2025-09-10 23:51:10,458 - WARNING - [scripts.interpretation.logic.interpretation_scraper] - Subtitle parsing failed for: [고용노동부 근기 68207-3014, 2002. 10. 7.]
2025-09-10 23:51:10,521 - INFO - [scripts.interpretation.logic.interpretation_scraper] -   - Extraction successful: 2근무일 1휴무일 형태의 복격일제 근로형태에서 특정근로일과 휴무일 중 하루를 휴가로 사용할 경우 휴가 사용일수는
2025-09-10 23:51:11,073 - INFO - [scripts.interpretation.logic.interpretation_scraper] -   - [49/50] Processing item: javascript:cgmExpcView('2154', '350101');return false;
2025-09-10 23:51:11,094 - WARNING - [scripts.interpretation.logic.interpretation_scraper] - Subtitle parsing failed for: [고용노동부 고용차별개선과-1352, 2013. 7. 11.]
2025-09-10 23:51:11,154 - INFO - [scripts.interpretation.logic.interpretation_scraper] -   - Extraction successful: 2년(’11.1.1.~’12.12.31.)의 기간을 정하여 근로계약을 체결 - 최초 1년간의 근로에 대하여 발생한 연차 유급휴가를 ’12.1.1.부터 12.31. 까지의 기간 중 사용하여야 하나 미사용한 경우, 다음 해인 ’13.1.1. 이후 수당으로 지급 - 이 경우 기간제법 시행령 제3조제3항제5호에 따른 예외인지를 판단할 때 ’13.1.1. 발생하는 연차휴가근로수당은 ’12년 근로소득에 포함하여 계산 하여야 하는지
2025-09-10 23:51:11,797 - INFO - [scripts.interpretation.logic.interpretation_scraper] -   - [50/50] Processing item: javascript:cgmExpcView('17374', '350101');return false;
2025-09-10 23:51:11,816 - WARNING - [scripts.interpretation.logic.interpretation_scraper] - Subtitle parsing failed for: [고용노동부 고용차별개선과-307, 2017. 2. 3.]
2025-09-10 23:51:11,876 - INFO - [scripts.interpretation.logic.interpretation_scraper] -   - Extraction successful: 2년 주기로 예술단원들의 평정을 실시, 재위촉할 경우 「기간제법」 저촉여부
2025-09-10 23:51:12,838 - INFO - [scripts.interpretation.logic.interpretation_scraper] - --- Finished page 2 / 2 ---
2025-09-10 23:51:12,961 - INFO - [scripts.interpretation.logic.interpretation_scraper] - Scraping process finished. Data saved to 'data/raw/interpretation/350101/350101_documents.jsonl'
2025-09-10 23:51:12,967 - INFO - [__main__] - 통합 스크레이퍼 완료.
