2025-09-10 23:44:56,542 - INFO - [__main__] - 통합 스크레이퍼 실행...
2025-09-10 23:44:57,035 - INFO - [scripts.interpretation.logic.interpretation_scraper] - 목록 페이지로 이동 중: https://www.law.go.kr/cgmExpcSc.do?menuId=11&subMenuId=729&tabMenuId=773
2025-09-10 23:44:58,563 - INFO - [scripts.interpretation.logic.interpretation_scraper] - 상세검색 패널을 엽니다.
2025-09-10 23:44:58,620 - INFO - [scripts.interpretation.logic.interpretation_scraper] - 소관부처를 코드로 선택합니다: 350101
2025-09-10 23:44:58,633 - INFO - [scripts.interpretation.logic.interpretation_scraper] - 검색 버튼을 클릭하여 필터를 적용합니다.
2025-09-10 23:44:58,643 - INFO - [scripts.interpretation.logic.interpretation_scraper] - 필터가 적용된 페이지 로딩을 기다립니다...
2025-09-10 23:44:59,014 - INFO - [scripts.interpretation.logic.interpretation_scraper] - 필터 적용이 완료되었습니다.
2025-09-10 23:44:59,019 - INFO - [scripts.interpretation.logic.interpretation_scraper] - 총 9574개 항목, 192 페이지를 확인했습니다.
2025-09-10 23:44:59,019 - INFO - [scripts.interpretation.logic.interpretation_scraper] - 사용자 설정에 따라 최대 2 페이지만 크롤링합니다.
2025-09-10 23:44:59,019 - INFO - [scripts.interpretation.logic.interpretation_scraper] - --- 1 / 2 페이지 처리 중 ---
2025-09-10 23:44:59,159 - INFO - [scripts.interpretation.logic.interpretation_scraper] -   - 항목 로딩: cgmExpcView('28212', '350101');
2025-09-10 23:44:59,291 - ERROR - [scripts.interpretation.logic.interpretation_scraper] - 스크레이핑 중 에러 발생: 'Locator' object has no attribute 'tag_name'
Traceback (most recent call last):
  File "/Users/woong/Roeum/roeum-crawler/scripts/interpretation/logic/interpretation_scraper.py", line 140, in scrape_interpretation_data
    tag_name = await element.tag_name()
                     ^^^^^^^^^^^^^^^^
AttributeError: 'Locator' object has no attribute 'tag_name'
2025-09-10 23:44:59,364 - INFO - [scripts.interpretation.logic.interpretation_scraper] - 에러 스크린샷 저장: /Users/woong/Roeum/roeum-crawler/debug/error_screenshot_20250910_234459.png
2025-09-10 23:44:59,375 - INFO - [scripts.interpretation.logic.interpretation_scraper] - 에러 HTML 저장: /Users/woong/Roeum/roeum-crawler/debug/error_page_20250910_234459.html
2025-09-10 23:44:59,395 - INFO - [scripts.interpretation.logic.interpretation_scraper] - 스크레이핑 완료. 데이터는 'data/raw/interpretation/350101/350101_documents.jsonl'에 저장되었습니다.
2025-09-10 23:44:59,398 - INFO - [__main__] - 통합 스크레이퍼 완료.
