2025-09-11 21:35:40,197 - ERROR - [scripts.interpretation.logic.interpretation_scraper] - 처리 중 에러 발생 'javascript:cgmExpcView('314120', '350101');return false;': Locator expected not to have text '1년간 지급받은 상여금을 평균임금 대상금품에 산입하는 방법'
Actual value: 1년간 지급받은 상여금을 평균임금 대상금품에 산입하는 방법 
Call log:
LocatorAssertions.not_to_have_text with timeout 20000ms
  - waiting for locator("#contentBody h2")
  -   locator resolved to <h2>1년간 지급받은 상여금을 평균임금 대상금품에 산입하는 방법</h2>
  -   unexpected value "1년간 지급받은 상여금을 평균임금 대상금품에 산입하는 방법"
  -   locator resolved to <h2>1년간 지급받은 상여금을 평균임금 대상금품에 산입하는 방법</h2>
  -   unexpected value "1년간 지급받은 상여금을 평균임금 대상금품에 산입하는 방법"
  -   locator resolved to <h2>1년간 지급받은 상여금을 평균임금 대상금품에 산입하는 방법</h2>
  -   unexpected value "1년간 지급받은 상여금을 평균임금 대상금품에 산입하는 방법"
  -   locator resolved to <h2>1년간 지급받은 상여금을 평균임금 대상금품에 산입하는 방법</h2>
  -   unexpected value "1년간 지급받은 상여금을 평균임금 대상금품에 산입하는 방법"
  -   locator resolved to <h2>1년간 지급받은 상여금을 평균임금 대상금품에 산입하는 방법</h2>
  -   unexpected value "1년간 지급받은 상여금을 평균임금 대상금품에 산입하는 방법"
  -   locator resolved to <h2>1년간 지급받은 상여금을 평균임금 대상금품에 산입하는 방법</h2>
  -   unexpected value "1년간 지급받은 상여금을 평균임금 대상금품에 산입하는 방법"
  -   locator resolved to <h2>1년간 지급받은 상여금을 평균임금 대상금품에 산입하는 방법</h2>
  -   unexpected value "1년간 지급받은 상여금을 평균임금 대상금품에 산입하는 방법"
  -   locator resolved to <h2>1년간 지급받은 상여금을 평균임금 대상금품에 산입하는 방법</h2>
  -   unexpected value "1년간 지급받은 상여금을 평균임금 대상금품에 산입하는 방법"
  -   locator resolved to <h2>1년간 지급받은 상여금을 평균임금 대상금품에 산입하는 방법</h2>
  -   unexpected value "1년간 지급받은 상여금을 평균임금 대상금품에 산입하는 방법"
  -   locator resolved to <h2>1년간 지급받은 상여금을 평균임금 대상금품에 산입하는 방법</h2>
  -   unexpected value "1년간 지급받은 상여금을 평균임금 대상금품에 산입하는 방법"
  -   locator resolved to <h2>1년간 지급받은 상여금을 평균임금 대상금품에 산입하는 방법</h2>
  -   unexpected value "1년간 지급받은 상여금을 평균임금 대상금품에 산입하는 방법"
  -   locator resolved to <h2>1년간 지급받은 상여금을 평균임금 대상금품에 산입하는 방법</h2>
  -   unexpected value "1년간 지급받은 상여금을 평균임금 대상금품에 산입하는 방법"
  -   locator resolved to <h2>1년간 지급받은 상여금을 평균임금 대상금품에 산입하는 방법</h2>
  -   unexpected value "1년간 지급받은 상여금을 평균임금 대상금품에 산입하는 방법"
  -   locator resolved to <h2>1년간 지급받은 상여금을 평균임금 대상금품에 산입하는 방법</h2>
  -   unexpected value "1년간 지급받은 상여금을 평균임금 대상금품에 산입하는 방법"
  -   locator resolved to <h2>1년간 지급받은 상여금을 평균임금 대상금품에 산입하는 방법</h2>
  -   unexpected value "1년간 지급받은 상여금을 평균임금 대상금품에 산입하는 방법"
  -   locator resolved to <h2>1년간 지급받은 상여금을 평균임금 대상금품에 산입하는 방법</h2>
  -   unexpected value "1년간 지급받은 상여금을 평균임금 대상금품에 산입하는 방법"
  -   locator resolved to <h2>1년간 지급받은 상여금을 평균임금 대상금품에 산입하는 방법</h2>
  -   unexpected value "1년간 지급받은 상여금을 평균임금 대상금품에 산입하는 방법"
  -   locator resolved to <h2>1년간 지급받은 상여금을 평균임금 대상금품에 산입하는 방법</h2>
  -   unexpected value "1년간 지급받은 상여금을 평균임금 대상금품에 산입하는 방법"
  -   locator resolved to <h2>1년간 지급받은 상여금을 평균임금 대상금품에 산입하는 방법</h2>
  -   unexpected value "1년간 지급받은 상여금을 평균임금 대상금품에 산입하는 방법"
  -   locator resolved to <h2>1년간 지급받은 상여금을 평균임금 대상금품에 산입하는 방법</h2>
  -   unexpected value "1년간 지급받은 상여금을 평균임금 대상금품에 산입하는 방법"
  -   locator resolved to <h2>1년간 지급받은 상여금을 평균임금 대상금품에 산입하는 방법</h2>
  -   unexpected value "1년간 지급받은 상여금을 평균임금 대상금품에 산입하는 방법"
  -   locator resolved to <h2>1년간 지급받은 상여금을 평균임금 대상금품에 산입하는 방법</h2>
  -   unexpected value "1년간 지급받은 상여금을 평균임금 대상금품에 산입하는 방법"
  -   locator resolved to <h2>1년간 지급받은 상여금을 평균임금 대상금품에 산입하는 방법</h2>
  -   unexpected value "1년간 지급받은 상여금을 평균임금 대상금품에 산입하는 방법"
Traceback (most recent call last):
  File "/Users/woong/Roeum/roeum-crawler/scripts/interpretation/logic/interpretation_scraper.py", line 159, in scrape_interpretation_data
    await expect(detail_title_locator).not_to_have_text(last_known_title, timeout=20000)
  File "/Users/woong/Roeum/roeum-crawler/.venv/lib/python3.11/site-packages/playwright/async_api/_generated.py", line 19211, in not_to_have_text
    await self._impl_obj.not_to_have_text(
  File "/Users/woong/Roeum/roeum-crawler/.venv/lib/python3.11/site-packages/playwright/_impl/_assertions.py", line 506, in not_to_have_text
    await self._not.to_have_text(expected, useInnerText, timeout, ignoreCase)
  File "/Users/woong/Roeum/roeum-crawler/.venv/lib/python3.11/site-packages/playwright/_impl/_assertions.py", line 481, in to_have_text
    await self._expect_impl(
  File "/Users/woong/Roeum/roeum-crawler/.venv/lib/python3.11/site-packages/playwright/_impl/_assertions.py", line 74, in _expect_impl
    raise AssertionError(
AssertionError: Locator expected not to have text '1년간 지급받은 상여금을 평균임금 대상금품에 산입하는 방법'
Actual value: 1년간 지급받은 상여금을 평균임금 대상금품에 산입하는 방법 
Call log:
LocatorAssertions.not_to_have_text with timeout 20000ms
  - waiting for locator("#contentBody h2")
  -   locator resolved to <h2>1년간 지급받은 상여금을 평균임금 대상금품에 산입하는 방법</h2>
  -   unexpected value "1년간 지급받은 상여금을 평균임금 대상금품에 산입하는 방법"
  -   locator resolved to <h2>1년간 지급받은 상여금을 평균임금 대상금품에 산입하는 방법</h2>
  -   unexpected value "1년간 지급받은 상여금을 평균임금 대상금품에 산입하는 방법"
  -   locator resolved to <h2>1년간 지급받은 상여금을 평균임금 대상금품에 산입하는 방법</h2>
  -   unexpected value "1년간 지급받은 상여금을 평균임금 대상금품에 산입하는 방법"
  -   locator resolved to <h2>1년간 지급받은 상여금을 평균임금 대상금품에 산입하는 방법</h2>
  -   unexpected value "1년간 지급받은 상여금을 평균임금 대상금품에 산입하는 방법"
  -   locator resolved to <h2>1년간 지급받은 상여금을 평균임금 대상금품에 산입하는 방법</h2>
  -   unexpected value "1년간 지급받은 상여금을 평균임금 대상금품에 산입하는 방법"
  -   locator resolved to <h2>1년간 지급받은 상여금을 평균임금 대상금품에 산입하는 방법</h2>
  -   unexpected value "1년간 지급받은 상여금을 평균임금 대상금품에 산입하는 방법"
  -   locator resolved to <h2>1년간 지급받은 상여금을 평균임금 대상금품에 산입하는 방법</h2>
  -   unexpected value "1년간 지급받은 상여금을 평균임금 대상금품에 산입하는 방법"
  -   locator resolved to <h2>1년간 지급받은 상여금을 평균임금 대상금품에 산입하는 방법</h2>
  -   unexpected value "1년간 지급받은 상여금을 평균임금 대상금품에 산입하는 방법"
  -   locator resolved to <h2>1년간 지급받은 상여금을 평균임금 대상금품에 산입하는 방법</h2>
  -   unexpected value "1년간 지급받은 상여금을 평균임금 대상금품에 산입하는 방법"
  -   locator resolved to <h2>1년간 지급받은 상여금을 평균임금 대상금품에 산입하는 방법</h2>
  -   unexpected value "1년간 지급받은 상여금을 평균임금 대상금품에 산입하는 방법"
  -   locator resolved to <h2>1년간 지급받은 상여금을 평균임금 대상금품에 산입하는 방법</h2>
  -   unexpected value "1년간 지급받은 상여금을 평균임금 대상금품에 산입하는 방법"
  -   locator resolved to <h2>1년간 지급받은 상여금을 평균임금 대상금품에 산입하는 방법</h2>
  -   unexpected value "1년간 지급받은 상여금을 평균임금 대상금품에 산입하는 방법"
  -   locator resolved to <h2>1년간 지급받은 상여금을 평균임금 대상금품에 산입하는 방법</h2>
  -   unexpected value "1년간 지급받은 상여금을 평균임금 대상금품에 산입하는 방법"
  -   locator resolved to <h2>1년간 지급받은 상여금을 평균임금 대상금품에 산입하는 방법</h2>
  -   unexpected value "1년간 지급받은 상여금을 평균임금 대상금품에 산입하는 방법"
  -   locator resolved to <h2>1년간 지급받은 상여금을 평균임금 대상금품에 산입하는 방법</h2>
  -   unexpected value "1년간 지급받은 상여금을 평균임금 대상금품에 산입하는 방법"
  -   locator resolved to <h2>1년간 지급받은 상여금을 평균임금 대상금품에 산입하는 방법</h2>
  -   unexpected value "1년간 지급받은 상여금을 평균임금 대상금품에 산입하는 방법"
  -   locator resolved to <h2>1년간 지급받은 상여금을 평균임금 대상금품에 산입하는 방법</h2>
  -   unexpected value "1년간 지급받은 상여금을 평균임금 대상금품에 산입하는 방법"
  -   locator resolved to <h2>1년간 지급받은 상여금을 평균임금 대상금품에 산입하는 방법</h2>
  -   unexpected value "1년간 지급받은 상여금을 평균임금 대상금품에 산입하는 방법"
  -   locator resolved to <h2>1년간 지급받은 상여금을 평균임금 대상금품에 산입하는 방법</h2>
  -   unexpected value "1년간 지급받은 상여금을 평균임금 대상금품에 산입하는 방법"
  -   locator resolved to <h2>1년간 지급받은 상여금을 평균임금 대상금품에 산입하는 방법</h2>
  -   unexpected value "1년간 지급받은 상여금을 평균임금 대상금품에 산입하는 방법"
  -   locator resolved to <h2>1년간 지급받은 상여금을 평균임금 대상금품에 산입하는 방법</h2>
  -   unexpected value "1년간 지급받은 상여금을 평균임금 대상금품에 산입하는 방법"
  -   locator resolved to <h2>1년간 지급받은 상여금을 평균임금 대상금품에 산입하는 방법</h2>
  -   unexpected value "1년간 지급받은 상여금을 평균임금 대상금품에 산입하는 방법"
  -   locator resolved to <h2>1년간 지급받은 상여금을 평균임금 대상금품에 산입하는 방법</h2>
  -   unexpected value "1년간 지급받은 상여금을 평균임금 대상금품에 산입하는 방법"

