2025-09-10 23:34:55,491 - INFO - [__main__] - 통합 스크레이퍼 실행...
2025-09-10 23:34:56,467 - INFO - [scripts.interpretation.logic.interpretation_scraper] - 목록 페이지로 이동 중: https://www.law.go.kr/cgmExpcSc.do?menuId=11&subMenuId=729&tabMenuId=773
2025-09-10 23:34:58,317 - INFO - [scripts.interpretation.logic.interpretation_scraper] - 상세검색 패널을 엽니다.
2025-09-10 23:34:58,381 - INFO - [scripts.interpretation.logic.interpretation_scraper] - 소관부처를 코드로 선택합니다: 350101
2025-09-10 23:34:58,398 - INFO - [scripts.interpretation.logic.interpretation_scraper] - 검색 버튼을 클릭하여 필터를 적용합니다.
2025-09-10 23:34:58,412 - INFO - [scripts.interpretation.logic.interpretation_scraper] - 필터가 적용된 페이지 로딩을 기다립니다...
2025-09-10 23:34:58,785 - INFO - [scripts.interpretation.logic.interpretation_scraper] - 필터 적용이 완료되었습니다.
2025-09-10 23:34:58,790 - INFO - [scripts.interpretation.logic.interpretation_scraper] - 총 9574개 항목, 192 페이지를 확인했습니다.
2025-09-10 23:34:58,790 - INFO - [scripts.interpretation.logic.interpretation_scraper] - 사용자 설정에 따라 최대 2 페이지만 크롤링합니다.
2025-09-10 23:34:58,790 - INFO - [scripts.interpretation.logic.interpretation_scraper] - --- 1 / 2 페이지 처리 중 ---
2025-09-10 23:34:59,015 - INFO - [scripts.interpretation.logic.interpretation_scraper] -   - 항목 로딩: javascript:cgmExpcView('28212', '350101');return false;
2025-09-10 23:34:59,018 - ERROR - [scripts.interpretation.logic.interpretation_scraper] - 스크레이핑 중 에러 발생: Page.evaluate: SyntaxError: Illegal return statement
    at eval (<anonymous>)
    at UtilityScript.evaluate (<anonymous>:234:30)
    at UtilityScript.<anonymous> (<anonymous>:1:44)
Traceback (most recent call last):
  File "/Users/woong/Roeum/roeum-crawler/scripts/interpretation/logic/interpretation_scraper.py", line 118, in scrape_interpretation_data
    await page.evaluate(onclick_attr)
  File "/Users/woong/Roeum/roeum-crawler/.venv/lib/python3.11/site-packages/playwright/async_api/_generated.py", line 8327, in evaluate
    await self._impl_obj.evaluate(
  File "/Users/woong/Roeum/roeum-crawler/.venv/lib/python3.11/site-packages/playwright/_impl/_page.py", line 440, in evaluate
    return await self._main_frame.evaluate(expression, arg)
           ^^^^^^^^^^^^^^^^^^^^^^^^^^^^^^^^^^^^^^^^^^^^^^^^
  File "/Users/woong/Roeum/roeum-crawler/.venv/lib/python3.11/site-packages/playwright/_impl/_frame.py", line 278, in evaluate
    await self._channel.send(
  File "/Users/woong/Roeum/roeum-crawler/.venv/lib/python3.11/site-packages/playwright/_impl/_connection.py", line 59, in send
    return await self._connection.wrap_api_call(
           ^^^^^^^^^^^^^^^^^^^^^^^^^^^^^^^^^^^^^
  File "/Users/woong/Roeum/roeum-crawler/.venv/lib/python3.11/site-packages/playwright/_impl/_connection.py", line 514, in wrap_api_call
    raise rewrite_error(error, f"{parsed_st['apiName']}: {error}") from None
playwright._impl._errors.Error: Page.evaluate: SyntaxError: Illegal return statement
    at eval (<anonymous>)
    at UtilityScript.evaluate (<anonymous>:234:30)
    at UtilityScript.<anonymous> (<anonymous>:1:44)
2025-09-10 23:34:59,097 - INFO - [scripts.interpretation.logic.interpretation_scraper] - 에러 스크린샷 저장: /Users/woong/Roeum/roeum-crawler/debug/error_screenshot_20250910_233459.png
2025-09-10 23:34:59,109 - INFO - [scripts.interpretation.logic.interpretation_scraper] - 에러 HTML 저장: /Users/woong/Roeum/roeum-crawler/debug/error_page_20250910_233459.html
2025-09-10 23:34:59,136 - INFO - [scripts.interpretation.logic.interpretation_scraper] - 스크레이핑 완료. 데이터는 'data/raw/interpretation/350101/350101_documents.jsonl'에 저장되었습니다.
2025-09-10 23:34:59,139 - INFO - [__main__] - 통합 스크레이퍼 완료.
