2025-09-08 23:11:28,639 - ERROR - [scripts.interpretation.logic.list_scraper] - 목록 스크레이핑 중 에러 발생: Page.select_option: Timeout 30000ms exceeded.
Call log:
waiting for locator("select#pageUnit")
Traceback (most recent call last):
  File "/Users/woong/Roeum/roeum-crawler/scripts/interpretation/logic/list_scraper.py", line 64, in fetch_urls
    await page.select_option('select#pageUnit', value='50')
  File "/Users/woong/Roeum/roeum-crawler/.venv/lib/python3.11/site-packages/playwright/async_api/_generated.py", line 10768, in select_option
    await self._impl_obj.select_option(
  File "/Users/woong/Roeum/roeum-crawler/.venv/lib/python3.11/site-packages/playwright/_impl/_page.py", line 956, in select_option
    return await self._main_frame.select_option(**params)
           ^^^^^^^^^^^^^^^^^^^^^^^^^^^^^^^^^^^^^^^^^^^^^^
  File "/Users/woong/Roeum/roeum-crawler/.venv/lib/python3.11/site-packages/playwright/_impl/_frame.py", line 679, in select_option
    return await self._channel.send("selectOption", params)
           ^^^^^^^^^^^^^^^^^^^^^^^^^^^^^^^^^^^^^^^^^^^^^^^^
  File "/Users/woong/Roeum/roeum-crawler/.venv/lib/python3.11/site-packages/playwright/_impl/_connection.py", line 59, in send
    return await self._connection.wrap_api_call(
           ^^^^^^^^^^^^^^^^^^^^^^^^^^^^^^^^^^^^^
  File "/Users/woong/Roeum/roeum-crawler/.venv/lib/python3.11/site-packages/playwright/_impl/_connection.py", line 514, in wrap_api_call
    raise rewrite_error(error, f"{parsed_st['apiName']}: {error}") from None
playwright._impl._errors.TimeoutError: Page.select_option: Timeout 30000ms exceeded.
Call log:
waiting for locator("select#pageUnit")

2025-09-08 23:11:28,669 - WARNING - [__main__] - 추출된 URL이 없습니다.
