2025-09-08 23:03:44,269 - INFO - [scripts.interpretation.logic.list_scraper] - 목록 페이지로 이동 중: https://www.law.go.kr/cgmExpcSc.do?menuId=11&subMenuId=729&tabMenuId=773
2025-09-08 23:03:45,602 - INFO - [scripts.interpretation.logic.list_scraper] - 상세검색 패널을 엽니다.
2025-09-08 23:03:45,716 - INFO - [scripts.interpretation.logic.list_scraper] - 소관부처를 코드로 선택합니다: 350101
2025-09-08 23:03:50,721 - INFO - [scripts.interpretation.logic.list_scraper] - 에러 발생! 디버깅을 위해 스크린샷과 HTML을 저장합니다.
2025-09-08 23:03:50,721 - INFO - [scripts.interpretation.logic.list_scraper] -   - 스크린샷: /Users/woong/Roeum/roeum-crawler/debug/error_screenshot_20250908_230350.png
2025-09-08 23:03:50,721 - INFO - [scripts.interpretation.logic.list_scraper] -   - HTML: /Users/woong/Roeum/roeum-crawler/debug/error_page_20250908_230350.html
2025-09-08 23:03:50,835 - ERROR - [scripts.interpretation.logic.list_scraper] - 목록 스크레이핑 중 에러 발생: Page.wait_for_selector: Timeout 5000ms exceeded.
Call log:
waiting for locator("select#cptOfiCd") to be visible
Traceback (most recent call last):
  File "/Users/woong/Roeum/roeum-crawler/scripts/interpretation/logic/list_scraper.py", line 53, in fetch_urls
    await page.wait_for_selector('select#cptOfiCd', state='visible', timeout=5000)
  File "/Users/woong/Roeum/roeum-crawler/.venv/lib/python3.11/site-packages/playwright/async_api/_generated.py", line 7994, in wait_for_selector
    await self._impl_obj.wait_for_selector(
  File "/Users/woong/Roeum/roeum-crawler/.venv/lib/python3.11/site-packages/playwright/_impl/_page.py", line 397, in wait_for_selector
    return await self._main_frame.wait_for_selector(**locals_to_params(locals()))
           ^^^^^^^^^^^^^^^^^^^^^^^^^^^^^^^^^^^^^^^^^^^^^^^^^^^^^^^^^^^^^^^^^^^^^^
  File "/Users/woong/Roeum/roeum-crawler/.venv/lib/python3.11/site-packages/playwright/_impl/_frame.py", line 323, in wait_for_selector
    await self._channel.send("waitForSelector", locals_to_params(locals()))
  File "/Users/woong/Roeum/roeum-crawler/.venv/lib/python3.11/site-packages/playwright/_impl/_connection.py", line 59, in send
    return await self._connection.wrap_api_call(
           ^^^^^^^^^^^^^^^^^^^^^^^^^^^^^^^^^^^^^
  File "/Users/woong/Roeum/roeum-crawler/.venv/lib/python3.11/site-packages/playwright/_impl/_connection.py", line 514, in wrap_api_call
    raise rewrite_error(error, f"{parsed_st['apiName']}: {error}") from None
playwright._impl._errors.TimeoutError: Page.wait_for_selector: Timeout 5000ms exceeded.
Call log:
waiting for locator("select#cptOfiCd") to be visible

2025-09-08 23:03:50,862 - WARNING - [__main__] - 추출된 URL이 없습니다.
