2025-09-08 23:17:34,569 - INFO - [scripts.interpretation.logic.list_scraper] - 목록 페이지로 이동 중: https://www.law.go.kr/cgmExpcSc.do?menuId=11&subMenuId=729&tabMenuId=773
2025-09-08 23:17:35,930 - INFO - [scripts.interpretation.logic.list_scraper] - 상세검색 패널을 엽니다.
2025-09-08 23:17:35,993 - INFO - [scripts.interpretation.logic.list_scraper] - 소관부처를 코드로 선택합니다: 350101
2025-09-08 23:17:36,005 - INFO - [scripts.interpretation.logic.list_scraper] - 검색 버튼을 클릭하여 필터를 적용합니다.
2025-09-08 23:17:36,018 - INFO - [scripts.interpretation.logic.list_scraper] - 필터가 적용된 페이지 로딩을 기다립니다...
2025-09-08 23:17:36,388 - INFO - [scripts.interpretation.logic.list_scraper] - 필터 적용이 완료되었습니다.
2025-09-08 23:17:36,392 - INFO - [scripts.interpretation.logic.list_scraper] - 총 9574개 항목, 192 페이지를 확인했습니다.
2025-09-08 23:17:36,392 - INFO - [scripts.interpretation.logic.list_scraper] - 사용자 설정에 따라 최대 2 페이지만 크롤링합니다.
2025-09-08 23:17:36,392 - INFO - [scripts.interpretation.logic.list_scraper] - --- 1 / 2 페이지 처리 중 ---
2025-09-08 23:17:36,425 - INFO - [scripts.interpretation.logic.list_scraper] -   - 발견: 06.1.1 이후 채용시 건강진단 비용의 산업안전보건관리비 사용가능 여부 [고용노동부 산업안전팀-1961, 2005.12.28.]
2025-09-08 23:17:36,429 - INFO - [scripts.interpretation.logic.list_scraper] -   - 발견: ‘06.5.18자로 직업안정법 제21조 위반으로 등록취소된 사업자의 딸이 다른 장소에 유료직업소개등록신청시 신규등록을 받아주어야 하는 지 여부 [고용노동부 고용서비스혁신단-4297, 2006.07.20.]
2025-09-08 23:17:36,433 - INFO - [scripts.interpretation.logic.list_scraper] -   - 발견: 100분의 80이상 이수후 취업자에 대한 훈련수당 지급여부 [고용노동부 인자 68500-102, 2003.03.04.]
2025-09-08 23:17:36,438 - INFO - [scripts.interpretation.logic.list_scraper] -   - 발견: 100억원 이상 하도급 계약 안전관리자 선임 [고용노동부 산업안전과-5978, 2020.12.28.]
2025-09-08 23:17:36,442 - INFO - [scripts.interpretation.logic.list_scraper] -   - 발견: 10인 미만 사업장 취업규칙의 효력 등 관련 행정해석 변경 [고용노동부 근로기준팀-2046, 2005.12.28.]
2025-09-08 23:17:36,445 - INFO - [scripts.interpretation.logic.list_scraper] -   - 발견: 10인 미만의 사업장에서 취업규칙을 불이익하게 변경하는 경우에도 근로자의 집단적 동의를 얻어야 하는지 [고용노동부 근기 68207-1980, 2001.06.19.]
2025-09-08 23:17:36,448 - INFO - [scripts.interpretation.logic.list_scraper] -   - 발견: 10. 표창과 제재에 관한 사항11. 기타 당해 사업 또는 사업장의 근로자 전체에 적용될 사항 요점지역의료보험조합운영규정이 취업규칙에 해당하는지 여부 [고용노동부 근기 68207-1886, 1995.11.21.]
2025-09-08 23:17:36,452 - INFO - [scripts.interpretation.logic.list_scraper] -   - 발견: 114안내 재택근무요원이 근로자인지 여부 [고용노동부 근기 68207-1940, 2000.06.27.]
2025-09-08 23:17:36,455 - INFO - [scripts.interpretation.logic.list_scraper] -   - 발견: 119안전센터장이 업무총괄자에 해당하는지 여부 [고용노동부 공무원노사관계과－1959, 2021.08.31.]
2025-09-08 23:17:36,459 - INFO - [scripts.interpretation.logic.list_scraper] -   - 발견: 120억원 미만 2개현장 안전관리자 중복 배치여부 [고용노동부 산안건안) 68307-10588, 2001.12.04.]
2025-09-08 23:17:36,462 - INFO - [scripts.interpretation.logic.list_scraper] -   - 발견: 120억원 미만 2개 현장 안전관리자 중복 배치여부 [고용노동부 산안(건안) 68307-10588, 2001.12.04.]
2025-09-08 23:17:36,466 - INFO - [scripts.interpretation.logic.list_scraper] -   - 발견: 154KV관련 공사의 공사종류 등에 대한 회시 [고용노동부 산업안전팀-2687, 2007.05.29.]
2025-09-08 23:17:36,471 - INFO - [scripts.interpretation.logic.list_scraper] -   - 발견: ’18년 아동복지교사 지원사업을 위한 근로자 채용에 따른 질의 [고용노동부 고용차별개선과-3165, 2017.12.29.]
2025-09-08 23:17:36,474 - INFO - [scripts.interpretation.logic.list_scraper] -   - 발견: 1992.7월부터 1996.6월까지 약 4년간 법인체 직업안내소 대표이사로 근무한 경력이 있어, 다른 직업안내소에 상담직원으로 취업을 하고자 하는데 대표이사로 근무한 경력을 상담업무에 종사한 경력으로 인정할 수 있는 여부 [고용노동부 고관 68440-440, 1996.08.01.]
2025-09-08 23:17:36,477 - INFO - [scripts.interpretation.logic.list_scraper] -   - 발견: 1m 이상 계단폭에서 제외되는 급유용 . 보수용 . 비상용 계단의 의미 [고용노동부 산안 68320-96, 2001.02.20.]
2025-09-08 23:17:36,482 - INFO - [scripts.interpretation.logic.list_scraper] -   - 발견: 1개 병원은 노동조합의 대표자가 근로자대표로, 1개 병원은 자체 선출된 사람이 각각 산업안전보건위원회 근로자 대표로 되어 있을 경우 노동조합 대표자가 다른 사업장의 근로자위원 교체를 요구할 수 있는지 여부 등 [고용노동부 산재예방정책과-331, 2012.01.18.]
2025-09-08 23:17:36,485 - INFO - [scripts.interpretation.logic.list_scraper] -   - 발견: 1개월을 초과하는 주기로 지급하는 임금을 총액의 변동 없이 매월지급하는 것으로 취업규칙을 변경할 때 유효 요건 [고용노동부 근로기준정책과-5546, 2019.11.04.]
2025-09-08 23:17:36,489 - INFO - [scripts.interpretation.logic.list_scraper] -   - 발견: 1개회사에 2개의 기금설립 가능여부 [고용노동부 임금 32240-446, 1992.06.11.]
2025-09-08 23:17:36,493 - INFO - [scripts.interpretation.logic.list_scraper] -   - 발견: 1년간 8할미만 출근자 연차유급휴가 사용촉진의 대상 여부 [고용노동부 근로기준정책과-3084, 2015.07.13.]
2025-09-08 23:17:36,496 - INFO - [scripts.interpretation.logic.list_scraper] -   - 발견: 1년간 근속한 근로자가 연차유급휴가를 청구할 수 있는지 여부 [고용노동부 근기 68207-2140, 2000.07.18.]
2025-09-08 23:17:36,499 - INFO - [scripts.interpretation.logic.list_scraper] -   - 발견: 1년간의 연장·야간·휴일근로시간을 계산하여 다음연도에 선택적 보상휴가를 부여하고 미사용분에 대하여 그 다음연도에 금전보상하는 내용의 노사합의가 유효한지 [고용노동부 근로기준과-779, 2005.02.14.]
2025-09-08 23:17:36,503 - INFO - [scripts.interpretation.logic.list_scraper] -   - 발견: 1 년간 정년연장하는 조합원의 자격유지 여부 [고용노동부 퇴직연금복지과-795, 2008.12.29.]
2025-09-08 23:17:36,507 - INFO - [scripts.interpretation.logic.list_scraper] -   - 발견: 1년간 정년연장하는 조합원의 자격유지 여부 [고용노동부 퇴직연금복지과-795, 2008.12.29.]
2025-09-08 23:17:36,512 - INFO - [scripts.interpretation.logic.list_scraper] -   - 발견: 1년간 지급받은 상여금을 평균임금 대상금품에 산입하는 방법 [고용노동부 임금 68207-120, 2003.02.24.]
2025-09-08 23:17:36,516 - INFO - [scripts.interpretation.logic.list_scraper] -   - 발견: 1년간 지급받은 상여금을 평균임금 대상금품에 산입하는 방법 [고용노동부 임금 68207-120, 2003.02.24.]
2025-09-08 23:17:36,519 - INFO - [scripts.interpretation.logic.list_scraper] -   - 발견: 1년 단위로 기간제노동자 채용 시 계속근로기간 등 [고용노동부 고용차별개선과-2530, 2017.11.01.]
2025-09-08 23:17:36,527 - INFO - [scripts.interpretation.logic.list_scraper] -   - 발견: 1년 동안 단체협약을 체결하지 못하였으나 다른 노동조합의 교섭요구가 없는 경우 교섭대표노동조합의 지위 유지 여부 [고용노동부 노사관계법제과-2344, 2013.09.05.]
2025-09-08 23:17:36,533 - INFO - [scripts.interpretation.logic.list_scraper] -   - 발견: 1년 미만 근로자의 재계약에 따른 계속근로 인정여부 및 퇴직금 산정방법 [고용노동부 근기 68207-2037, 2000.07.05.]
2025-09-08 23:17:36,537 - INFO - [scripts.interpretation.logic.list_scraper] -   - 발견: 1년미만 근무자에게 지급한 퇴직금의 환수 여부 [고용노동부 임금 68207-303, 2002.04.26.]
2025-09-08 23:17:36,541 - INFO - [scripts.interpretation.logic.list_scraper] -   - 발견: 1년 미만 근무한 근로자가 연차유급휴가를 사용하지 않고 퇴사한 경우 연차유급휴가 미사용수당을 지급하여야 하는지 [고용노동부 임금근로시간정책팀-119, 2007.01.09.]
2025-09-08 23:17:36,544 - INFO - [scripts.interpretation.logic.list_scraper] -   - 발견: 1년 미만 단기계약근로자에 대한 휴일.휴가제도의 적용방법 [고용노동부 근로기준과-1186, 2005.03.03.]
2025-09-08 23:17:36,548 - INFO - [scripts.interpretation.logic.list_scraper] -   - 발견: 1년미만의 근로계약을 반복적으로 체결할 경우 기간의 정함이 없는 계약으로 전환되는지 여부 [고용노동부 근기 68207-695, 1999.11.23.]
2025-09-08 23:17:36,552 - INFO - [scripts.interpretation.logic.list_scraper] -   - 발견: 1년 미만자의 연차휴가 사용촉진 [고용노동부]
2025-09-08 23:17:36,556 - INFO - [scripts.interpretation.logic.list_scraper] -   - 발견: 1년 미만자의 연차휴가 사용촉진 [고용노동부]
2025-09-08 23:17:36,561 - INFO - [scripts.interpretation.logic.list_scraper] -   - 발견: 1년을 초과하는 근로계약의 위법 여부, 기간의 정함이 있는 계약이 반복되는 경우의 효력 [고용노동부 근기 68207 - 894, 1997.07.08.]
2025-09-08 23:17:36,565 - INFO - [scripts.interpretation.logic.list_scraper] -   - 발견: 1년을 초과하는 근로계약의 위법여부, 기간이 정함이 있는 계약이 반복되는 경우의 효력 [고용노동부 근기 68207-894, 1997.07.08.]
2025-09-08 23:17:36,570 - INFO - [scripts.interpretation.logic.list_scraper] -   - 발견: 1명의 근로자가 2 이상의 사업(장) 근로자가 될 수 있는지 [고용노동부 근로기준과-2948, 2005.06.01.]
2025-09-08 23:17:36,574 - INFO - [scripts.interpretation.logic.list_scraper] -   - 발견: 1사 2노조 사업장의 근로자위원 선출방법 [고용노동부 노사협력정책과-3797, 2009.10.22.]
2025-09-08 23:17:36,579 - INFO - [scripts.interpretation.logic.list_scraper] -   - 발견: 1사 다수노조로 단협 만료일이 서로 다를 경우 면제 한도 배분방법 [고용노동부 노사관계법제과-739, 2010.09.10.]
2025-09-08 23:17:36,583 - INFO - [scripts.interpretation.logic.list_scraper] -   - 발견: 1월단위의 탄력적근로시간제 도입 시 그 단위기간이 반드시 2주 이상 1월 이내이어야 하는지 [고용노동부 근기 68207-1542, 2001.05.12.]
2025-09-08 23:17:36,586 - INFO - [scripts.interpretation.logic.list_scraper] -   - 발견: 1월단위의 탄력적근로시간제 도입시 그 단위기간이 반드시 2주이상 1월이내이어야 하는지 [고용노동부 근기 68207-1542, 2001.05.12.]
2025-09-08 23:17:36,591 - INFO - [scripts.interpretation.logic.list_scraper] -   - 발견: 1인이 수개의 동일한 사업자등록을 하고 사업을 운영하는 경우 1개의 사업 또는 사업장으로 볼 수 있는지 여부 [고용노동부 근기 68207-685, 1999.11.22.]
2025-09-08 23:17:36,595 - INFO - [scripts.interpretation.logic.list_scraper] -   - 발견: 1일 10시간씩 주5일 근무하는 회사에서 유급휴일인 토요일과 일요일에 15시간씩 근로케 할 경우 근기법 제52조의 연장근로 해당여부 및 근기법 위반 여부 [고용노동부 근기 68207-3125, 2002.10.28.]
2025-09-08 23:17:36,598 - INFO - [scripts.interpretation.logic.list_scraper] -   - 발견: 1일 소정근로시간수의 일부만 근로제공을 한 경우 주휴를 부여할 수 있는지 여부 [고용노동부 근기 68207 - 270, 1997.03.04.]
2025-09-08 23:17:36,602 - INFO - [scripts.interpretation.logic.list_scraper] -   - 발견: 1일 소정근로시간을 초과한 근로시간면제 활동의 유급처리여부 [고용노동부 노사관계법제과-406, 2010.08.06.]
2025-09-08 23:17:36,607 - INFO - [scripts.interpretation.logic.list_scraper] -   - 발견: 1일 소정근로시간 초과한 근로시간면제 활동의 유급처리여부 [고용노동부 노사관계법제과-406, 2010.08.06.]
2025-09-08 23:17:36,610 - INFO - [scripts.interpretation.logic.list_scraper] -   - 발견: 1일 안전교육 참가시 당일 임금을 교육비로 지급여부 [고용노동부 산안건안) 68307-10488, 2002.11.09.]
2025-09-08 23:17:36,614 - INFO - [scripts.interpretation.logic.list_scraper] -   - 발견: 1주간 소정근로시간이 39시간일 때 개정 근로기준법상 단시간근로자인지 여부 [고용노동부 근로기준과-3789, 2004.07.23.]
2025-09-08 23:17:36,618 - INFO - [scripts.interpretation.logic.list_scraper] -   - 발견: 1주간 주중 근로와 주말 근로의 근로시간이 다른 경우 감시·단속적 근로 종사자에 대한 적용제외 승인 여부 [고용노동부 근로기준정책과-8680, 2018.12.28.]
2025-09-08 23:17:36,622 - INFO - [scripts.interpretation.logic.list_scraper] -   - 발견: 1주일간의 지각 또는 조퇴시간을 합산하여 8시간이 되면 1일 결근으로 간주하여 유급휴일수당을 지급하지 않아도 되는지 [고용노동부 근로기준과-5560, 2009.12.23.]
2025-09-08 23:17:36,622 - INFO - [scripts.interpretation.logic.list_scraper] - --- 2 / 2 페이지 처리 중 ---
2025-09-08 23:17:36,622 - INFO - [scripts.interpretation.logic.list_scraper] - 2 페이지로 이동합니다...
2025-09-08 23:17:36,990 - INFO - [scripts.interpretation.logic.list_scraper] - 페이지 이동 완료.
2025-09-08 23:17:37,026 - INFO - [scripts.interpretation.logic.list_scraper] -   - 발견: 1주일을 월력에 의한 일요일부터 토요일까지로 보아야 하는지 [고용노동부 근로기준과-918, 2010.04.30.]
2025-09-08 23:17:37,029 - INFO - [scripts.interpretation.logic.list_scraper] -   - 발견: 1차 및 2차 검사의 건강진단기관 분리실시 가능여부 [고용노동부 산보 68340-755, 2003.09.09.]
2025-09-08 23:17:37,033 - INFO - [scripts.interpretation.logic.list_scraper] -   - 발견: (1) 통역사가 「기간제 및 단시간근로자 보호 등에 관한 법률」 (이하 ‘기간제법’) 시행령 제3조제3항제5호의 한국표준직업분류 대분류 1(개정 전 대분류 0)과 대분류 2(개정 전 대분류 1) 직업에 해당하는지 여부, (2) 통역사가 계약기간 2년 중 출산휴가와 육아휴직을 사용한 경우에 기간제법 시행령 제3조제3항제5호의 최근 2년간 연평균근로소득 산정시 출산휴가육아휴직기간과 동기간 중 임금을 포함해야 하는지 여부 [고용노동부 고용차별개선과-296, 2012.02.13.]
2025-09-08 23:17:37,036 - INFO - [scripts.interpretation.logic.list_scraper] -   - 발견: 1회의 감급사유에 대한 감급액의 적용방법 [고용노동부 근기 68207-997, 1999.12.30.]
2025-09-08 23:17:37,040 - INFO - [scripts.interpretation.logic.list_scraper] -   - 발견: 2001. 1. 1 이전에 착공된 공사현장에서 퇴직한 안전관리자 대신 기술지도로 대체 가능여부 [고용노동부 산안건안) 68307-10013, 2002.01.14.]
2025-09-08 23:17:37,044 - INFO - [scripts.interpretation.logic.list_scraper] -   - 발견: 2001. 1. 1 이전 착공공사로 안전관리자 선임시 기술지도 제외 여부 [고용노동부 산안(건안) 68307-10136, 2001.04.13.]
2025-09-08 23:17:37,047 - INFO - [scripts.interpretation.logic.list_scraper] -   - 발견: 2002년 6개월간 근무 경력이 있는 자를 채용하여 2011.3.24.~ 12.31까지 기간제로 사용하고 2012년말까지 계약기간을 1년 연장하는 경우, 근로기간이 2년을 초과하여 무기계약근로자로 전환되는지 여부 [고용노동부 고용차별개선과-2097, 2011.11.29.]
2025-09-08 23:17:37,051 - INFO - [scripts.interpretation.logic.list_scraper] -   - 발견: 2006. 9. 7. 인천해양경찰서의 행정처분 의뢰에 따라, 2006.10.10 유료직업소개사업자인 동해해운취업정보(대표자 이혜원)에 대해 직업안정법(이하 “법”이라 함) 제22조제3항의 위반으로 사업정지 1월의 행정처분을 내린 바 있고,-2008. 8. 8. 대표자변경등록신고서(이혜원에서→천병인으로 변경)가 접수되어 관악구청이 관악경찰서에 범죄경력을 조회한 결과 이혜원과 천병인은 동 법 제22조제3항 위반으로 2006. 11. 22. 인천지방법원으로부터 벌금 100만원의 선고를 받은 사실이 있음을 확인함이 경우 사업정지 1월의 행정처분 후, 인천지방법원으로부터 동 건 법 위반으로 벌금형 선고를 받은 경우, 이를 이유로 법 제36조제1항제2호에 따라 “등록취소”처분이 가능한 지 여부 [고용노동부 고용서비스기획과-3510, 2008.10.13.]
2025-09-08 23:17:37,054 - INFO - [scripts.interpretation.logic.list_scraper] -   - 발견: 2008.12월~2009.5.15.까지는 일반 기간제근로자로, 2009.5.18.~ 2009.12.17. 까지는 농촌현장인턴으로, 2010.1.4.~1010.11.30.까지는 다시 일반 기간제근로자로 각각 근로계약을 체결하고 동일한 업무를 수행한 경우 계속근로년수 산정방법과 퇴직금 지급대상 여부 [고용노동부 고용평등정책과-203, 2011.01.26.]
2025-09-08 23:17:37,057 - INFO - [scripts.interpretation.logic.list_scraper] -   - 발견: 2010.7.1. 이후 노조 상근간부의 신분과 처우 및 근로시간면제한도 초과인원에 대한 현업복귀 여부 [고용노동부 노사관계법제과-567, 2010.08.25.]
2025-09-08 23:17:37,061 - INFO - [scripts.interpretation.logic.list_scraper] -   - 발견: 2010. 7. 1. 이후 노조 상근간부의 신분과 처우 및 근로시간면제 한도 초과인원에 대한 현업복귀 여부 [고용노동부 노사관계법제과-567, 2010.08.25.]
2025-09-08 23:17:37,066 - INFO - [scripts.interpretation.logic.list_scraper] -   - 발견: 20억 미만 공사에서의 안전관리자 선임 [고용노동부 산안(건안) 68307-10423, 2001.09.03.]
2025-09-08 23:17:37,069 - INFO - [scripts.interpretation.logic.list_scraper] -   - 발견: 20억원 미만 공사에서 관리책임자 및 무자격 안전관리자 업무수당 사용여부 [고용노동부 산안건안) 68307-10307, 2002.07.03.]
2025-09-08 23:17:37,073 - INFO - [scripts.interpretation.logic.list_scraper] -   - 발견: 20억원 미만 공사에서 관리책임자 및 무자격 안전관리자 업무수당 사용여부 [고용노동부 산안(건안) 68307-10307, 2002.07.03.]
2025-09-08 23:17:37,076 - INFO - [scripts.interpretation.logic.list_scraper] -   - 발견: 21가지 장소 해당 여부 [고용노동부 산업안전기준과-1628, 2021.12.23.]
2025-09-08 23:17:37,079 - INFO - [scripts.interpretation.logic.list_scraper] -   - 발견: 24시간 격일제근로로 적용제외 승인을 받은 경우, 3일 연속 근무가 승인취소의 사유가 되는지 [고용노동부 근기 68207-000, 2003.07.03.]
2025-09-08 23:17:37,083 - INFO - [scripts.interpretation.logic.list_scraper] -   - 발견: 24시간 격일제근로로 적용제외 승인을 받은 경우, 3일 연속 근무가 승인취소의 사유가 되는지 [고용노동부 근기 68207-000, 2003.07.03.]
2025-09-08 23:17:37,087 - INFO - [scripts.interpretation.logic.list_scraper] -   - 발견: 24시간 격일제 근로의 경우 1주간의 비번일 중 1일을 유급처리 시 별도로 주휴일을 부여해야 하는지 [고용노동부 근기 68207-2663, 2002.08.08.]
2025-09-08 23:17:37,090 - INFO - [scripts.interpretation.logic.list_scraper] -   - 발견: 24시간 격일제 근로의 경우 1주간의 비번일 중 1일을 유급처리시 별도로 주휴일을 부여해야 하는지 [고용노동부 근기 68207-2663, 2002.08.08.]
2025-09-08 23:17:37,093 - INFO - [scripts.interpretation.logic.list_scraper] -   - 발견: 24시간 격일제 근로자 연차유급휴가 사용 관련 [고용노동부 근로개선정책과-4504, 2012.09.07.]
2025-09-08 23:17:37,096 - INFO - [scripts.interpretation.logic.list_scraper] -   - 발견: 24시간 격일제 근로자 연차유급휴가 사용 관련 [고용노동부 근로개선정책과-4504, 2012.09.07.]
2025-09-08 23:17:37,099 - INFO - [scripts.interpretation.logic.list_scraper] -   - 발견: 24시간 격일제 근로자의 월차유급휴가 사용시 12시간만을 휴가로 부여할 수 있는지 [고용노동부 근기 68207-3272, 2001.09.26.]
2025-09-08 23:17:37,102 - INFO - [scripts.interpretation.logic.list_scraper] -   - 발견: 24시간 격일제 근로형태에서 월차휴가를 12시간만 부여가 가능한지 [고용노동부 근기 68207-1805, 2002.04.30.]
2025-09-08 23:17:37,106 - INFO - [scripts.interpretation.logic.list_scraper] -   - 발견: 24시간 연속 가동하는 설비 작업장 순회점검 실시 기준 [고용노동부 산업안전기준과-589, 2021.09.06.]
2025-09-08 23:17:37,109 - INFO - [scripts.interpretation.logic.list_scraper] -   - 발견: 2개 공사현장에 1인의 안전관리자를 선임할 경우 안전관련 서류 작성방법 [고용노동부 산안건안) 68307-64, 2003.03.12.]
2025-09-08 23:17:37,112 - INFO - [scripts.interpretation.logic.list_scraper] -   - 발견: 2개 공사현장에 1인의 안전관리자를 선임할 경우 안전관련 서류 작성방법 [고용노동부 산안(건안) 68307-64, 2003.03.12.]
2025-09-08 23:17:37,116 - INFO - [scripts.interpretation.logic.list_scraper] -   - 발견: 2개 기금 운영 중 1개 기금 소속 사업장 폐쇄시 해산이 가능한지 [고용노동부 복지68233-23, 2003.01.29.]
2025-09-08 23:17:37,119 - INFO - [scripts.interpretation.logic.list_scraper] -   - 발견: 2개 노조가 모두 과반수 노조라고 통지하였고 사용자가 그대로공고하였으나 어느 노조도 노동위원회에 이의신청하지 않은 경우 창구단일화 절차는 [고용노동부 노사관계법제과-3091, 2012.11.07.]
2025-09-08 23:17:37,122 - INFO - [scripts.interpretation.logic.list_scraper] -   - 발견: 2개 노조가 있는 회사에서 1개 노조원만으로 근로자위원 구성 가능여부 [고용노동부 임금 32240-549, 1992.07.31.]
2025-09-08 23:17:37,126 - INFO - [scripts.interpretation.logic.list_scraper] -   - 발견: 2개 사업부서 중 1개부서를 분리하는 경우 기금분할이 가능한지 [고용노동부 임금 68207-390, 1995.12.01.]
2025-09-08 23:17:37,129 - INFO - [scripts.interpretation.logic.list_scraper] -   - 발견: 2개사의 합병 후 명예퇴직을 대상자로 분류된 자에 대한 대기발령을 사용자의 귀책사유로 인한 휴업으로 볼 수 있는지 [고용노동부 근기 68207-546, 2003.05.02.]
2025-09-08 23:17:37,132 - INFO - [scripts.interpretation.logic.list_scraper] -   - 발견: 2개의 사업장에서 근무하는 경우 어느 사업장을 기준으로 단시간근로자의 소정근로시간을 산정해야 하는지 [고용노동부 고용차별개선정책과-330, 2009.02.17.]
2025-09-08 23:17:37,135 - INFO - [scripts.interpretation.logic.list_scraper] -   - 발견: 2개의 사업장이 이전·통합할 경우 노동조합 존속 여부 [고용노동부 노사관계법제팀-309, 2007.01.26.]
2025-09-08 23:17:37,139 - INFO - [scripts.interpretation.logic.list_scraper] -   - 발견: 2개의 지정기관이 합병하는 경우 타당성 여부 및 시설기준 [고용노동부 안정 68307-584, 2001.07.06.]
2025-09-08 23:17:37,143 - INFO - [scripts.interpretation.logic.list_scraper] -   - 발견: 2개의 직업능력개발훈련시설의 대표자가 동일인인 경우에 어느 하나의 시설이 위탁제한 등의 처분을 받은 경우에 다른 훈련시설에 까지 처분의 효력이 미치는 지 여부 [고용노동부 인적자원개발과-1082, 2009.07.24.]
2025-09-08 23:17:37,147 - INFO - [scripts.interpretation.logic.list_scraper] -   - 발견: 2개 이상 노조가 조직되어 있는 경우 조합원수 산정 시점과 방법 [고용노동부 노사관계법제과-649, 2010.09.03.]
2025-09-08 23:17:37,151 - INFO - [scripts.interpretation.logic.list_scraper] -   - 발견: 2개 이상 노조가 조직되어 있는 경우 조합원수 산정시점과 방법 [고용노동부 노사관계법제과-649, 2010.09.03.]
2025-09-08 23:17:37,154 - INFO - [scripts.interpretation.logic.list_scraper] -   - 발견: 2개 이상의 훈련기관이 훈련과 관련한 업무제휴계약을 체결 하고 진행하는 직업능력개발훈련과정에 대해 지정이 가능한지? [고용노동부 인자68500-899, 2001.07.25.]
2025-09-08 23:17:37,157 - INFO - [scripts.interpretation.logic.list_scraper] -   - 발견: 2개 이상의 훈련기관이 훈련과 관련한 업무제휴계약을 체결하고 진행하는 직업능력개발훈련과정에 대해 인정이 가능한지 [고용노동부 인자68500-899, 2001.07.25.]
2025-09-08 23:17:37,160 - INFO - [scripts.interpretation.logic.list_scraper] -   - 발견: 2개 현장에 선임된 안전관리자 인건비 정산 방법 [고용노동부 산안(건안) 68307-250, 2003.08.20.]
2025-09-08 23:17:37,164 - INFO - [scripts.interpretation.logic.list_scraper] -   - 발견: 2개 현장에 선임된 안전관리자 인건비 정산 방법 [고용노동부 산안건안) 68307-250, 2003.08.20.]
2025-09-08 23:17:37,167 - INFO - [scripts.interpretation.logic.list_scraper] -   - 발견: 2개 회사의 합병 후 명예퇴직 대상자로 분류된 자에 대한 대기발령을 사용자의 귀책사유로 인한 휴업으로 볼 수 있는지 [고용노동부 근기 68207-546, 2003.05.02.]
2025-09-08 23:17:37,170 - INFO - [scripts.interpretation.logic.list_scraper] -   - 발견: 2개 회사 통합으로 1사 2노조가 된 경우 노사협의회 설치방법(Ⅰ) [고용노동부 노사협력정책과-3808, 2009.10.23.]
2025-09-08 23:17:37,174 - INFO - [scripts.interpretation.logic.list_scraper] -   - 발견: 2개 회사 통합으로 1사 2노조가 된 경우 노사협의회 설치방법(Ⅱ) [고용노동부 노사협력정책과-3999, 2009.11.17.]
2025-09-08 23:17:37,177 - INFO - [scripts.interpretation.logic.list_scraper] -   - 발견: 2교대 근무를 함에 있어 근무조별로 다른 요일이 주휴일에 해당함에 따라 할증임금 적용을 서로 다르게 할 수 있는지 [고용노동부 근로기준과-5410, 2004.10.11.]
2025-09-08 23:17:37,180 - INFO - [scripts.interpretation.logic.list_scraper] -   - 발견: 2교대 근무를 함에 있어 근무조별로 다른 요일이 주휴일에 해당함에 따라 할증임금 적용을 서로 다르게 할 수 있는지 [고용노동부 근로기준과-5410, 2004.10.11.]
2025-09-08 23:17:37,183 - INFO - [scripts.interpretation.logic.list_scraper] -   - 발견: 2근무일 1휴무일 형태의 복격일제 근로형태에서 특정근로일과 휴무일 중 하루를 휴가로 사용할 경우 휴가 사용일수는 [고용노동부 근기 68207-3014, 2002.10.07.]
2025-09-08 23:17:37,186 - INFO - [scripts.interpretation.logic.list_scraper] -   - 발견: 2년(’11.1.1.~’12.12.31.)의 기간을 정하여 근로계약을 체결- 최초 1년간의 근로에 대하여 발생한 연차 유급휴가를 ’12.1.1.부터 12.31. 까지의 기간 중 사용하여야 하나 미사용한 경우, 다음 해인 ’13.1.1. 이후 수당으로 지급- 이 경우 기간제법 시행령 제3조제3항제5호에 따른 예외인지를 판단할 때 ’13.1.1. 발생하는 연차휴가근로수당은 ’12년 근로소득에 포함하여 계산하여야 하는지 [고용노동부 고용차별개선과-1352, 2013.07.11.]
2025-09-08 23:17:37,190 - INFO - [scripts.interpretation.logic.list_scraper] -   - 발견: 2년 주기로 예술단원들의 평정을 실시, 재위촉할 경우 「기간제법」 저촉여부 [고용노동부 고용차별개선과-307, 2017.02.03.]
2025-09-08 23:17:37,193 - INFO - [scripts.interpretation.logic.list_scraper] -   - 발견: 2사 1노조 사업장에서 노사협의회 운영 방법 [고용노동부 노사협력정책과-515, 2011.04.04.]
2025-09-08 23:17:37,219 - INFO - [__main__] - 총 100개의 URL을 'data/raw/interpretation/1492000/urls.jsonl' 파일에 저장했습니다.
