2025-09-10 23:33:11,904 - ERROR - [scripts.interpretation.logic.interpretation_scraper] - 스크레이핑 중 에러 발생: Locator.click: Timeout 30000ms exceeded.
Call log:
waiting for locator("#listDiv a[onclick=\"javascript:cgmExpcView('28212', '350101');return false;\"]")
  -   locator resolved to <a href="#AJAX" onclick="javascript:cgmExpcView('28212', '350101');return false;" title="06.1.1 이후 채용시 건강진단 비용의 산업안전보건관리비 사용가능 여부↵[고용노동부 산업안전팀-1961, 2005.12.28.]">…</a>
  - attempting click action
  -   waiting for element to be visible, enabled and stable
  -   element is not visible
  - retrying click action, attempt #1
  -   waiting for element to be visible, enabled and stable
  -   element is not visible
  - retrying click action, attempt #2
  -   waiting 20ms
  -   waiting for element to be visible, enabled and stable
  -   element is not visible
  - retrying click action, attempt #3
  -   waiting 100ms
  -   waiting for element to be visible, enabled and stable
  -   element is not visible
  - retrying click action, attempt #4
  -   waiting 100ms
  -   waiting for element to be visible, enabled and stable
  -   element is not visible
  - retrying click action, attempt #5
  -   waiting 500ms
  -   waiting for element to be visible, enabled and stable
  -   element is not visible
  - retrying click action, attempt #6
  -   waiting 500ms
  -   waiting for element to be visible, enabled and stable
  -   element is not visible
  - retrying click action, attempt #7
  -   waiting 500ms
  -   waiting for element to be visible, enabled and stable
  -   element is not visible
  - retrying click action, attempt #8
  -   waiting 500ms
  -   waiting for element to be visible, enabled and stable
  -   element is not visible
  - retrying click action, attempt #9
  -   waiting 500ms
  -   waiting for element to be visible, enabled and stable
  -   element is not visible
  - retrying click action, attempt #10
  -   waiting 500ms
  -   waiting for element to be visible, enabled and stable
  -   element is not visible
  - retrying click action, attempt #11
  -   waiting 500ms
  -   waiting for element to be visible, enabled and stable
  -   element is not visible
  - retrying click action, attempt #12
  -   waiting 500ms
  -   waiting for element to be visible, enabled and stable
  -   element is not visible
  - retrying click action, attempt #13
  -   waiting 500ms
  -   waiting for element to be visible, enabled and stable
  -   element is not visible
  - retrying click action, attempt #14
  -   waiting 500ms
  -   waiting for element to be visible, enabled and stable
  -   element is not visible
  - retrying click action, attempt #15
  -   waiting 500ms
  -   waiting for element to be visible, enabled and stable
  -   element is not visible
  - retrying click action, attempt #16
  -   waiting 500ms
  -   waiting for element to be visible, enabled and stable
  -   element is not visible
  - retrying click action, attempt #17
  -   waiting 500ms
  -   waiting for element to be visible, enabled and stable
  -   element is not visible
  - retrying click action, attempt #18
  -   waiting 500ms
  -   waiting for element to be visible, enabled and stable
  -   element is not visible
  - retrying click action, attempt #19
  -   waiting 500ms
  -   waiting for element to be visible, enabled and stable
  -   element is not visible
  - retrying click action, attempt #20
  -   waiting 500ms
  -   waiting for element to be visible, enabled and stable
  -   element is not visible
  - retrying click action, attempt #21
  -   waiting 500ms
  -   waiting for element to be visible, enabled and stable
  -   element is not visible
  - retrying click action, attempt #22
  -   waiting 500ms
  -   waiting for element to be visible, enabled and stable
  -   element is not visible
  - retrying click action, attempt #23
  -   waiting 500ms
  -   waiting for element to be visible, enabled and stable
  -   element is not visible
  - retrying click action, attempt #24
  -   waiting 500ms
  -   waiting for element to be visible, enabled and stable
  -   element is not visible
  - retrying click action, attempt #25
  -   waiting 500ms
  -   waiting for element to be visible, enabled and stable
  -   element is not visible
  - retrying click action, attempt #26
  -   waiting 500ms
  -   waiting for element to be visible, enabled and stable
  -   element is not visible
  - retrying click action, attempt #27
  -   waiting 500ms
  -   waiting for element to be visible, enabled and stable
  -   element is not visible
  - retrying click action, attempt #28
  -   waiting 500ms
  -   waiting for element to be visible, enabled and stable
  -   element is not visible
  - retrying click action, attempt #29
  -   waiting 500ms
  -   waiting for element to be visible, enabled and stable
  -   element is not visible
  - retrying click action, attempt #30
  -   waiting 500ms
  -   waiting for element to be visible, enabled and stable
  -   element is not visible
  - retrying click action, attempt #31
  -   waiting 500ms
  -   waiting for element to be visible, enabled and stable
  -   element is not visible
  - retrying click action, attempt #32
  -   waiting 500ms
  -   waiting for element to be visible, enabled and stable
  -   element is not visible
  - retrying click action, attempt #33
  -   waiting 500ms
  -   waiting for element to be visible, enabled and stable
  -   element is not visible
  - retrying click action, attempt #34
  -   waiting 500ms
  -   waiting for element to be visible, enabled and stable
  -   element is not visible
  - retrying click action, attempt #35
  -   waiting 500ms
  -   waiting for element to be visible, enabled and stable
  -   element is not visible
  - retrying click action, attempt #36
  -   waiting 500ms
  -   waiting for element to be visible, enabled and stable
  -   element is not visible
  - retrying click action, attempt #37
  -   waiting 500ms
  -   waiting for element to be visible, enabled and stable
  -   element is not visible
  - retrying click action, attempt #38
  -   waiting 500ms
  -   waiting for element to be visible, enabled and stable
  -   element is not visible
  - retrying click action, attempt #39
  -   waiting 500ms
  -   waiting for element to be visible, enabled and stable
  -   element is not visible
  - retrying click action, attempt #40
  -   waiting 500ms
  -   waiting for element to be visible, enabled and stable
  -   element is not visible
  - retrying click action, attempt #41
  -   waiting 500ms
  -   waiting for element to be visible, enabled and stable
  -   element is not visible
  - retrying click action, attempt #42
  -   waiting 500ms
  -   waiting for element to be visible, enabled and stable
  -   element is not visible
  - retrying click action, attempt #43
  -   waiting 500ms
  -   waiting for element to be visible, enabled and stable
  -   element is not visible
  - retrying click action, attempt #44
  -   waiting 500ms
  -   waiting for element to be visible, enabled and stable
  -   element is not visible
  - retrying click action, attempt #45
  -   waiting 500ms
  -   waiting for element to be visible, enabled and stable
  -   element is not visible
  - retrying click action, attempt #46
  -   waiting 500ms
  -   waiting for element to be visible, enabled and stable
  -   element is not visible
  - retrying click action, attempt #47
  -   waiting 500ms
  -   waiting for element to be visible, enabled and stable
  -   element is not visible
  - retrying click action, attempt #48
  -   waiting 500ms
  -   waiting for element to be visible, enabled and stable
  -   element is not visible
  - retrying click action, attempt #49
  -   waiting 500ms
  -   waiting for element to be visible, enabled and stable
  -   element is not visible
  - retrying click action, attempt #50
  -   waiting 500ms
  -   waiting for element to be visible, enabled and stable
  -   element is not visible
  - retrying click action, attempt #51
  -   waiting 500ms
  -   waiting for element to be visible, enabled and stable
  -   element is not visible
  - retrying click action, attempt #52
  -   waiting 500ms
  -   waiting for element to be visible, enabled and stable
  -   element is not visible
  - retrying click action, attempt #53
  -   waiting 500ms
  -   waiting for element to be visible, enabled and stable
  -   element is not visible
  - retrying click action, attempt #54
  -   waiting 500ms
  -   waiting for element to be visible, enabled and stable
  -   element is not visible
  - retrying click action, attempt #55
  -   waiting 500ms
  -   waiting for element to be visible, enabled and stable
  -   element is not visible
  - retrying click action, attempt #56
  -   waiting 500ms
  -   waiting for element to be visible, enabled and stable
  -   element is not visible
  - retrying click action, attempt #57
  -   waiting 500ms
  -   waiting for element to be visible, enabled and stable
  -   element is not visible
  - retrying click action, attempt #58
  -   waiting 500ms
  -   waiting for element to be visible, enabled and stable
  -   element is not visible
  - retrying click action, attempt #59
  -   waiting 500ms
  -   waiting for element to be visible, enabled and stable
  -   element is not visible
  - retrying click action, attempt #60
  -   waiting 500ms
  -   waiting for element to be visible, enabled and stable
  -   element is not visible
  - retrying click action, attempt #61
  -   waiting 500ms
  -   waiting for element to be visible, enabled and stable
  -   element is not visible
  - retrying click action, attempt #62
  -   waiting 500ms
Traceback (most recent call last):
  File "/Users/woong/Roeum/roeum-crawler/scripts/interpretation/logic/interpretation_scraper.py", line 111, in scrape_interpretation_data
    await link_to_click.click()
  File "/Users/woong/Roeum/roeum-crawler/.venv/lib/python3.11/site-packages/playwright/async_api/_generated.py", line 15063, in click
    await self._impl_obj.click(
  File "/Users/woong/Roeum/roeum-crawler/.venv/lib/python3.11/site-packages/playwright/_impl/_locator.py", line 156, in click
    return await self._frame.click(self._selector, strict=True, **params)
           ^^^^^^^^^^^^^^^^^^^^^^^^^^^^^^^^^^^^^^^^^^^^^^^^^^^^^^^^^^^^^^
  File "/Users/woong/Roeum/roeum-crawler/.venv/lib/python3.11/site-packages/playwright/_impl/_frame.py", line 488, in click
    await self._channel.send("click", locals_to_params(locals()))
  File "/Users/woong/Roeum/roeum-crawler/.venv/lib/python3.11/site-packages/playwright/_impl/_connection.py", line 59, in send
    return await self._connection.wrap_api_call(
           ^^^^^^^^^^^^^^^^^^^^^^^^^^^^^^^^^^^^^
  File "/Users/woong/Roeum/roeum-crawler/.venv/lib/python3.11/site-packages/playwright/_impl/_connection.py", line 514, in wrap_api_call
    raise rewrite_error(error, f"{parsed_st['apiName']}: {error}") from None
playwright._impl._errors.TimeoutError: Locator.click: Timeout 30000ms exceeded.
Call log:
waiting for locator("#listDiv a[onclick=\"javascript:cgmExpcView('28212', '350101');return false;\"]")
  -   locator resolved to <a href="#AJAX" onclick="javascript:cgmExpcView('28212', '350101');return false;" title="06.1.1 이후 채용시 건강진단 비용의 산업안전보건관리비 사용가능 여부↵[고용노동부 산업안전팀-1961, 2005.12.28.]">…</a>
  - attempting click action
  -   waiting for element to be visible, enabled and stable
  -   element is not visible
  - retrying click action, attempt #1
  -   waiting for element to be visible, enabled and stable
  -   element is not visible
  - retrying click action, attempt #2
  -   waiting 20ms
  -   waiting for element to be visible, enabled and stable
  -   element is not visible
  - retrying click action, attempt #3
  -   waiting 100ms
  -   waiting for element to be visible, enabled and stable
  -   element is not visible
  - retrying click action, attempt #4
  -   waiting 100ms
  -   waiting for element to be visible, enabled and stable
  -   element is not visible
  - retrying click action, attempt #5
  -   waiting 500ms
  -   waiting for element to be visible, enabled and stable
  -   element is not visible
  - retrying click action, attempt #6
  -   waiting 500ms
  -   waiting for element to be visible, enabled and stable
  -   element is not visible
  - retrying click action, attempt #7
  -   waiting 500ms
  -   waiting for element to be visible, enabled and stable
  -   element is not visible
  - retrying click action, attempt #8
  -   waiting 500ms
  -   waiting for element to be visible, enabled and stable
  -   element is not visible
  - retrying click action, attempt #9
  -   waiting 500ms
  -   waiting for element to be visible, enabled and stable
  -   element is not visible
  - retrying click action, attempt #10
  -   waiting 500ms
  -   waiting for element to be visible, enabled and stable
  -   element is not visible
  - retrying click action, attempt #11
  -   waiting 500ms
  -   waiting for element to be visible, enabled and stable
  -   element is not visible
  - retrying click action, attempt #12
  -   waiting 500ms
  -   waiting for element to be visible, enabled and stable
  -   element is not visible
  - retrying click action, attempt #13
  -   waiting 500ms
  -   waiting for element to be visible, enabled and stable
  -   element is not visible
  - retrying click action, attempt #14
  -   waiting 500ms
  -   waiting for element to be visible, enabled and stable
  -   element is not visible
  - retrying click action, attempt #15
  -   waiting 500ms
  -   waiting for element to be visible, enabled and stable
  -   element is not visible
  - retrying click action, attempt #16
  -   waiting 500ms
  -   waiting for element to be visible, enabled and stable
  -   element is not visible
  - retrying click action, attempt #17
  -   waiting 500ms
  -   waiting for element to be visible, enabled and stable
  -   element is not visible
  - retrying click action, attempt #18
  -   waiting 500ms
  -   waiting for element to be visible, enabled and stable
  -   element is not visible
  - retrying click action, attempt #19
  -   waiting 500ms
  -   waiting for element to be visible, enabled and stable
  -   element is not visible
  - retrying click action, attempt #20
  -   waiting 500ms
  -   waiting for element to be visible, enabled and stable
  -   element is not visible
  - retrying click action, attempt #21
  -   waiting 500ms
  -   waiting for element to be visible, enabled and stable
  -   element is not visible
  - retrying click action, attempt #22
  -   waiting 500ms
  -   waiting for element to be visible, enabled and stable
  -   element is not visible
  - retrying click action, attempt #23
  -   waiting 500ms
  -   waiting for element to be visible, enabled and stable
  -   element is not visible
  - retrying click action, attempt #24
  -   waiting 500ms
  -   waiting for element to be visible, enabled and stable
  -   element is not visible
  - retrying click action, attempt #25
  -   waiting 500ms
  -   waiting for element to be visible, enabled and stable
  -   element is not visible
  - retrying click action, attempt #26
  -   waiting 500ms
  -   waiting for element to be visible, enabled and stable
  -   element is not visible
  - retrying click action, attempt #27
  -   waiting 500ms
  -   waiting for element to be visible, enabled and stable
  -   element is not visible
  - retrying click action, attempt #28
  -   waiting 500ms
  -   waiting for element to be visible, enabled and stable
  -   element is not visible
  - retrying click action, attempt #29
  -   waiting 500ms
  -   waiting for element to be visible, enabled and stable
  -   element is not visible
  - retrying click action, attempt #30
  -   waiting 500ms
  -   waiting for element to be visible, enabled and stable
  -   element is not visible
  - retrying click action, attempt #31
  -   waiting 500ms
  -   waiting for element to be visible, enabled and stable
  -   element is not visible
  - retrying click action, attempt #32
  -   waiting 500ms
  -   waiting for element to be visible, enabled and stable
  -   element is not visible
  - retrying click action, attempt #33
  -   waiting 500ms
  -   waiting for element to be visible, enabled and stable
  -   element is not visible
  - retrying click action, attempt #34
  -   waiting 500ms
  -   waiting for element to be visible, enabled and stable
  -   element is not visible
  - retrying click action, attempt #35
  -   waiting 500ms
  -   waiting for element to be visible, enabled and stable
  -   element is not visible
  - retrying click action, attempt #36
  -   waiting 500ms
  -   waiting for element to be visible, enabled and stable
  -   element is not visible
  - retrying click action, attempt #37
  -   waiting 500ms
  -   waiting for element to be visible, enabled and stable
  -   element is not visible
  - retrying click action, attempt #38
  -   waiting 500ms
  -   waiting for element to be visible, enabled and stable
  -   element is not visible
  - retrying click action, attempt #39
  -   waiting 500ms
  -   waiting for element to be visible, enabled and stable
  -   element is not visible
  - retrying click action, attempt #40
  -   waiting 500ms
  -   waiting for element to be visible, enabled and stable
  -   element is not visible
  - retrying click action, attempt #41
  -   waiting 500ms
  -   waiting for element to be visible, enabled and stable
  -   element is not visible
  - retrying click action, attempt #42
  -   waiting 500ms
  -   waiting for element to be visible, enabled and stable
  -   element is not visible
  - retrying click action, attempt #43
  -   waiting 500ms
  -   waiting for element to be visible, enabled and stable
  -   element is not visible
  - retrying click action, attempt #44
  -   waiting 500ms
  -   waiting for element to be visible, enabled and stable
  -   element is not visible
  - retrying click action, attempt #45
  -   waiting 500ms
  -   waiting for element to be visible, enabled and stable
  -   element is not visible
  - retrying click action, attempt #46
  -   waiting 500ms
  -   waiting for element to be visible, enabled and stable
  -   element is not visible
  - retrying click action, attempt #47
  -   waiting 500ms
  -   waiting for element to be visible, enabled and stable
  -   element is not visible
  - retrying click action, attempt #48
  -   waiting 500ms
  -   waiting for element to be visible, enabled and stable
  -   element is not visible
  - retrying click action, attempt #49
  -   waiting 500ms
  -   waiting for element to be visible, enabled and stable
  -   element is not visible
  - retrying click action, attempt #50
  -   waiting 500ms
  -   waiting for element to be visible, enabled and stable
  -   element is not visible
  - retrying click action, attempt #51
  -   waiting 500ms
  -   waiting for element to be visible, enabled and stable
  -   element is not visible
  - retrying click action, attempt #52
  -   waiting 500ms
  -   waiting for element to be visible, enabled and stable
  -   element is not visible
  - retrying click action, attempt #53
  -   waiting 500ms
  -   waiting for element to be visible, enabled and stable
  -   element is not visible
  - retrying click action, attempt #54
  -   waiting 500ms
  -   waiting for element to be visible, enabled and stable
  -   element is not visible
  - retrying click action, attempt #55
  -   waiting 500ms
  -   waiting for element to be visible, enabled and stable
  -   element is not visible
  - retrying click action, attempt #56
  -   waiting 500ms
  -   waiting for element to be visible, enabled and stable
  -   element is not visible
  - retrying click action, attempt #57
  -   waiting 500ms
  -   waiting for element to be visible, enabled and stable
  -   element is not visible
  - retrying click action, attempt #58
  -   waiting 500ms
  -   waiting for element to be visible, enabled and stable
  -   element is not visible
  - retrying click action, attempt #59
  -   waiting 500ms
  -   waiting for element to be visible, enabled and stable
  -   element is not visible
  - retrying click action, attempt #60
  -   waiting 500ms
  -   waiting for element to be visible, enabled and stable
  -   element is not visible
  - retrying click action, attempt #61
  -   waiting 500ms
  -   waiting for element to be visible, enabled and stable
  -   element is not visible
  - retrying click action, attempt #62
  -   waiting 500ms

