2025-09-08 23:06:28,188 - ERROR - [scripts.interpretation.logic.list_scraper] - 목록 스크레이핑 중 에러 발생: Locator.click: Timeout 30000ms exceeded.
Call log:
waiting for locator(".box_bottom a.btn_blue:has-text(\"검색\")")
Traceback (most recent call last):
  File "/Users/woong/Roeum/roeum-crawler/scripts/interpretation/logic/list_scraper.py", line 58, in fetch_urls
    await page.locator('.box_bottom a.btn_blue:has-text("검색")').click()
  File "/Users/woong/Roeum/roeum-crawler/.venv/lib/python3.11/site-packages/playwright/async_api/_generated.py", line 15063, in click
    await self._impl_obj.click(
  File "/Users/woong/Roeum/roeum-crawler/.venv/lib/python3.11/site-packages/playwright/_impl/_locator.py", line 156, in click
    return await self._frame.click(self._selector, strict=True, **params)
           ^^^^^^^^^^^^^^^^^^^^^^^^^^^^^^^^^^^^^^^^^^^^^^^^^^^^^^^^^^^^^^
  File "/Users/woong/Roeum/roeum-crawler/.venv/lib/python3.11/site-packages/playwright/_impl/_frame.py", line 488, in click
    await self._channel.send("click", locals_to_params(locals()))
  File "/Users/woong/Roeum/roeum-crawler/.venv/lib/python3.11/site-packages/playwright/_impl/_connection.py", line 59, in send
    return await self._connection.wrap_api_call(
           ^^^^^^^^^^^^^^^^^^^^^^^^^^^^^^^^^^^^^
  File "/Users/woong/Roeum/roeum-crawler/.venv/lib/python3.11/site-packages/playwright/_impl/_connection.py", line 514, in wrap_api_call
    raise rewrite_error(error, f"{parsed_st['apiName']}: {error}") from None
playwright._impl._errors.TimeoutError: Locator.click: Timeout 30000ms exceeded.
Call log:
waiting for locator(".box_bottom a.btn_blue:has-text(\"검색\")")

2025-09-08 23:06:28,222 - WARNING - [__main__] - 추출된 URL이 없습니다.
