2025-09-08 23:05:56,634 - INFO - [scripts.interpretation.logic.list_scraper] - 목록 페이지로 이동 중: https://www.law.go.kr/cgmExpcSc.do?menuId=11&subMenuId=729&tabMenuId=773
2025-09-08 23:05:57,954 - INFO - [scripts.interpretation.logic.list_scraper] - 상세검색 패널을 엽니다.
2025-09-08 23:05:58,040 - INFO - [scripts.interpretation.logic.list_scraper] - 소관부처를 코드로 선택합니다: 350101
2025-09-08 23:05:58,065 - INFO - [scripts.interpretation.logic.list_scraper] - 검색 버튼을 클릭하여 필터를 적용합니다.
2025-09-08 23:06:28,072 - INFO - [scripts.interpretation.logic.list_scraper] - 에러 발생! 디버깅을 위해 스크린샷과 HTML을 저장합니다.
2025-09-08 23:06:28,074 - INFO - [scripts.interpretation.logic.list_scraper] -   - 스크린샷: /Users/woong/Roeum/roeum-crawler/debug/error_screenshot_20250908_230628.png
2025-09-08 23:06:28,075 - INFO - [scripts.interpretation.logic.list_scraper] -   - HTML: /Users/woong/Roeum/roeum-crawler/debug/error_page_20250908_230628.html
2025-09-08 23:06:28,188 - ERROR - [scripts.interpretation.logic.list_scraper] - 목록 스크레이핑 중 에러 발생: Locator.click: Timeout 30000ms exceeded.
Call log:
waiting for locator(".box_bottom a.btn_blue:has-text(\"검색\")")
Traceback (most recent call last):
  File "/Users/woong/Roeum/roeum-crawler/scripts/interpretation/logic/list_scraper.py", line 58, in fetch_urls
    await page.locator('.box_bottom a.btn_blue:has-text("검색")').click()
  File "/Users/woong/Roeum/roeum-crawler/.venv/lib/python3.11/site-packages/playwright/async_api/_generated.py", line 15063, in click
    await self._impl_obj.click(
  File "/Users/woong/Roeum/roeum-crawler/.venv/lib/python3.11/site-packages/playwright/_impl/_locator.py", line 156, in click
    return await self._frame.click(self._selector, strict=True, **params)
           ^^^^^^^^^^^^^^^^^^^^^^^^^^^^^^^^^^^^^^^^^^^^^^^^^^^^^^^^^^^^^^
  File "/Users/woong/Roeum/roeum-crawler/.venv/lib/python3.11/site-packages/playwright/_impl/_frame.py", line 488, in click
    await self._channel.send("click", locals_to_params(locals()))
  File "/Users/woong/Roeum/roeum-crawler/.venv/lib/python3.11/site-packages/playwright/_impl/_connection.py", line 59, in send
    return await self._connection.wrap_api_call(
           ^^^^^^^^^^^^^^^^^^^^^^^^^^^^^^^^^^^^^
  File "/Users/woong/Roeum/roeum-crawler/.venv/lib/python3.11/site-packages/playwright/_impl/_connection.py", line 514, in wrap_api_call
    raise rewrite_error(error, f"{parsed_st['apiName']}: {error}") from None
playwright._impl._errors.TimeoutError: Locator.click: Timeout 30000ms exceeded.
Call log:
waiting for locator(".box_bottom a.btn_blue:has-text(\"검색\")")

2025-09-08 23:06:28,222 - WARNING - [__main__] - 추출된 URL이 없습니다.
