2025-09-11 21:38:18,308 - INFO - [scripts.interpretation.logic.url_checker] - URL 유효성 검사를 위해 페이지로 이동합니다: https://www.law.go.kr/cgmExpcSc.do?menuId=11&subMenuId=729&tabMenuId=773
2025-09-11 21:38:19,635 - INFO - [scripts.interpretation.logic.url_checker] - URL 유효성 검증 성공: https://www.law.go.kr/cgmExpcSc.do?menuId=11&subMenuId=729&tabMenuId=773
2025-09-11 21:38:19,783 - INFO - [__main__] - 통합 스크레이퍼 실행...
2025-09-11 21:38:19,783 - INFO - [scripts.interpretation.logic.interpretation_scraper] - 스크레이핑 프로세스를 시작합니다.
2025-09-11 21:38:20,116 - INFO - [scripts.interpretation.logic.interpretation_scraper] - 시작 페이지로 이동합니다: https://www.law.go.kr/cgmExpcSc.do?menuId=11&subMenuId=729&tabMenuId=773
2025-09-11 21:38:21,446 - INFO - [scripts.interpretation.logic.interpretation_scraper] - 페이지 이동 완료.
2025-09-11 21:38:21,478 - INFO - [scripts.interpretation.logic.interpretation_scraper] - 초기 총 항목 텍스트: '155,146'
2025-09-11 21:38:21,478 - INFO - [scripts.interpretation.logic.interpretation_scraper] - 상세검색 패널을 엽니다.
2025-09-11 21:38:21,547 - INFO - [scripts.interpretation.logic.interpretation_scraper] - 부처 코드를 선택합니다: 350101
2025-09-11 21:38:21,559 - INFO - [scripts.interpretation.logic.interpretation_scraper] - 검색 버튼을 클릭하여 필터를 적용합니다.
2025-09-11 21:38:21,571 - INFO - [scripts.interpretation.logic.interpretation_scraper] - 필터 적용 후 페이지가 업데이트되기를 기다립니다...
2025-09-11 21:38:21,937 - INFO - [scripts.interpretation.logic.interpretation_scraper] - 필터 적용 완료.
2025-09-11 21:38:21,940 - INFO - [scripts.interpretation.logic.interpretation_scraper] - 총 9574개 항목, 192 페이지를 확인했습니다.
2025-09-11 21:38:21,940 - INFO - [scripts.interpretation.logic.interpretation_scraper] - --- 페이지 처리 시작: 1 / 192 ---
2025-09-11 21:38:21,945 - INFO - [scripts.interpretation.logic.interpretation_scraper] - 현재 페이지에서 50개의 클릭 가능한 항목을 찾았습니다.
2025-09-11 21:38:21,946 - INFO - [scripts.interpretation.logic.interpretation_scraper] -   - [1/50] 항목 처리 중: javascript:cgmExpcView('28212', '350101');return false;
2025-09-11 21:38:21,958 - INFO - [scripts.interpretation.logic.interpretation_scraper] - 상세 정보 로딩 마스크 감지. 사라질 때까지 대기합니다.
2025-09-11 21:38:32,971 - INFO - [scripts.interpretation.logic.interpretation_scraper] -   - 저장 완료: 28212_06.1.1 이후 채용시 건강진단 비용의 산업안전보건관리비 사용가능 여부.jsonl
2025-09-11 21:38:33,576 - INFO - [scripts.interpretation.logic.interpretation_scraper] -   - [2/50] 항목 처리 중: javascript:cgmExpcView('314616', '350101');return false;
2025-09-11 21:38:33,606 - INFO - [scripts.interpretation.logic.interpretation_scraper] - 상세 정보 로딩 마스크 감지. 사라질 때까지 대기합니다.
2025-09-11 21:38:44,635 - INFO - [scripts.interpretation.logic.interpretation_scraper] -   - 저장 완료: 314616_‘06.5.18자로 직업안정법 제21조 위반으로 등록취소된 사업자의 딸이 다른 장소에 유료.jsonl
2025-09-11 21:38:45,685 - INFO - [scripts.interpretation.logic.interpretation_scraper] -   - [3/50] 항목 처리 중: javascript:cgmExpcView('279490', '350101');return false;
2025-09-11 21:38:45,705 - INFO - [scripts.interpretation.logic.interpretation_scraper] - 상세 정보 로딩 마스크 감지. 사라질 때까지 대기합니다.
