2025-09-19 22:54:22,671 - INFO - [scripts.adrule.logic.url_checker] - URL 유효성 검증 성공: https://www.law.go.kr/admRulAstSc.do?menuId=391&subMenuId=397&tabMenuId=441&cptOfiCd=1492000
2025-09-19 22:54:22,819 - INFO - [scripts.adrule.logic.list_scraper] - 스크레이핑을 시작합니다...
2025-09-19 22:54:23,140 - INFO - [scripts.adrule.logic.list_scraper] - 시작 페이지로 이동 중: https://www.law.go.kr/admRulAstSc.do?menuId=391&subMenuId=397&tabMenuId=441&cptOfiCd=1492000
2025-09-19 22:54:24,495 - INFO - [scripts.adrule.logic.list_scraper] - 총 9 페이지를 확인했습니다.
2025-09-19 22:54:24,495 - INFO - [scripts.adrule.logic.list_scraper] - --- 1 / 9 페이지 처리 중 ---
2025-09-19 22:54:24,759 - INFO - [scripts.adrule.logic.list_scraper] - 현재 페이지에서 50개의 링크를 발견, 50개를 최종 추가했습니다.
2025-09-19 22:54:24,759 - INFO - [scripts.adrule.logic.list_scraper] - --- 2 / 9 페이지 처리 중 ---
2025-09-19 22:54:24,764 - INFO - [scripts.adrule.logic.list_scraper] - 2 페이지로 이동합니다...
2025-09-19 22:54:24,768 - INFO - [scripts.adrule.logic.list_scraper] - 페이지 내용이 갱신되기를 대기합니다...
2025-09-19 22:54:25,142 - INFO - [scripts.adrule.logic.list_scraper] - 페이지 내용 갱신 확인 및 로딩 완료.
2025-09-19 22:54:25,419 - INFO - [scripts.adrule.logic.list_scraper] - 현재 페이지에서 50개의 링크를 발견, 50개를 최종 추가했습니다.
2025-09-19 22:54:25,420 - INFO - [scripts.adrule.logic.list_scraper] - --- 3 / 9 페이지 처리 중 ---
2025-09-19 22:54:25,422 - INFO - [scripts.adrule.logic.list_scraper] - 3 페이지로 이동합니다...
2025-09-19 22:54:25,426 - INFO - [scripts.adrule.logic.list_scraper] - 페이지 내용이 갱신되기를 대기합니다...
2025-09-19 22:54:25,795 - INFO - [scripts.adrule.logic.list_scraper] - 페이지 내용 갱신 확인 및 로딩 완료.
2025-09-19 22:54:26,060 - INFO - [scripts.adrule.logic.list_scraper] - 현재 페이지에서 50개의 링크를 발견, 50개를 최종 추가했습니다.
2025-09-19 22:54:26,060 - INFO - [scripts.adrule.logic.list_scraper] - --- 4 / 9 페이지 처리 중 ---
2025-09-19 22:54:26,062 - INFO - [scripts.adrule.logic.list_scraper] - 4 페이지로 이동합니다...
2025-09-19 22:54:26,066 - INFO - [scripts.adrule.logic.list_scraper] - 페이지 내용이 갱신되기를 대기합니다...
2025-09-19 22:54:26,436 - INFO - [scripts.adrule.logic.list_scraper] - 페이지 내용 갱신 확인 및 로딩 완료.
2025-09-19 22:54:26,695 - INFO - [scripts.adrule.logic.list_scraper] - 현재 페이지에서 50개의 링크를 발견, 50개를 최종 추가했습니다.
2025-09-19 22:54:26,695 - INFO - [scripts.adrule.logic.list_scraper] - --- 5 / 9 페이지 처리 중 ---
2025-09-19 22:54:26,698 - INFO - [scripts.adrule.logic.list_scraper] - 5 페이지로 이동합니다...
2025-09-19 22:54:26,701 - INFO - [scripts.adrule.logic.list_scraper] - 페이지 내용이 갱신되기를 대기합니다...
2025-09-19 22:54:27,069 - INFO - [scripts.adrule.logic.list_scraper] - 페이지 내용 갱신 확인 및 로딩 완료.
2025-09-19 22:54:27,311 - INFO - [scripts.adrule.logic.list_scraper] - 현재 페이지에서 50개의 링크를 발견, 50개를 최종 추가했습니다.
2025-09-19 22:54:27,311 - INFO - [scripts.adrule.logic.list_scraper] - --- 6 / 9 페이지 처리 중 ---
2025-09-19 22:54:27,315 - INFO - [scripts.adrule.logic.list_scraper] - 6 페이지로 이동합니다...
2025-09-19 22:54:27,318 - INFO - [scripts.adrule.logic.list_scraper] - 페이지 내용이 갱신되기를 대기합니다...
2025-09-19 22:54:27,690 - INFO - [scripts.adrule.logic.list_scraper] - 페이지 내용 갱신 확인 및 로딩 완료.
2025-09-19 22:54:27,941 - INFO - [scripts.adrule.logic.list_scraper] - 현재 페이지에서 50개의 링크를 발견, 50개를 최종 추가했습니다.
2025-09-19 22:54:27,941 - INFO - [scripts.adrule.logic.list_scraper] - --- 7 / 9 페이지 처리 중 ---
2025-09-19 22:54:27,943 - INFO - [scripts.adrule.logic.list_scraper] - 7 페이지로 이동합니다...
2025-09-19 22:54:27,946 - INFO - [scripts.adrule.logic.list_scraper] - 페이지 내용이 갱신되기를 대기합니다...
2025-09-19 22:54:28,079 - INFO - [scripts.adrule.logic.list_scraper] - 페이지 내용 갱신 확인 및 로딩 완료.
2025-09-19 22:54:28,301 - INFO - [scripts.adrule.logic.list_scraper] - 현재 페이지에서 50개의 링크를 발견, 50개를 최종 추가했습니다.
2025-09-19 22:54:28,301 - INFO - [scripts.adrule.logic.list_scraper] - --- 8 / 9 페이지 처리 중 ---
2025-09-19 22:54:28,304 - INFO - [scripts.adrule.logic.list_scraper] - 8 페이지로 이동합니다...
2025-09-19 22:54:28,307 - INFO - [scripts.adrule.logic.list_scraper] - 페이지 내용이 갱신되기를 대기합니다...
2025-09-19 22:54:28,675 - INFO - [scripts.adrule.logic.list_scraper] - 페이지 내용 갱신 확인 및 로딩 완료.
2025-09-19 22:54:28,924 - INFO - [scripts.adrule.logic.list_scraper] - 현재 페이지에서 50개의 링크를 발견, 50개를 최종 추가했습니다.
2025-09-19 22:54:28,924 - INFO - [scripts.adrule.logic.list_scraper] - --- 9 / 9 페이지 처리 중 ---
2025-09-19 22:54:28,927 - INFO - [scripts.adrule.logic.list_scraper] - 9 페이지로 이동합니다...
2025-09-19 22:54:28,930 - INFO - [scripts.adrule.logic.list_scraper] - 페이지 내용이 갱신되기를 대기합니다...
2025-09-19 22:54:29,040 - INFO - [scripts.adrule.logic.list_scraper] - 페이지 내용 갱신 확인 및 로딩 완료.
2025-09-19 22:54:29,136 - INFO - [scripts.adrule.logic.list_scraper] - 현재 페이지에서 19개의 링크를 발견, 19개를 최종 추가했습니다.
2025-09-19 22:54:29,136 - INFO - [scripts.adrule.logic.list_scraper] - 브라우저를 닫습니다.
2025-09-19 22:54:29,167 - INFO - [scripts.adrule.logic.list_scraper] - 스크레이핑 완료. 총 419개의 URL을 수집했습니다.
2025-09-19 22:54:29,169 - INFO - [__main__] - 총 419개의 URL을 './bin/../data/raw/adrule/1492000/urls.jsonl' 파일에 저장했습니다.
2025-09-19 22:54:29,842 - INFO - [__main__] - 상세 페이지 스크레이퍼 실행: https://www.law.go.kr/admRulInfoP.do?admRulSeq=2100000252102
