2025-09-09 00:09:51,328 - INFO - [scripts.interpretation.logic.list_scraper] - 목록 페이지로 이동 중: https://www.law.go.kr/cgmExpcSc.do?menuId=11&subMenuId=729&tabMenuId=773
2025-09-09 00:09:52,852 - INFO - [scripts.interpretation.logic.list_scraper] - 상세검색 패널을 엽니다.
2025-09-09 00:09:52,883 - INFO - [scripts.interpretation.logic.list_scraper] - 소관부처를 코드로 선택합니다: 350101
2025-09-09 00:09:52,897 - INFO - [scripts.interpretation.logic.list_scraper] - 검색 버튼을 클릭하여 필터를 적용합니다.
2025-09-09 00:09:52,907 - INFO - [scripts.interpretation.logic.list_scraper] - 필터가 적용된 페이지 로딩을 기다립니다...
2025-09-09 00:09:53,282 - INFO - [scripts.interpretation.logic.list_scraper] - 필터 적용이 완료되었습니다.
2025-09-09 00:09:53,287 - INFO - [scripts.interpretation.logic.list_scraper] - 총 9574개 항목, 192 페이지를 확인했습니다.
2025-09-09 00:09:53,287 - INFO - [scripts.interpretation.logic.list_scraper] - 사용자 설정에 따라 최대 1 페이지만 크롤링합니다.
2025-09-09 00:09:53,287 - INFO - [scripts.interpretation.logic.list_scraper] - --- 1 / 1 페이지 처리 중 ---
2025-09-09 00:09:53,327 - INFO - [scripts.interpretation.logic.list_scraper] -   - 발견: 06.1.1 이후 채용시 건강진단 비용의 산업안전보건관리비 사용가능 여부 [고용노동부 산업안전팀-1961, 2005.12.28.]
2025-09-09 00:09:53,331 - INFO - [scripts.interpretation.logic.list_scraper] -   - 발견: ‘06.5.18자로 직업안정법 제21조 위반으로 등록취소된 사업자의 딸이 다른 장소에 유료직업소개등록신청시 신규등록을 받아주어야 하는 지 여부 [고용노동부 고용서비스혁신단-4297, 2006.07.20.]
2025-09-09 00:09:53,336 - INFO - [scripts.interpretation.logic.list_scraper] -   - 발견: 100분의 80이상 이수후 취업자에 대한 훈련수당 지급여부 [고용노동부 인자 68500-102, 2003.03.04.]
2025-09-09 00:09:53,341 - INFO - [scripts.interpretation.logic.list_scraper] -   - 발견: 100억원 이상 하도급 계약 안전관리자 선임 [고용노동부 산업안전과-5978, 2020.12.28.]
2025-09-09 00:09:53,345 - INFO - [scripts.interpretation.logic.list_scraper] -   - 발견: 10인 미만 사업장 취업규칙의 효력 등 관련 행정해석 변경 [고용노동부 근로기준팀-2046, 2005.12.28.]
2025-09-09 00:09:53,349 - INFO - [scripts.interpretation.logic.list_scraper] -   - 발견: 10인 미만의 사업장에서 취업규칙을 불이익하게 변경하는 경우에도 근로자의 집단적 동의를 얻어야 하는지 [고용노동부 근기 68207-1980, 2001.06.19.]
2025-09-09 00:09:53,352 - INFO - [scripts.interpretation.logic.list_scraper] -   - 발견: 10. 표창과 제재에 관한 사항11. 기타 당해 사업 또는 사업장의 근로자 전체에 적용될 사항 요점지역의료보험조합운영규정이 취업규칙에 해당하는지 여부 [고용노동부 근기 68207-1886, 1995.11.21.]
2025-09-09 00:09:53,355 - INFO - [scripts.interpretation.logic.list_scraper] -   - 발견: 114안내 재택근무요원이 근로자인지 여부 [고용노동부 근기 68207-1940, 2000.06.27.]
2025-09-09 00:09:53,359 - INFO - [scripts.interpretation.logic.list_scraper] -   - 발견: 119안전센터장이 업무총괄자에 해당하는지 여부 [고용노동부 공무원노사관계과－1959, 2021.08.31.]
2025-09-09 00:09:53,363 - INFO - [scripts.interpretation.logic.list_scraper] -   - 발견: 120억원 미만 2개 현장 안전관리자 중복 배치여부 [고용노동부 산안(건안) 68307-10588, 2001.12.04.]
2025-09-09 00:09:53,365 - INFO - [scripts.interpretation.logic.list_scraper] -   - 발견: 120억원 미만 2개현장 안전관리자 중복 배치여부 [고용노동부 산안건안) 68307-10588, 2001.12.04.]
2025-09-09 00:09:53,369 - INFO - [scripts.interpretation.logic.list_scraper] -   - 발견: 154KV관련 공사의 공사종류 등에 대한 회시 [고용노동부 산업안전팀-2687, 2007.05.29.]
2025-09-09 00:09:53,373 - INFO - [scripts.interpretation.logic.list_scraper] -   - 발견: ’18년 아동복지교사 지원사업을 위한 근로자 채용에 따른 질의 [고용노동부 고용차별개선과-3165, 2017.12.29.]
2025-09-09 00:09:53,376 - INFO - [scripts.interpretation.logic.list_scraper] -   - 발견: 1992.7월부터 1996.6월까지 약 4년간 법인체 직업안내소 대표이사로 근무한 경력이 있어, 다른 직업안내소에 상담직원으로 취업을 하고자 하는데 대표이사로 근무한 경력을 상담업무에 종사한 경력으로 인정할 수 있는 여부 [고용노동부 고관 68440-440, 1996.08.01.]
2025-09-09 00:09:53,379 - INFO - [scripts.interpretation.logic.list_scraper] -   - 발견: 1m 이상 계단폭에서 제외되는 급유용 . 보수용 . 비상용 계단의 의미 [고용노동부 산안 68320-96, 2001.02.20.]
2025-09-09 00:09:53,383 - INFO - [scripts.interpretation.logic.list_scraper] -   - 발견: 1개 병원은 노동조합의 대표자가 근로자대표로, 1개 병원은 자체 선출된 사람이 각각 산업안전보건위원회 근로자 대표로 되어 있을 경우 노동조합 대표자가 다른 사업장의 근로자위원 교체를 요구할 수 있는지 여부 등 [고용노동부 산재예방정책과-331, 2012.01.18.]
2025-09-09 00:09:53,387 - INFO - [scripts.interpretation.logic.list_scraper] -   - 발견: 1개월을 초과하는 주기로 지급하는 임금을 총액의 변동 없이 매월지급하는 것으로 취업규칙을 변경할 때 유효 요건 [고용노동부 근로기준정책과-5546, 2019.11.04.]
2025-09-09 00:09:53,390 - INFO - [scripts.interpretation.logic.list_scraper] -   - 발견: 1개회사에 2개의 기금설립 가능여부 [고용노동부 임금 32240-446, 1992.06.11.]
2025-09-09 00:09:53,394 - INFO - [scripts.interpretation.logic.list_scraper] -   - 발견: 1년간 8할미만 출근자 연차유급휴가 사용촉진의 대상 여부 [고용노동부 근로기준정책과-3084, 2015.07.13.]
2025-09-09 00:09:53,397 - INFO - [scripts.interpretation.logic.list_scraper] -   - 발견: 1년간 근속한 근로자가 연차유급휴가를 청구할 수 있는지 여부 [고용노동부 근기 68207-2140, 2000.07.18.]
2025-09-09 00:09:53,400 - INFO - [scripts.interpretation.logic.list_scraper] -   - 발견: 1년간의 연장·야간·휴일근로시간을 계산하여 다음연도에 선택적 보상휴가를 부여하고 미사용분에 대하여 그 다음연도에 금전보상하는 내용의 노사합의가 유효한지 [고용노동부 근로기준과-779, 2005.02.14.]
2025-09-09 00:09:53,404 - INFO - [scripts.interpretation.logic.list_scraper] -   - 발견: 1 년간 정년연장하는 조합원의 자격유지 여부 [고용노동부 퇴직연금복지과-795, 2008.12.29.]
2025-09-09 00:09:53,407 - INFO - [scripts.interpretation.logic.list_scraper] -   - 발견: 1년간 정년연장하는 조합원의 자격유지 여부 [고용노동부 퇴직연금복지과-795, 2008.12.29.]
2025-09-09 00:09:53,410 - INFO - [scripts.interpretation.logic.list_scraper] -   - 발견: 1년간 지급받은 상여금을 평균임금 대상금품에 산입하는 방법 [고용노동부 임금 68207-120, 2003.02.24.]
2025-09-09 00:09:53,414 - INFO - [scripts.interpretation.logic.list_scraper] -   - 발견: 1년간 지급받은 상여금을 평균임금 대상금품에 산입하는 방법 [고용노동부 임금 68207-120, 2003.02.24.]
2025-09-09 00:09:53,422 - INFO - [scripts.interpretation.logic.list_scraper] -   - 발견: 1년 단위로 기간제노동자 채용 시 계속근로기간 등 [고용노동부 고용차별개선과-2530, 2017.11.01.]
2025-09-09 00:09:53,426 - INFO - [scripts.interpretation.logic.list_scraper] -   - 발견: 1년 동안 단체협약을 체결하지 못하였으나 다른 노동조합의 교섭요구가 없는 경우 교섭대표노동조합의 지위 유지 여부 [고용노동부 노사관계법제과-2344, 2013.09.05.]
2025-09-09 00:09:53,430 - INFO - [scripts.interpretation.logic.list_scraper] -   - 발견: 1년 미만 근로자의 재계약에 따른 계속근로 인정여부 및 퇴직금 산정방법 [고용노동부 근기 68207-2037, 2000.07.05.]
2025-09-09 00:09:53,432 - INFO - [scripts.interpretation.logic.list_scraper] -   - 발견: 1년미만 근무자에게 지급한 퇴직금의 환수 여부 [고용노동부 임금 68207-303, 2002.04.26.]
2025-09-09 00:09:53,435 - INFO - [scripts.interpretation.logic.list_scraper] -   - 발견: 1년 미만 근무한 근로자가 연차유급휴가를 사용하지 않고 퇴사한 경우 연차유급휴가 미사용수당을 지급하여야 하는지 [고용노동부 임금근로시간정책팀-119, 2007.01.09.]
2025-09-09 00:09:53,439 - INFO - [scripts.interpretation.logic.list_scraper] -   - 발견: 1년 미만 단기계약근로자에 대한 휴일.휴가제도의 적용방법 [고용노동부 근로기준과-1186, 2005.03.03.]
2025-09-09 00:09:53,443 - INFO - [scripts.interpretation.logic.list_scraper] -   - 발견: 1년미만의 근로계약을 반복적으로 체결할 경우 기간의 정함이 없는 계약으로 전환되는지 여부 [고용노동부 근기 68207-695, 1999.11.23.]
2025-09-09 00:09:53,446 - INFO - [scripts.interpretation.logic.list_scraper] -   - 발견: 1년 미만자의 연차휴가 사용촉진 [고용노동부]
2025-09-09 00:09:53,450 - INFO - [scripts.interpretation.logic.list_scraper] -   - 발견: 1년 미만자의 연차휴가 사용촉진 [고용노동부]
2025-09-09 00:09:53,455 - INFO - [scripts.interpretation.logic.list_scraper] -   - 발견: 1년을 초과하는 근로계약의 위법 여부, 기간의 정함이 있는 계약이 반복되는 경우의 효력 [고용노동부 근기 68207 - 894, 1997.07.08.]
2025-09-09 00:09:53,458 - INFO - [scripts.interpretation.logic.list_scraper] -   - 발견: 1년을 초과하는 근로계약의 위법여부, 기간이 정함이 있는 계약이 반복되는 경우의 효력 [고용노동부 근기 68207-894, 1997.07.08.]
2025-09-09 00:09:53,462 - INFO - [scripts.interpretation.logic.list_scraper] -   - 발견: 1명의 근로자가 2 이상의 사업(장) 근로자가 될 수 있는지 [고용노동부 근로기준과-2948, 2005.06.01.]
2025-09-09 00:09:53,466 - INFO - [scripts.interpretation.logic.list_scraper] -   - 발견: 1사 2노조 사업장의 근로자위원 선출방법 [고용노동부 노사협력정책과-3797, 2009.10.22.]
2025-09-09 00:09:53,469 - INFO - [scripts.interpretation.logic.list_scraper] -   - 발견: 1사 다수노조로 단협 만료일이 서로 다를 경우 면제 한도 배분방법 [고용노동부 노사관계법제과-739, 2010.09.10.]
2025-09-09 00:09:53,473 - INFO - [scripts.interpretation.logic.list_scraper] -   - 발견: 1월단위의 탄력적근로시간제 도입시 그 단위기간이 반드시 2주이상 1월이내이어야 하는지 [고용노동부 근기 68207-1542, 2001.05.12.]
2025-09-09 00:09:53,476 - INFO - [scripts.interpretation.logic.list_scraper] -   - 발견: 1월단위의 탄력적근로시간제 도입 시 그 단위기간이 반드시 2주 이상 1월 이내이어야 하는지 [고용노동부 근기 68207-1542, 2001.05.12.]
2025-09-09 00:09:53,479 - INFO - [scripts.interpretation.logic.list_scraper] -   - 발견: 1인이 수개의 동일한 사업자등록을 하고 사업을 운영하는 경우 1개의 사업 또는 사업장으로 볼 수 있는지 여부 [고용노동부 근기 68207-685, 1999.11.22.]
2025-09-09 00:09:53,483 - INFO - [scripts.interpretation.logic.list_scraper] -   - 발견: 1일 10시간씩 주5일 근무하는 회사에서 유급휴일인 토요일과 일요일에 15시간씩 근로케 할 경우 근기법 제52조의 연장근로 해당여부 및 근기법 위반 여부 [고용노동부 근기 68207-3125, 2002.10.28.]
2025-09-09 00:09:53,486 - INFO - [scripts.interpretation.logic.list_scraper] -   - 발견: 1일 소정근로시간수의 일부만 근로제공을 한 경우 주휴를 부여할 수 있는지 여부 [고용노동부 근기 68207 - 270, 1997.03.04.]
2025-09-09 00:09:53,489 - INFO - [scripts.interpretation.logic.list_scraper] -   - 발견: 1일 소정근로시간을 초과한 근로시간면제 활동의 유급처리여부 [고용노동부 노사관계법제과-406, 2010.08.06.]
2025-09-09 00:09:53,493 - INFO - [scripts.interpretation.logic.list_scraper] -   - 발견: 1일 소정근로시간 초과한 근로시간면제 활동의 유급처리여부 [고용노동부 노사관계법제과-406, 2010.08.06.]
2025-09-09 00:09:53,497 - INFO - [scripts.interpretation.logic.list_scraper] -   - 발견: 1일 안전교육 참가시 당일 임금을 교육비로 지급여부 [고용노동부 산안건안) 68307-10488, 2002.11.09.]
2025-09-09 00:09:53,500 - INFO - [scripts.interpretation.logic.list_scraper] -   - 발견: 1주간 소정근로시간이 39시간일 때 개정 근로기준법상 단시간근로자인지 여부 [고용노동부 근로기준과-3789, 2004.07.23.]
2025-09-09 00:09:53,503 - INFO - [scripts.interpretation.logic.list_scraper] -   - 발견: 1주간 주중 근로와 주말 근로의 근로시간이 다른 경우 감시·단속적 근로 종사자에 대한 적용제외 승인 여부 [고용노동부 근로기준정책과-8680, 2018.12.28.]
2025-09-09 00:09:53,506 - INFO - [scripts.interpretation.logic.list_scraper] -   - 발견: 1주일간의 지각 또는 조퇴시간을 합산하여 8시간이 되면 1일 결근으로 간주하여 유급휴일수당을 지급하지 않아도 되는지 [고용노동부 근로기준과-5560, 2009.12.23.]
2025-09-09 00:09:53,532 - INFO - [__main__] - 총 50개의 URL을 'data/raw/interpretation/1492000/urls.jsonl' 파일에 저장했습니다.
